Component: ARM Compiler 5.06 update 7 (build 960) Tool: armlink [4d3601]

==============================================================================

Section Cross References

    system_stm32f10x.o(i.SetSysClock) refers to system_stm32f10x.o(i.SetSysClockTo72) for SetSysClockTo72
    system_stm32f10x.o(i.SystemCoreClockUpdate) refers to system_stm32f10x.o(.data) for SystemCoreClock
    system_stm32f10x.o(i.SystemInit) refers to system_stm32f10x.o(i.SetSysClock) for SetSysClock
    stm32f10x_adc.o(i.ADC_DeInit) refers to stm32f10x_rcc.o(i.RCC_APB2PeriphResetCmd) for RCC_APB2PeriphResetCmd
    stm32f10x_bkp.o(i.BKP_DeInit) refers to stm32f10x_rcc.o(i.RCC_BackupResetCmd) for RCC_BackupResetCmd
    stm32f10x_can.o(i.CAN_DeInit) refers to stm32f10x_rcc.o(i.RCC_APB1PeriphResetCmd) for RCC_APB1PeriphResetCmd
    stm32f10x_can.o(i.CAN_GetITStatus) refers to stm32f10x_can.o(i.CheckITStatus) for CheckITStatus
    stm32f10x_cec.o(i.CEC_DeInit) refers to stm32f10x_rcc.o(i.RCC_APB1PeriphResetCmd) for RCC_APB1PeriphResetCmd
    stm32f10x_dac.o(i.DAC_DeInit) refers to stm32f10x_rcc.o(i.RCC_APB1PeriphResetCmd) for RCC_APB1PeriphResetCmd
    stm32f10x_flash.o(i.FLASH_EnableWriteProtection) refers to stm32f10x_flash.o(i.FLASH_WaitForLastOperation) for FLASH_WaitForLastOperation
    stm32f10x_flash.o(i.FLASH_EraseAllBank1Pages) refers to stm32f10x_flash.o(i.FLASH_WaitForLastBank1Operation) for FLASH_WaitForLastBank1Operation
    stm32f10x_flash.o(i.FLASH_EraseAllPages) refers to stm32f10x_flash.o(i.FLASH_WaitForLastOperation) for FLASH_WaitForLastOperation
    stm32f10x_flash.o(i.FLASH_EraseOptionBytes) refers to stm32f10x_flash.o(i.FLASH_GetReadOutProtectionStatus) for FLASH_GetReadOutProtectionStatus
    stm32f10x_flash.o(i.FLASH_EraseOptionBytes) refers to stm32f10x_flash.o(i.FLASH_WaitForLastOperation) for FLASH_WaitForLastOperation
    stm32f10x_flash.o(i.FLASH_ErasePage) refers to stm32f10x_flash.o(i.FLASH_WaitForLastOperation) for FLASH_WaitForLastOperation
    stm32f10x_flash.o(i.FLASH_ProgramHalfWord) refers to stm32f10x_flash.o(i.FLASH_WaitForLastOperation) for FLASH_WaitForLastOperation
    stm32f10x_flash.o(i.FLASH_ProgramOptionByteData) refers to stm32f10x_flash.o(i.FLASH_WaitForLastOperation) for FLASH_WaitForLastOperation
    stm32f10x_flash.o(i.FLASH_ProgramWord) refers to stm32f10x_flash.o(i.FLASH_WaitForLastOperation) for FLASH_WaitForLastOperation
    stm32f10x_flash.o(i.FLASH_ReadOutProtection) refers to stm32f10x_flash.o(i.FLASH_WaitForLastOperation) for FLASH_WaitForLastOperation
    stm32f10x_flash.o(i.FLASH_UserOptionByteConfig) refers to stm32f10x_flash.o(i.FLASH_WaitForLastOperation) for FLASH_WaitForLastOperation
    stm32f10x_flash.o(i.FLASH_WaitForLastBank1Operation) refers to stm32f10x_flash.o(i.FLASH_GetBank1Status) for FLASH_GetBank1Status
    stm32f10x_flash.o(i.FLASH_WaitForLastOperation) refers to stm32f10x_flash.o(i.FLASH_GetBank1Status) for FLASH_GetBank1Status
    stm32f10x_gpio.o(i.GPIO_AFIODeInit) refers to stm32f10x_rcc.o(i.RCC_APB2PeriphResetCmd) for RCC_APB2PeriphResetCmd
    stm32f10x_gpio.o(i.GPIO_DeInit) refers to stm32f10x_rcc.o(i.RCC_APB2PeriphResetCmd) for RCC_APB2PeriphResetCmd
    stm32f10x_i2c.o(i.I2C_DeInit) refers to stm32f10x_rcc.o(i.RCC_APB1PeriphResetCmd) for RCC_APB1PeriphResetCmd
    stm32f10x_i2c.o(i.I2C_Init) refers to stm32f10x_rcc.o(i.RCC_GetClocksFreq) for RCC_GetClocksFreq
    stm32f10x_pwr.o(i.PWR_DeInit) refers to stm32f10x_rcc.o(i.RCC_APB1PeriphResetCmd) for RCC_APB1PeriphResetCmd
    stm32f10x_rcc.o(i.RCC_GetClocksFreq) refers to stm32f10x_rcc.o(.data) for APBAHBPrescTable
    stm32f10x_rcc.o(i.RCC_WaitForHSEStartUp) refers to stm32f10x_rcc.o(i.RCC_GetFlagStatus) for RCC_GetFlagStatus
    stm32f10x_rtc.o(i.RTC_SetAlarm) refers to stm32f10x_rtc.o(i.RTC_EnterConfigMode) for RTC_EnterConfigMode
    stm32f10x_rtc.o(i.RTC_SetAlarm) refers to stm32f10x_rtc.o(i.RTC_ExitConfigMode) for RTC_ExitConfigMode
    stm32f10x_rtc.o(i.RTC_SetCounter) refers to stm32f10x_rtc.o(i.RTC_EnterConfigMode) for RTC_EnterConfigMode
    stm32f10x_rtc.o(i.RTC_SetCounter) refers to stm32f10x_rtc.o(i.RTC_ExitConfigMode) for RTC_ExitConfigMode
    stm32f10x_rtc.o(i.RTC_SetPrescaler) refers to stm32f10x_rtc.o(i.RTC_EnterConfigMode) for RTC_EnterConfigMode
    stm32f10x_rtc.o(i.RTC_SetPrescaler) refers to stm32f10x_rtc.o(i.RTC_ExitConfigMode) for RTC_ExitConfigMode
    stm32f10x_tim.o(i.TIM_DeInit) refers to stm32f10x_rcc.o(i.RCC_APB2PeriphResetCmd) for RCC_APB2PeriphResetCmd
    stm32f10x_tim.o(i.TIM_DeInit) refers to stm32f10x_rcc.o(i.RCC_APB1PeriphResetCmd) for RCC_APB1PeriphResetCmd
    stm32f10x_tim.o(i.TIM_ETRClockMode1Config) refers to stm32f10x_tim.o(i.TIM_ETRConfig) for TIM_ETRConfig
    stm32f10x_tim.o(i.TIM_ETRClockMode2Config) refers to stm32f10x_tim.o(i.TIM_ETRConfig) for TIM_ETRConfig
    stm32f10x_tim.o(i.TIM_ICInit) refers to stm32f10x_tim.o(i.TI1_Config) for TI1_Config
[...]
    Removing stm32f10x_tim.o(i.TIM_OC3NPolarityConfig), (26 bytes).
    Removing stm32f10x_tim.o(i.TIM_OC3PolarityConfig), (26 bytes).
    Removing stm32f10x_tim.o(i.TIM_OC4FastConfig), (26 bytes).
    Removing stm32f10x_tim.o(i.TIM_OC4PolarityConfig), (26 bytes).
    Removing stm32f10x_tim.o(i.TIM_OCStructInit), (20 bytes).
    Removing stm32f10x_tim.o(i.TIM_PWMIConfig), (124 bytes).
    Removing stm32f10x_tim.o(i.TIM_PrescalerConfig), (6 bytes).
    Removing stm32f10x_tim.o(i.TIM_SelectCCDMA), (24 bytes).
    Removing stm32f10x_tim.o(i.TIM_SelectCOM), (24 bytes).
    Removing stm32f10x_tim.o(i.TIM_SelectHallSensor), (24 bytes).
    Removing stm32f10x_tim.o(i.TIM_SelectInputTrigger), (18 bytes).
    Removing stm32f10x_tim.o(i.TIM_SelectMasterSlaveMode), (18 bytes).
    Removing stm32f10x_tim.o(i.TIM_SelectOCxM), (82 bytes).
    Removing stm32f10x_tim.o(i.TIM_SelectOnePulseMode), (18 bytes).
    Removing stm32f10x_tim.o(i.TIM_SelectOutputTrigger), (18 bytes).
    Removing stm32f10x_tim.o(i.TIM_SelectSlaveMode), (18 bytes).
    Removing stm32f10x_tim.o(i.TIM_SetAutoreload), (4 bytes).
    Removing stm32f10x_tim.o(i.TIM_SetClockDivision), (18 bytes).
    Removing stm32f10x_tim.o(i.TIM_TIxExternalClockConfig), (62 bytes).
    Removing stm32f10x_tim.o(i.TIM_UpdateDisableConfig), (24 bytes).
    Removing stm32f10x_tim.o(i.TIM_UpdateRequestConfig), (24 bytes).
    Removing stm32f10x_sdio.o(i.SDIO_CEATAITCmd), (16 bytes).
    Removing stm32f10x_sdio.o(i.SDIO_ClearFlag), (12 bytes).
    Removing stm32f10x_sdio.o(i.SDIO_ClearITPendingBit), (12 bytes).
    Removing stm32f10x_sdio.o(i.SDIO_ClockCmd), (12 bytes).
    Removing stm32f10x_sdio.o(i.SDIO_CmdStructInit), (14 bytes).
    Removing stm32f10x_sdio.o(i.SDIO_CommandCompletionCmd), (12 bytes).
    Removing stm32f10x_sdio.o(i.SDIO_DMACmd), (12 bytes).
    Removing stm32f10x_sdio.o(i.SDIO_DataConfig), (48 bytes).
    Removing stm32f10x_sdio.o(i.SDIO_DataStructInit), (20 bytes).
    Removing stm32f10x_sdio.o(i.SDIO_DeInit), (36 bytes).
    Removing stm32f10x_sdio.o(i.SDIO_GetCommandResponse), (12 bytes).
    Removing stm32f10x_sdio.o(i.SDIO_GetDataCounter), (12 bytes).
    Removing stm32f10x_sdio.o(i.SDIO_GetFIFOCount), (12 bytes).
    Removing stm32f10x_sdio.o(i.SDIO_GetFlagStatus), (24 bytes).
    Removing stm32f10x_sdio.o(i.SDIO_GetITStatus), (24 bytes).
    Removing stm32f10x_sdio.o(i.SDIO_GetPowerState), (16 bytes).
    Removing stm32f10x_sdio.o(i.SDIO_GetResponse), (24 bytes).
    Removing stm32f10x_sdio.o(i.SDIO_ITConfig), (32 bytes).
    Removing stm32f10x_sdio.o(i.SDIO_Init), (48 bytes).
    Removing stm32f10x_sdio.o(i.SDIO_ReadData), (12 bytes).
    Removing stm32f10x_sdio.o(i.SDIO_SendCEATACmd), (12 bytes).
    Removing stm32f10x_sdio.o(i.SDIO_SendCommand), (44 bytes).
    Removing stm32f10x_sdio.o(i.SDIO_SendSDIOSuspendCmd), (12 bytes).
    Removing stm32f10x_sdio.o(i.SDIO_SetPowerState), (28 bytes).
    Removing stm32f10x_sdio.o(i.SDIO_SetSDIOOperation), (12 bytes).
    Removing stm32f10x_sdio.o(i.SDIO_SetSDIOReadWaitMode), (12 bytes).
    Removing stm32f10x_sdio.o(i.SDIO_StartSDIOReadWait), (12 bytes).
    Removing stm32f10x_sdio.o(i.SDIO_StopSDIOReadWait), (12 bytes).
    Removing stm32f10x_sdio.o(i.SDIO_StructInit), (16 bytes).
    Removing stm32f10x_sdio.o(i.SDIO_WriteData), (12 bytes).
    Removing stm32f10x_spi.o(i.I2S_Cmd), (24 bytes).
    Removing stm32f10x_spi.o(i.I2S_Init), (232 bytes).
    Removing stm32f10x_spi.o(i.I2S_StructInit), (20 bytes).
    Removing stm32f10x_spi.o(i.SPI_BiDirectionalLineConfig), (28 bytes).
    Removing stm32f10x_spi.o(i.SPI_CalculateCRC), (24 bytes).
    Removing stm32f10x_spi.o(i.SPI_Cmd), (24 bytes).
    Removing stm32f10x_spi.o(i.SPI_DataSizeConfig), (18 bytes).
    Removing stm32f10x_spi.o(i.SPI_GetCRC), (16 bytes).
    Removing stm32f10x_spi.o(i.SPI_GetCRCPolynomial), (6 bytes).
    Removing stm32f10x_spi.o(i.SPI_I2S_ClearFlag), (6 bytes).
    Removing stm32f10x_spi.o(i.SPI_I2S_ClearITPendingBit), (20 bytes).
    Removing stm32f10x_spi.o(i.SPI_I2S_DMACmd), (18 bytes).
    Removing stm32f10x_spi.o(i.SPI_I2S_DeInit), (88 bytes).
    Removing stm32f10x_spi.o(i.SPI_I2S_GetFlagStatus), (18 bytes).
    Removing stm32f10x_spi.o(i.SPI_I2S_GetITStatus), (52 bytes).
    Removing stm32f10x_spi.o(i.SPI_I2S_ITConfig), (32 bytes).
    Removing stm32f10x_spi.o(i.SPI_I2S_ReceiveData), (6 bytes).
    Removing stm32f10x_spi.o(i.SPI_I2S_SendData), (4 bytes).
    Removing stm32f10x_spi.o(i.SPI_Init), (60 bytes).
    Removing stm32f10x_spi.o(i.SPI_NSSInternalSoftwareConfig), (30 bytes).
    Removing stm32f10x_spi.o(i.SPI_SSOutputCmd), (24 bytes).
    Removing stm32f10x_spi.o(i.SPI_StructInit), (24 bytes).
    Removing stm32f10x_spi.o(i.SPI_TransmitCRC), (10 bytes).
    Removing stm32f10x_usart.o(i.USART_ClearFlag), (18 bytes).
    Removing stm32f10x_usart.o(i.USART_ClockInit), (34 bytes).
    Removing stm32f10x_usart.o(i.USART_ClockStructInit), (12 bytes).
    Removing stm32f10x_usart.o(i.USART_DMACmd), (18 bytes).
    Removing stm32f10x_usart.o(i.USART_DeInit), (156 bytes).
    Removing stm32f10x_usart.o(i.USART_HalfDuplexCmd), (24 bytes).
    Removing stm32f10x_usart.o(i.USART_IrDACmd), (24 bytes).
    Removing stm32f10x_usart.o(i.USART_IrDAConfig), (18 bytes).
    Removing stm32f10x_usart.o(i.USART_LINBreakDetectLengthConfig), (18 bytes).
    Removing stm32f10x_usart.o(i.USART_LINCmd), (24 bytes).
    Removing stm32f10x_usart.o(i.USART_OneBitMethodCmd), (24 bytes).
    Removing stm32f10x_usart.o(i.USART_OverSampling8Cmd), (22 bytes).
    Removing stm32f10x_usart.o(i.USART_ReceiverWakeUpCmd), (24 bytes).
    Removing stm32f10x_usart.o(i.USART_SendBreak), (10 bytes).
    Removing stm32f10x_usart.o(i.USART_SetAddress), (18 bytes).
    Removing stm32f10x_usart.o(i.USART_SetGuardTime), (16 bytes).
    Removing stm32f10x_usart.o(i.USART_SetPrescaler), (16 bytes).
    Removing stm32f10x_usart.o(i.USART_SmartCardCmd), (24 bytes).
    Removing stm32f10x_usart.o(i.USART_SmartCardNACKCmd), (24 bytes).
    Removing stm32f10x_usart.o(i.USART_StructInit), (24 bytes).
    Removing stm32f10x_usart.o(i.USART_WakeUpConfig), (18 bytes).
    Removing stm32f10x_wwdg.o(i.WWDG_ClearFlag), (12 bytes).
    Removing stm32f10x_wwdg.o(i.WWDG_DeInit), (22 bytes).
    Removing stm32f10x_wwdg.o(i.WWDG_Enable), (16 bytes).
    Removing stm32f10x_wwdg.o(i.WWDG_EnableIT), (12 bytes).
    Removing stm32f10x_wwdg.o(i.WWDG_GetFlagStatus), (12 bytes).
    Removing stm32f10x_wwdg.o(i.WWDG_SetCounter), (16 bytes).
    Removing stm32f10x_wwdg.o(i.WWDG_SetPrescaler), (24 bytes).
    Removing stm32f10x_wwdg.o(i.WWDG_SetWindowValue), (40 bytes).
    Removing startup_stm32f10x_md.o(HEAP), (512 bytes).
    Removing delay.o(i.delay_s), (26 bytes).
    Removing flash.o(i.FLASH_R), (6 bytes).
    Removing flash.o(i.FLASH_W), (42 bytes).
    Removing i2c.o(i.I2C_Configuration), (72 bytes).
    Removing i2c.o(i.I2C_GPIO_Init), (52 bytes).
    Removing i2c.o(i.I2C_READ_BUFFER), (232 bytes).
    Removing i2c.o(i.I2C_READ_BYTE), (188 bytes).
    Removing i2c.o(i.I2C_SAND_BUFFER), (144 bytes).
    Removing i2c.o(i.I2C_SAND_BYTE), (124 bytes).
    Removing adc.o(i.ADC_Configuration), (128 bytes).
    Removing adc.o(i.ADC_DMA_Init), (88 bytes).
    Removing adc.o(i.ADC_GPIO_Init), (68 bytes).
    Removing adc.o(i.ADC_INIT), (8 bytes).
    Removing adc.o(i.ADC_NVIC_CONFIG), (38 bytes).
    Removing adc.o(i.AD_GetValue), (36 bytes).
    Removing adc.o(.data), (2 bytes).
    Removing nvic.o(i.KEYPAD4x4_INT_INIT), (244 bytes).
    Removing tim.o(i.TIM3_Init), (64 bytes).
    Removing tim.o(i.TIM3_NVIC_Init), (32 bytes).
    Removing tim.o(i.oc_pwm_init), (48 bytes).
    Removing tim.o(i.oc_th_gpioinit), (36 bytes).
    Removing iwdg.o(i.feed_iwdg), (8 bytes).
    Removing iwdg.o(i.init_iwdg), (36 bytes).
    Removing spi.o(i.SPI2_Init), (176 bytes).
    Removing spi.o(i.SPI2_SendByte), (56 bytes).
    Removing usart_1.o(i._sys_exit), (6 bytes).
    Removing capture.o(i.TIM1_IRQHandler), (72 bytes).
    Removing capture.o(i.TIMx_encoder2_init), (200 bytes).
    Removing pwm.o(i.set_pwm), (84 bytes).
    Removing control.o(i.GetTargetMaxSpeed), (16 bytes).

440 unused section(s) (total 18044 bytes) removed from the image.

==============================================================================

Image Symbol Table

    Local Symbols

    Symbol Name                              Value     Ov Type        Size  Object(Section)

    ../clib/microlib/division.c              0x00000000   Number         0  uidiv.o ABSOLUTE
    ../clib/microlib/division.c              0x00000000   Number         0  uldiv.o ABSOLUTE
    ../clib/microlib/init/entry.s            0x00000000   Number         0  entry10a.o ABSOLUTE
    ../clib/microlib/init/entry.s            0x00000000   Number         0  entry5.o ABSOLUTE
    ../clib/microlib/init/entry.s            0x00000000   Number         0  entry9b.o ABSOLUTE
    ../clib/microlib/init/entry.s            0x00000000   Number         0  entry.o ABSOLUTE
    ../clib/microlib/init/entry.s            0x00000000   Number         0  entry7a.o ABSOLUTE
    ../clib/microlib/init/entry.s            0x00000000   Number         0  entry9a.o ABSOLUTE
    ../clib/microlib/init/entry.s            0x00000000   Number         0  entry8b.o ABSOLUTE
    ../clib/microlib/init/entry.s            0x00000000   Number         0  entry8a.o ABSOLUTE
    ../clib/microlib/init/entry.s            0x00000000   Number         0  entry7b.o ABSOLUTE
    ../clib/microlib/init/entry.s            0x00000000   Number         0  entry2.o ABSOLUTE
    ../clib/microlib/init/entry.s            0x00000000   Number         0  entry11a.o ABSOLUTE
    ../clib/microlib/init/entry.s            0x00000000   Number         0  entry12b.o ABSOLUTE
    ../clib/microlib/init/entry.s            0x00000000   Number         0  entry12a.o ABSOLUTE
    ../clib/microlib/init/entry.s            0x00000000   Number         0  entry11b.o ABSOLUTE
    ../clib/microlib/init/entry.s            0x00000000   Number         0  entry10b.o ABSOLUTE
    ../clib/microlib/longlong.c              0x00000000   Number         0  llsshr.o ABSOLUTE
    ../clib/microlib/longlong.c              0x00000000   Number         0  llushr.o ABSOLUTE
    ../clib/microlib/longlong.c              0x00000000   Number         0  llshl.o ABSOLUTE
    ../clib/microlib/printf/printf.c         0x00000000   Number         0  printf4.o ABSOLUTE
    ../clib/microlib/printf/printf.c         0x00000000   Number         0  printf5.o ABSOLUTE
    ../clib/microlib/printf/printf.c         0x00000000   Number         0  printf6.o ABSOLUTE
    ../clib/microlib/printf/printf.c         0x00000000   Number         0  printfa.o ABSOLUTE
    ../clib/microlib/printf/printf.c         0x00000000   Number         0  printf1.o ABSOLUTE
    ../clib/microlib/printf/printf.c         0x00000000   Number         0  printf2.o ABSOLUTE
    ../clib/microlib/printf/printf.c         0x00000000   Number         0  printf7.o ABSOLUTE
    ../clib/microlib/printf/printf.c         0x00000000   Number         0  printf3.o ABSOLUTE
    ../clib/microlib/printf/printf.c         0x00000000   Number         0  printf8.o ABSOLUTE
    ../clib/microlib/printf/printf.c         0x00000000   Number         0  printf0.o ABSOLUTE
    ../clib/microlib/printf/printf.c         0x00000000   Number         0  printfb.o ABSOLUTE
    ../clib/microlib/printf/stubs.s          0x00000000   Number         0  stubs.o ABSOLUTE
    ../clib/microlib/string/memcpy.c         0x00000000   Number         0  memcpya.o ABSOLUTE
    ../clib/microlib/string/memcpy.c         0x00000000   Number         0  memcpyb.o ABSOLUTE
    ../clib/microlib/string/memset.c         0x00000000   Number         0  memseta.o ABSOLUTE
    ../clib/microlib/stubs.s                 0x00000000   Number         0  iusefp.o ABSOLUTE
    ../clib/microlib/stubs.s                 0x00000000   Number         0  useno.o ABSOLUTE
    ../fplib/microlib/f2d.c                  0x00000000   Number         0  f2d.o ABSOLUTE
    ../fplib/microlib/fpadd.c                0x00000000   Number         0  dadd.o ABSOLUTE
    ../fplib/microlib/fpadd.c                0x00000000   Number         0  fadd.o ABSOLUTE
    ../fplib/microlib/fpdiv.c                0x00000000   Number         0  ddiv.o ABSOLUTE
    ../fplib/microlib/fpdiv.c                0x00000000   Number         0  fdiv.o ABSOLUTE
    ../fplib/microlib/fpepilogue.c           0x00000000   Number         0  depilogue.o ABSOLUTE
    ../fplib/microlib/fpepilogue.c           0x00000000   Number         0  fepilogue.o ABSOLUTE
    ../fplib/microlib/fpfix.c                0x00000000   Number         0  dfixul.o ABSOLUTE
    ../fplib/microlib/fpfix.c                0x00000000   Number         0  ffixi.o ABSOLUTE
    ../fplib/microlib/fpflt.c                0x00000000   Number         0  fflti.o ABSOLUTE
    ../fplib/microlib/fpmul.c                0x00000000   Number         0  dmul.o ABSOLUTE
    ../fplib/microlib/fpmul.c                0x00000000   Number         0  fmul.o ABSOLUTE
    CMSIS\\core_cm3.c                        0x00000000   Number         0  core_cm3.o ABSOLUTE
    CMSIS\core_cm3.c                         0x00000000   Number         0  core_cm3.o ABSOLUTE
    CMSIS\system_stm32f10x.c                 0x00000000   Number         0  system_stm32f10x.o ABSOLUTE
    Hardware\OCIC\timer.c                    0x00000000   Number         0  timer.o ABSOLUTE
    Hardware\PWM\capture.c                   0x00000000   Number         0  capture.o ABSOLUTE
    Hardware\PWM\motor.c                     0x00000000   Number         0  motor.o ABSOLUTE
    Hardware\PWM\pwm.c                       0x00000000   Number         0  pwm.o ABSOLUTE
    Hardware\bsp_pid.c                       0x00000000   Number         0  bsp_pid.o ABSOLUTE
    Hardware\control.c                       0x00000000   Number         0  control.o ABSOLUTE
    Hardware\protocol.c                      0x00000000   Number         0  protocol.o ABSOLUTE
    Hardware\usart\usart.c                   0x00000000   Number         0  usart_1.o ABSOLUTE
    LIB\src\misc.c                           0x00000000   Number         0  misc.o ABSOLUTE
    LIB\src\stm32f10x_adc.c                  0x00000000   Number         0  stm32f10x_adc.o ABSOLUTE
    LIB\src\stm32f10x_bkp.c                  0x00000000   Number         0  stm32f10x_bkp.o ABSOLUTE
    LIB\src\stm32f10x_can.c                  0x00000000   Number         0  stm32f10x_can.o ABSOLUTE
    LIB\src\stm32f10x_cec.c                  0x00000000   Number         0  stm32f10x_cec.o ABSOLUTE
    LIB\src\stm32f10x_crc.c                  0x00000000   Number         0  stm32f10x_crc.o ABSOLUTE
    LIB\src\stm32f10x_dac.c                  0x00000000   Number         0  stm32f10x_dac.o ABSOLUTE
    LIB\src\stm32f10x_dbgmcu.c               0x00000000   Number         0  stm32f10x_dbgmcu.o ABSOLUTE
    LIB\src\stm32f10x_dma.c                  0x00000000   Number         0  stm32f10x_dma.o ABSOLUTE
    LIB\src\stm32f10x_exti.c                 0x00000000   Number         0  stm32f10x_exti.o ABSOLUTE
    LIB\src\stm32f10x_flash.c                0x00000000   Number         0  stm32f10x_flash.o ABSOLUTE
    LIB\src\stm32f10x_fsmc.c                 0x00000000   Number         0  stm32f10x_fsmc.o ABSOLUTE
    LIB\src\stm32f10x_gpio.c                 0x00000000   Number         0  stm32f10x_gpio.o ABSOLUTE
    LIB\src\stm32f10x_i2c.c                  0x00000000   Number         0  stm32f10x_i2c.o ABSOLUTE
    LIB\src\stm32f10x_iwdg.c                 0x00000000   Number         0  stm32f10x_iwdg.o ABSOLUTE
    LIB\src\stm32f10x_pwr.c                  0x00000000   Number         0  stm32f10x_pwr.o ABSOLUTE
    LIB\src\stm32f10x_rcc.c                  0x00000000   Number         0  stm32f10x_rcc.o ABSOLUTE
    LIB\src\stm32f10x_rtc.c                  0x00000000   Number         0  stm32f10x_rtc.o ABSOLUTE
    LIB\src\stm32f10x_sdio.c                 0x00000000   Number         0  stm32f10x_sdio.o ABSOLUTE
    LIB\src\stm32f10x_spi.c                  0x00000000   Number         0  stm32f10x_spi.o ABSOLUTE
    LIB\src\stm32f10x_tim.c                  0x00000000   Number         0  stm32f10x_tim.o ABSOLUTE
    LIB\src\stm32f10x_usart.c                0x00000000   Number         0  stm32f10x_usart.o ABSOLUTE
    LIB\src\stm32f10x_wwdg.c                 0x00000000   Number         0  stm32f10x_wwdg.o ABSOLUTE
    STARTUP\startup_stm32f10x_md.s           0x00000000   Number         0  startup_stm32f10x_md.o ABSOLUTE
    SYSTEM\adc\adc.c                         0x00000000   Number         0  adc.o ABSOLUTE
    SYSTEM\delay\delay.c                     0x00000000   Number         0  delay.o ABSOLUTE
    SYSTEM\flash\flash.c                     0x00000000   Number         0  flash.o ABSOLUTE
    SYSTEM\i2c\i2c.c                         0x00000000   Number         0  i2c.o ABSOLUTE
    SYSTEM\iwdg\iwdg.c                       0x00000000   Number         0  iwdg.o ABSOLUTE
    SYSTEM\nvic\NVIC.c                       0x00000000   Number         0  nvic.o ABSOLUTE
    SYSTEM\spi\spi.c                         0x00000000   Number         0  spi.o ABSOLUTE
    SYSTEM\sys\sys.c                         0x00000000   Number         0  sys.o ABSOLUTE
    SYSTEM\tim\tim.c                         0x00000000   Number         0  tim.o ABSOLUTE
    USER\main.c                              0x00000000   Number         0  main.o ABSOLUTE
    USER\stm32f10x_it.c                      0x00000000   Number         0  stm32f10x_it.o ABSOLUTE
    cdrcmple.s                               0x00000000   Number         0  cdrcmple.o ABSOLUTE
    cfcmple.s                                0x00000000   Number         0  cfcmple.o ABSOLUTE
    cfrcmple.s                               0x00000000   Number         0  cfrcmple.o ABSOLUTE
    dc.s                                     0x00000000   Number         0  dc.o ABSOLUTE
    handlers.s                               0x00000000   Number         0  handlers.o ABSOLUTE
    init.s                                   0x00000000   Number         0  init.o ABSOLUTE
    RESET                                    0x08000000   Section      236  startup_stm32f10x_md.o(RESET)
    .ARM.Collect$$$$00000000                 0x080000ec   Section        0  entry.o(.ARM.Collect$$$$00000000)
    .ARM.Collect$$$$00000001                 0x080000ec   Section        4  entry2.o(.ARM.Collect$$$$00000001)
    .ARM.Collect$$$$00000004                 0x080000f0   Section        4  entry5.o(.ARM.Collect$$$$00000004)
    .ARM.Collect$$$$00000008                 0x080000f4   Section        0  entry7b.o(.ARM.Collect$$$$00000008)
    .ARM.Collect$$$$0000000A                 0x080000f4   Section        0  entry8b.o(.ARM.Collect$$$$0000000A)
    .ARM.Collect$$$$0000000B                 0x080000f4   Section        8  entry9a.o(.ARM.Collect$$$$0000000B)
    .ARM.Collect$$$$0000000E                 0x080000fc   Section        4  entry12b.o(.ARM.Collect$$$$0000000E)
    .ARM.Collect$$$$0000000F                 0x08000100   Section        0  entry10a.o(.ARM.Collect$$$$0000000F)
    .ARM.Collect$$$$00000011                 0x08000100   Section        0  entry11a.o(.ARM.Collect$$$$00000011)
    .ARM.Collect$$$$00002712                 0x08000100   Section        4  entry2.o(.ARM.Collect$$$$00002712)
    __lit__00000000                          0x08000100   Data           4  entry2.o(.ARM.Collect$$$$00002712)
    .text                                    0x08000104   Section       36  startup_stm32f10x_md.o(.text)
    .text                                    0x08000128   Section        0  memcpya.o(.text)
    .text                                    0x0800014c   Section        0  memseta.o(.text)
    .text                                    0x08000170   Section        0  fadd.o(.text)
    .text                                    0x08000220   Section        0  fmul.o(.text)
    .text                                    0x08000284   Section        0  fdiv.o(.text)
    .text                                    0x08000300   Section        0  fflti.o(.text)
    .text                                    0x08000312   Section        0  ffixi.o(.text)
    .text                                    0x08000344   Section        0  f2d.o(.text)
    .text                                    0x0800036c   Section       20  cfcmple.o(.text)
    .text                                    0x08000380   Section       20  cfrcmple.o(.text)
    .text                                    0x08000394   Section        0  uidiv.o(.text)
    .text                                    0x080003c0   Section        0  uldiv.o(.text)
    .text                                    0x08000422   Section        0  fepilogue.o(.text)
    .text                                    0x08000422   Section        0  iusefp.o(.text)
    .text                                    0x08000490   Section        0  dadd.o(.text)
    .text                                    0x080005de   Section        0  dmul.o(.text)
    .text                                    0x080006c2   Section        0  ddiv.o(.text)
    .text                                    0x080007a0   Section        0  dfixul.o(.text)
    .text                                    0x080007d0   Section       48  cdrcmple.o(.text)
    .text                                    0x08000800   Section       36  init.o(.text)
    .text                                    0x08000824   Section        0  llshl.o(.text)
    .text                                    0x08000842   Section        0  llushr.o(.text)
    .text                                    0x08000862   Section        0  llsshr.o(.text)
    .text                                    0x08000886   Section        0  depilogue.o(.text)
    i.AutoReloadCallback                     0x08000940   Section        0  control.o(i.AutoReloadCallback)
    i.BusFault_Handler                       0x08000ac0   Section        0  stm32f10x_it.o(i.BusFault_Handler)
    i.DebugMon_Handler                       0x08000ac4   Section        0  stm32f10x_it.o(i.DebugMon_Handler)
    i.EXTI15_10_IRQHandler                   0x08000ac8   Section        0  nvic.o(i.EXTI15_10_IRQHandler)
    i.EXTI4_IRQHandler                       0x08000b74   Section        0  nvic.o(i.EXTI4_IRQHandler)
    i.EXTI_ClearITPendingBit                 0x08000b78   Section        0  stm32f10x_exti.o(i.EXTI_ClearITPendingBit)
    i.EXTI_GetITStatus                       0x08000b84   Section        0  stm32f10x_exti.o(i.EXTI_GetITStatus)
    i.FLASH_PrefetchBufferCmd                0x08000bac   Section        0  stm32f10x_flash.o(i.FLASH_PrefetchBufferCmd)
    i.FLASH_SetLatency                       0x08000bc8   Section        0  stm32f10x_flash.o(i.FLASH_SetLatency)
    i.GPIO_Init                              0x08000be0   Section        0  stm32f10x_gpio.o(i.GPIO_Init)
    i.GPIO_ReadInputDataBit                  0x08000cf6   Section        0  stm32f10x_gpio.o(i.GPIO_ReadInputDataBit)
    i.GPIO_StructInit                        0x08000d08   Section        0  stm32f10x_gpio.o(i.GPIO_StructInit)
    i.HardFault_Handler                      0x08000d18   Section        0  stm32f10x_it.o(i.HardFault_Handler)
    i.MemManage_Handler                      0x08000d1c   Section        0  stm32f10x_it.o(i.MemManage_Handler)
    i.NMI_Handler                            0x08000d20   Section        0  stm32f10x_it.o(i.NMI_Handler)
    i.NVIC_Configuration                     0x08000d22   Section        0  sys.o(i.NVIC_Configuration)
    i.NVIC_Init                              0x08000d30   Section        0  misc.o(i.NVIC_Init)
    i.NVIC_PriorityGroupConfig               0x08000da0   Section        0  misc.o(i.NVIC_PriorityGroupConfig)
    i.PID_param_init                         0x08000db4   Section        0  bsp_pid.o(i.PID_param_init)
    i.PendSV_Handler                         0x08000e48   Section        0  stm32f10x_it.o(i.PendSV_Handler)
    i.RCC_APB1PeriphClockCmd                 0x08000e4c   Section        0  stm32f10x_rcc.o(i.RCC_APB1PeriphClockCmd)
    i.RCC_APB1PeriphResetCmd                 0x08000e6c   Section        0  stm32f10x_rcc.o(i.RCC_APB1PeriphResetCmd)
    i.RCC_APB2PeriphClockCmd                 0x08000e8c   Section        0  stm32f10x_rcc.o(i.RCC_APB2PeriphClockCmd)
    i.RCC_APB2PeriphResetCmd                 0x08000eac   Section        0  stm32f10x_rcc.o(i.RCC_APB2PeriphResetCmd)
    i.RCC_Configuration                      0x08000ecc   Section        0  sys.o(i.RCC_Configuration)
    i.RCC_DeInit                             0x08000f30   Section        0  stm32f10x_rcc.o(i.RCC_DeInit)
    i.RCC_GetClocksFreq                      0x08000f7c   Section        0  stm32f10x_rcc.o(i.RCC_GetClocksFreq)
    i.RCC_GetFlagStatus                      0x08001050   Section        0  stm32f10x_rcc.o(i.RCC_GetFlagStatus)
    i.RCC_GetSYSCLKSource                    0x0800108c   Section        0  stm32f10x_rcc.o(i.RCC_GetSYSCLKSource)
    i.RCC_HCLKConfig                         0x0800109c   Section        0  stm32f10x_rcc.o(i.RCC_HCLKConfig)
    i.RCC_HSEConfig                          0x080010b4   Section        0  stm32f10x_rcc.o(i.RCC_HSEConfig)
    i.RCC_PCLK1Config                        0x08001100   Section        0  stm32f10x_rcc.o(i.RCC_PCLK1Config)
    i.RCC_PCLK2Config                        0x08001118   Section        0  stm32f10x_rcc.o(i.RCC_PCLK2Config)
    i.RCC_PLLCmd                             0x08001130   Section        0  stm32f10x_rcc.o(i.RCC_PLLCmd)
    i.RCC_PLLConfig                          0x0800113c   Section        0  stm32f10x_rcc.o(i.RCC_PLLConfig)
    i.RCC_SYSCLKConfig                       0x08001158   Section        0  stm32f10x_rcc.o(i.RCC_SYSCLKConfig)
    i.RCC_WaitForHSEStartUp                  0x08001170   Section        0  stm32f10x_rcc.o(i.RCC_WaitForHSEStartUp)
    i.SVC_Handler                            0x080011a8   Section        0  stm32f10x_it.o(i.SVC_Handler)
    i.SetSysClock                            0x080011aa   Section        0  system_stm32f10x.o(i.SetSysClock)
    SetSysClock                              0x080011ab   Thumb Code     8  system_stm32f10x.o(i.SetSysClock)
    i.SetSysClockTo72                        0x080011b4   Section        0  system_stm32f10x.o(i.SetSysClockTo72)
    SetSysClockTo72                          0x080011b5   Thumb Code   214  system_stm32f10x.o(i.SetSysClockTo72)
    i.SetTargetMaxSpeed                      0x08001294   Section        0  control.o(i.SetTargetMaxSpeed)
    i.SysTick_Handler                        0x080012a8   Section        0  main.o(i.SysTick_Handler)
    i.SystemInit                             0x080012c0   Section        0  system_stm32f10x.o(i.SystemInit)
    i.TI1_Config                             0x08001320   Section        0  stm32f10x_tim.o(i.TI1_Config)
    TI1_Config                               0x08001321   Thumb Code   108  stm32f10x_tim.o(i.TI1_Config)
    i.TI2_Config                             0x080013a0   Section        0  stm32f10x_tim.o(i.TI2_Config)
    TI2_Config                               0x080013a1   Thumb Code   130  stm32f10x_tim.o(i.TI2_Config)
    i.TI3_Config                             0x08001438   Section        0  stm32f10x_tim.o(i.TI3_Config)
    TI3_Config                               0x08001439   Thumb Code   122  stm32f10x_tim.o(i.TI3_Config)
    i.TI4_Config                             0x080014c8   Section        0  stm32f10x_tim.o(i.TI4_Config)
    TI4_Config                               0x080014c9   Thumb Code   130  stm32f10x_tim.o(i.TI4_Config)
    i.TIM2_IRQHandler                        0x08001560   Section        0  timer.o(i.TIM2_IRQHandler)
    i.TIM2_Int_Init                          0x0800157a   Section        0  timer.o(i.TIM2_Int_Init)
    i.TIM4_IRQHandler                        0x080015d8   Section        0  capture.o(i.TIM4_IRQHandler)
    i.TIM_ARRPreloadConfig                   0x08001620   Section        0  stm32f10x_tim.o(i.TIM_ARRPreloadConfig)
    i.TIM_ClearFlag                          0x08001638   Section        0  stm32f10x_tim.o(i.TIM_ClearFlag)
    i.TIM_ClearITPendingBit                  0x0800163e   Section        0  stm32f10x_tim.o(i.TIM_ClearITPendingBit)
    i.TIM_Cmd                                0x08001644   Section        0  stm32f10x_tim.o(i.TIM_Cmd)
    i.TIM_DeInit                             0x0800165c   Section        0  stm32f10x_tim.o(i.TIM_DeInit)
    i.TIM_EncoderInterfaceConfig             0x08001844   Section        0  stm32f10x_tim.o(i.TIM_EncoderInterfaceConfig)
    i.TIM_GetITStatus                        0x08001886   Section        0  stm32f10x_tim.o(i.TIM_GetITStatus)
    i.TIM_ICInit                             0x080018a8   Section        0  stm32f10x_tim.o(i.TIM_ICInit)
    i.TIM_ICStructInit                       0x08001954   Section        0  stm32f10x_tim.o(i.TIM_ICStructInit)
    i.TIM_ITConfig                           0x08001966   Section        0  stm32f10x_tim.o(i.TIM_ITConfig)
    i.TIM_OC1Init                            0x08001978   Section        0  stm32f10x_tim.o(i.TIM_OC1Init)
    i.TIM_OC1PreloadConfig                   0x08001a10   Section        0  stm32f10x_tim.o(i.TIM_OC1PreloadConfig)
    i.TIM_OC2Init                            0x08001a24   Section        0  stm32f10x_tim.o(i.TIM_OC2Init)
    i.TIM_OC2PreloadConfig                   0x08001ac8   Section        0  stm32f10x_tim.o(i.TIM_OC2PreloadConfig)
    i.TIM_OC3Init                            0x08001ae4   Section        0  stm32f10x_tim.o(i.TIM_OC3Init)
    i.TIM_OC3PreloadConfig                   0x08001b84   Section        0  stm32f10x_tim.o(i.TIM_OC3PreloadConfig)
    i.TIM_OC4Init                            0x08001b98   Section        0  stm32f10x_tim.o(i.TIM_OC4Init)
    i.TIM_OC4PreloadConfig                   0x08001c14   Section        0  stm32f10x_tim.o(i.TIM_OC4PreloadConfig)
    i.TIM_SetCompare1                        0x08001c2e   Section        0  stm32f10x_tim.o(i.TIM_SetCompare1)
    i.TIM_SetCompare2                        0x08001c32   Section        0  stm32f10x_tim.o(i.TIM_SetCompare2)
    i.TIM_SetCompare3                        0x08001c36   Section        0  stm32f10x_tim.o(i.TIM_SetCompare3)
    i.TIM_SetCompare4                        0x08001c3a   Section        0  stm32f10x_tim.o(i.TIM_SetCompare4)
    i.TIM_SetCounter                         0x08001c40   Section        0  stm32f10x_tim.o(i.TIM_SetCounter)
    i.TIM_SetIC1Prescaler                    0x08001c44   Section        0  stm32f10x_tim.o(i.TIM_SetIC1Prescaler)
    i.TIM_SetIC2Prescaler                    0x08001c56   Section        0  stm32f10x_tim.o(i.TIM_SetIC2Prescaler)
    i.TIM_SetIC3Prescaler                    0x08001c70   Section        0  stm32f10x_tim.o(i.TIM_SetIC3Prescaler)
    i.TIM_SetIC4Prescaler                    0x08001c82   Section        0  stm32f10x_tim.o(i.TIM_SetIC4Prescaler)
    i.TIM_TimeBaseInit                       0x08001c9c   Section        0  stm32f10x_tim.o(i.TIM_TimeBaseInit)
    i.TIM_TimeBaseStructInit                 0x08001d40   Section        0  stm32f10x_tim.o(i.TIM_TimeBaseStructInit)
    i.TIMx_calcPID_start                     0x08001d52   Section        0  timer.o(i.TIMx_calcPID_start)
    i.TIMx_calcPID_stop                      0x08001d5e   Section        0  timer.o(i.TIMx_calcPID_stop)
    i.TIMx_encoder_init                      0x08001d6c   Section        0  capture.o(i.TIMx_encoder_init)
    i.TIMx_pwm_init                          0x08001e34   Section        0  pwm.o(i.TIMx_pwm_init)
    i.USART2_IRQHandler                      0x08001f50   Section        0  usart_1.o(i.USART2_IRQHandler)
    i.USART_ClearITPendingBit                0x08001ff4   Section        0  stm32f10x_usart.o(i.USART_ClearITPendingBit)
    i.USART_Cmd                              0x08002012   Section        0  stm32f10x_usart.o(i.USART_Cmd)
    i.USART_GetFlagStatus                    0x0800202a   Section        0  stm32f10x_usart.o(i.USART_GetFlagStatus)
    i.USART_GetITStatus                      0x08002044   Section        0  stm32f10x_usart.o(i.USART_GetITStatus)
    i.USART_ITConfig                         0x08002098   Section        0  stm32f10x_usart.o(i.USART_ITConfig)
    i.USART_Init                             0x080020e4   Section        0  stm32f10x_usart.o(i.USART_Init)
    i.USART_ReceiveData                      0x080021bc   Section        0  stm32f10x_usart.o(i.USART_ReceiveData)
    i.USART_SendData                         0x080021c6   Section        0  stm32f10x_usart.o(i.USART_SendData)
    i.UsageFault_Handler                     0x080021ce   Section        0  stm32f10x_it.o(i.UsageFault_Handler)
    i.__0printf                              0x080021d4   Section        0  printfa.o(i.__0printf)
    i.__scatterload_copy                     0x080021f4   Section       14  handlers.o(i.__scatterload_copy)
    i.__scatterload_null                     0x08002202   Section        2  handlers.o(i.__scatterload_null)
    i.__scatterload_zeroinit                 0x08002204   Section       14  handlers.o(i.__scatterload_zeroinit)
    i._fp_digits                             0x08002214   Section        0  printfa.o(i._fp_digits)
    _fp_digits                               0x08002215   Thumb Code   366  printfa.o(i._fp_digits)
    i._printf_core                           0x08002398   Section        0  printfa.o(i._printf_core)
    _printf_core                             0x08002399   Thumb Code  1704  printfa.o(i._printf_core)
    i._printf_post_padding                   0x08002a4c   Section        0  printfa.o(i._printf_post_padding)
    _printf_post_padding                     0x08002a4d   Thumb Code    36  printfa.o(i._printf_post_padding)
    i._printf_pre_padding                    0x08002a70   Section        0  printfa.o(i._printf_pre_padding)
    _printf_pre_padding                      0x08002a71   Thumb Code    46  printfa.o(i._printf_pre_padding)
    i.check_sum                              0x08002a9e   Section        0  protocol.o(i.check_sum)
    i.delay_ms                               0x08002aba   Section        0  delay.o(i.delay_ms)
    i.delay_us                               0x08002ad4   Section        0  delay.o(i.delay_us)
    i.fputc                                  0x08002b04   Section        0  usart_1.o(i.fputc)
    i.get_frame_checksum                     0x08002b20   Section        0  protocol.o(i.get_frame_checksum)
    get_frame_checksum                       0x08002b21   Thumb Code    32  protocol.o(i.get_frame_checksum)
    i.get_frame_len                          0x08002b40   Section        0  protocol.o(i.get_frame_len)
    get_frame_len                            0x08002b41   Thumb Code    92  protocol.o(i.get_frame_len)
    i.get_frame_type                         0x08002b9c   Section        0  protocol.o(i.get_frame_type)
    get_frame_type                           0x08002b9d   Thumb Code    30  protocol.o(i.get_frame_type)
    i.get_pid_target                         0x08002bba   Section        0  bsp_pid.o(i.get_pid_target)
    i.led_init                               0x08002bc0   Section        0  main.o(i.led_init)
    i.location_pid_realize                   0x08002bec   Section        0  bsp_pid.o(i.location_pid_realize)
    i.main                                   0x08002cb0   Section        0  main.o(i.main)
    i.protocol_data_recv                     0x08002d40   Section        0  protocol.o(i.protocol_data_recv)
    i.protocol_frame_parse                   0x08002d74   Section        0  protocol.o(i.protocol_frame_parse)
    protocol_frame_parse                     0x08002d75   Thumb Code   438  protocol.o(i.protocol_frame_parse)
    i.protocol_init                          0x08002f30   Section        0  protocol.o(i.protocol_init)
    i.pwm_val_protect                        0x08002f4c   Section        0  control.o(i.pwm_val_protect)
    i.read_encoder                           0x08002f7c   Section        0  capture.o(i.read_encoder)
    i.receiving_process                      0x08002f88   Section        0  protocol.o(i.receiving_process)
    i.recvbuf_find_header                    0x08003164   Section        0  protocol.o(i.recvbuf_find_header)
    recvbuf_find_header                      0x08003165   Thumb Code   112  protocol.o(i.recvbuf_find_header)
    i.recvbuf_get_len_to_parse               0x080031d8   Section        0  protocol.o(i.recvbuf_get_len_to_parse)
    recvbuf_get_len_to_parse                 0x080031d9   Thumb Code    34  protocol.o(i.recvbuf_get_len_to_parse)
    i.recvbuf_put_data                       0x080031fa   Section        0  protocol.o(i.recvbuf_put_data)
    recvbuf_put_data                         0x080031fb   Thumb Code    70  protocol.o(i.recvbuf_put_data)
    i.set_computer_value                     0x08003240   Section        0  protocol.o(i.set_computer_value)
    i.set_motor_output                       0x080032a4   Section        0  motor.o(i.set_motor_output)
    i.set_p_i_d                              0x0800332c   Section        0  bsp_pid.o(i.set_p_i_d)
    i.set_pid_target                         0x08003334   Section        0  bsp_pid.o(i.set_pid_target)
    i.speed_pid_realize                      0x08003338   Section        0  bsp_pid.o(i.speed_pid_realize)
    i.speed_val_protect                      0x080033fc   Section        0  control.o(i.speed_val_protect)
    speed_val_protect                        0x080033fd   Thumb Code    54  control.o(i.speed_val_protect)
    i.uart_init                              0x08003438   Section        0  usart_1.o(i.uart_init)
    i.usart1_send                            0x080034dc   Section        0  usart_1.o(i.usart1_send)
    .data                                    0x20000000   Section       20  stm32f10x_rcc.o(.data)
    APBAHBPrescTable                         0x20000000   Data          16  stm32f10x_rcc.o(.data)
    ADCPrescTable                            0x20000010   Data           4  stm32f10x_rcc.o(.data)
    .data                                    0x20000014   Section        1  nvic.o(.data)
    .data                                    0x20000018   Section       12  usart_1.o(.data)
    .data                                    0x20000024   Section        4  capture.o(.data)
    .data                                    0x20000028   Section       24  control.o(.data)
    TARGET_SPEED_MAX                         0x20000030   Data           4  control.o(.data)
    location_timer                           0x20000034   Data           4  control.o(.data)
    encoderLast                              0x20000038   Data           4  control.o(.data)
    i                                        0x2000003c   Data           4  control.o(.data)
    .bss                                     0x20000040   Section      150  protocol.o(.bss)
    parser                                   0x20000040   Data          12  protocol.o(.bss)
    recv_buf                                 0x2000004c   Data         128  protocol.o(.bss)
    set_packet                               0x200000cc   Data          10  protocol.o(.bss)
    .bss                                     0x200000d6   Section      328  usart_1.o(.bss)
    .bss                                     0x20000220   Section       64  bsp_pid.o(.bss)
    STACK                                    0x20000260   Section     1024  startup_stm32f10x_md.o(STACK)

    Global Symbols

    Symbol Name                              Value     Ov Type        Size  Object(Section)

    BuildAttributes$$THM_ISAv4$P$D$K$B$S$PE$A:L22UL41UL21$X:L11$S22US41US21$IEEE1$IW$USESV6$~STKCKD$USESV7$~SHL$OTIME$ROPI$EBA8$MICROLIB$REQ8$PRES8$EABIv2 0x00000000   Number         0  anon$$obj.o ABSOLUTE
    __ARM_use_no_argv                        0x00000000   Number         0  main.o ABSOLUTE
    __use_no_errno                           0x00000000   Number         0  useno.o ABSOLUTE
    __use_no_exception_handling              0x00000000   Number         0  useno.o ABSOLUTE
    __use_no_fp                              0x00000000   Number         0  useno.o ABSOLUTE
    __use_no_heap                            0x00000000   Number         0  useno.o ABSOLUTE
    __use_no_heap_region                     0x00000000   Number         0  useno.o ABSOLUTE
    __use_no_semihosting                     0x00000000   Number         0  useno.o ABSOLUTE
    __use_no_semihosting_swi                 0x00000000   Number         0  useno.o ABSOLUTE
    __use_no_signal_handling                 0x00000000   Number         0  useno.o ABSOLUTE
    _printf_a                                0x00000000   Number         0  stubs.o ABSOLUTE
    _printf_c                                0x00000000   Number         0  stubs.o ABSOLUTE
    _printf_charcount                        0x00000000   Number         0  stubs.o ABSOLUTE
    _printf_d                                0x00000000   Number         0  stubs.o ABSOLUTE
    _printf_e                                0x00000000   Number         0  stubs.o ABSOLUTE
    _printf_f                                0x00000000   Number         0  stubs.o ABSOLUTE
    _printf_flags                            0x00000000   Number         0  stubs.o ABSOLUTE
    _printf_fp_dec                           0x00000000   Number         0  stubs.o ABSOLUTE
    _printf_fp_hex                           0x00000000   Number         0  stubs.o ABSOLUTE
    _printf_g                                0x00000000   Number         0  stubs.o ABSOLUTE
    _printf_i                                0x00000000   Number         0  stubs.o ABSOLUTE
    _printf_int_dec                          0x00000000   Number         0  stubs.o ABSOLUTE
    _printf_l                                0x00000000   Number         0  stubs.o ABSOLUTE
    _printf_lc                               0x00000000   Number         0  stubs.o ABSOLUTE
    _printf_ll                               0x00000000   Number         0  stubs.o ABSOLUTE
    _printf_lld                              0x00000000   Number         0  stubs.o ABSOLUTE
    _printf_lli                              0x00000000   Number         0  stubs.o ABSOLUTE
    _printf_llo                              0x00000000   Number         0  stubs.o ABSOLUTE
    _printf_llu                              0x00000000   Number         0  stubs.o ABSOLUTE
    _printf_llx                              0x00000000   Number         0  stubs.o ABSOLUTE
    _printf_longlong_dec                     0x00000000   Number         0  stubs.o ABSOLUTE
    _printf_longlong_hex                     0x00000000   Number         0  stubs.o ABSOLUTE
    _printf_longlong_oct                     0x00000000   Number         0  stubs.o ABSOLUTE
    _printf_ls                               0x00000000   Number         0  stubs.o ABSOLUTE
    _printf_mbtowc                           0x00000000   Number         0  stubs.o ABSOLUTE
    _printf_n                                0x00000000   Number         0  stubs.o ABSOLUTE
    _printf_o                                0x00000000   Number         0  stubs.o ABSOLUTE
    _printf_p                                0x00000000   Number         0  stubs.o ABSOLUTE
    _printf_percent                          0x00000000   Number         0  stubs.o ABSOLUTE
    _printf_pre_padding                      0x00000000   Number         0  stubs.o ABSOLUTE
    _printf_return_value                     0x00000000   Number         0  stubs.o ABSOLUTE
    _printf_s                                0x00000000   Number         0  stubs.o ABSOLUTE
    _printf_sizespec                         0x00000000   Number         0  stubs.o ABSOLUTE
    _printf_str                              0x00000000   Number         0  stubs.o ABSOLUTE
    _printf_truncate_signed                  0x00000000   Number         0  stubs.o ABSOLUTE
    _printf_truncate_unsigned                0x00000000   Number         0  stubs.o ABSOLUTE
    _printf_u                                0x00000000   Number         0  stubs.o ABSOLUTE
    _printf_wc                               0x00000000   Number         0  stubs.o ABSOLUTE
    _printf_wctomb                           0x00000000   Number         0  stubs.o ABSOLUTE
    _printf_widthprec                        0x00000000   Number         0  stubs.o ABSOLUTE
    _printf_x                                0x00000000   Number         0  stubs.o ABSOLUTE
    __arm_fini_                               - Undefined Weak Reference
    __cpp_initialize__aeabi_                  - Undefined Weak Reference
    __cxa_finalize                            - Undefined Weak Reference
    __decompress                              - Undefined Weak Reference
    _clock_init                               - Undefined Weak Reference
    _microlib_exit                            - Undefined Weak Reference
    __Vectors_Size                           0x000000ec   Number         0  startup_stm32f10x_md.o ABSOLUTE
    __Vectors                                0x08000000   Data           4  startup_stm32f10x_md.o(RESET)
    __Vectors_End                            0x080000ec   Data           0  startup_stm32f10x_md.o(RESET)
    __main                                   0x080000ed   Thumb Code     0  entry.o(.ARM.Collect$$$$00000000)
    _main_stk                                0x080000ed   Thumb Code     0  entry2.o(.ARM.Collect$$$$00000001)
    _main_scatterload                        0x080000f1   Thumb Code     0  entry5.o(.ARM.Collect$$$$00000004)
    __main_after_scatterload                 0x080000f5   Thumb Code     0  entry5.o(.ARM.Collect$$$$00000004)
    _main_clock                              0x080000f5   Thumb Code     0  entry7b.o(.ARM.Collect$$$$00000008)
    _main_cpp_init                           0x080000f5   Thumb Code     0  entry8b.o(.ARM.Collect$$$$0000000A)
    _main_init                               0x080000f5   Thumb Code     0  entry9a.o(.ARM.Collect$$$$0000000B)
    __rt_lib_shutdown_fini                   0x080000fd   Thumb Code     0  entry12b.o(.ARM.Collect$$$$0000000E)
    __rt_final_cpp                           0x08000101   Thumb Code     0  entry10a.o(.ARM.Collect$$$$0000000F)
    __rt_final_exit                          0x08000101   Thumb Code     0  entry11a.o(.ARM.Collect$$$$00000011)
    Reset_Handler                            0x08000105   Thumb Code     8  startup_stm32f10x_md.o(.text)
    ADC1_2_IRQHandler                        0x0800011f   Thumb Code     0  startup_stm32f10x_md.o(.text)
    CAN1_RX1_IRQHandler                      0x0800011f   Thumb Code     0  startup_stm32f10x_md.o(.text)
    CAN1_SCE_IRQHandler                      0x0800011f   Thumb Code     0  startup_stm32f10x_md.o(.text)
    DMA1_Channel1_IRQHandler                 0x0800011f   Thumb Code     0  startup_stm32f10x_md.o(.text)
    DMA1_Channel2_IRQHandler                 0x0800011f   Thumb Code     0  startup_stm32f10x_md.o(.text)
    DMA1_Channel3_IRQHandler                 0x0800011f   Thumb Code     0  startup_stm32f10x_md.o(.text)
    DMA1_Channel4_IRQHandler                 0x0800011f   Thumb Code     0  startup_stm32f10x_md.o(.text)
    DMA1_Channel5_IRQHandler                 0x0800011f   Thumb Code     0  startup_stm32f10x_md.o(.text)
    DMA1_Channel6_IRQHandler                 0x0800011f   Thumb Code     0  startup_stm32f10x_md.o(.text)
    DMA1_Channel7_IRQHandler                 0x0800011f   Thumb Code     0  startup_stm32f10x_md.o(.text)
    EXTI0_IRQHandler                         0x0800011f   Thumb Code     0  startup_stm32f10x_md.o(.text)
    EXTI1_IRQHandler                         0x0800011f   Thumb Code     0  startup_stm32f10x_md.o(.text)
    EXTI2_IRQHandler                         0x0800011f   Thumb Code     0  startup_stm32f10x_md.o(.text)
    EXTI3_IRQHandler                         0x0800011f   Thumb Code     0  startup_stm32f10x_md.o(.text)
    EXTI9_5_IRQHandler                       0x0800011f   Thumb Code     0  startup_stm32f10x_md.o(.text)
    FLASH_IRQHandler                         0x0800011f   Thumb Code     0  startup_stm32f10x_md.o(.text)
    I2C1_ER_IRQHandler                       0x0800011f   Thumb Code     0  startup_stm32f10x_md.o(.text)
    I2C1_EV_IRQHandler                       0x0800011f   Thumb Code     0  startup_stm32f10x_md.o(.text)
    I2C2_ER_IRQHandler                       0x0800011f   Thumb Code     0  startup_stm32f10x_md.o(.text)
    I2C2_EV_IRQHandler                       0x0800011f   Thumb Code     0  startup_stm32f10x_md.o(.text)
    PVD_IRQHandler                           0x0800011f   Thumb Code     0  startup_stm32f10x_md.o(.text)
    RCC_IRQHandler                           0x0800011f   Thumb Code     0  startup_stm32f10x_md.o(.text)
    RTCAlarm_IRQHandler                      0x0800011f   Thumb Code     0  startup_stm32f10x_md.o(.text)
    RTC_IRQHandler                           0x0800011f   Thumb Code     0  startup_stm32f10x_md.o(.text)
    SPI1_IRQHandler                          0x0800011f   Thumb Code     0  startup_stm32f10x_md.o(.text)
    SPI2_IRQHandler                          0x0800011f   Thumb Code     0  startup_stm32f10x_md.o(.text)
    TAMPER_IRQHandler                        0x0800011f   Thumb Code     0  startup_stm32f10x_md.o(.text)
    TIM1_BRK_IRQHandler                      0x0800011f   Thumb Code     0  startup_stm32f10x_md.o(.text)
    TIM1_CC_IRQHandler                       0x0800011f   Thumb Code     0  startup_stm32f10x_md.o(.text)
    TIM1_TRG_COM_IRQHandler                  0x0800011f   Thumb Code     0  startup_stm32f10x_md.o(.text)
    TIM1_UP_IRQHandler                       0x0800011f   Thumb Code     0  startup_stm32f10x_md.o(.text)
    TIM3_IRQHandler                          0x0800011f   Thumb Code     0  startup_stm32f10x_md.o(.text)
    USART1_IRQHandler                        0x0800011f   Thumb Code     0  startup_stm32f10x_md.o(.text)
    USART3_IRQHandler                        0x0800011f   Thumb Code     0  startup_stm32f10x_md.o(.text)
    USBWakeUp_IRQHandler                     0x0800011f   Thumb Code     0  startup_stm32f10x_md.o(.text)
    USB_HP_CAN1_TX_IRQHandler                0x0800011f   Thumb Code     0  startup_stm32f10x_md.o(.text)
    USB_LP_CAN1_RX0_IRQHandler               0x0800011f   Thumb Code     0  startup_stm32f10x_md.o(.text)
    WWDG_IRQHandler                          0x0800011f   Thumb Code     0  startup_stm32f10x_md.o(.text)
    __aeabi_memcpy                           0x08000129   Thumb Code    36  memcpya.o(.text)
    __aeabi_memcpy4                          0x08000129   Thumb Code     0  memcpya.o(.text)
    __aeabi_memcpy8                          0x08000129   Thumb Code     0  memcpya.o(.text)
    __aeabi_memset                           0x0800014d   Thumb Code    14  memseta.o(.text)
    __aeabi_memset4                          0x0800014d   Thumb Code     0  memseta.o(.text)
    __aeabi_memset8                          0x0800014d   Thumb Code     0  memseta.o(.text)
    __aeabi_memclr                           0x0800015b   Thumb Code     4  memseta.o(.text)
    __aeabi_memclr4                          0x0800015b   Thumb Code     0  memseta.o(.text)
    __aeabi_memclr8                          0x0800015b   Thumb Code     0  memseta.o(.text)
    _memset$wrapper                          0x0800015f   Thumb Code    18  memseta.o(.text)
    __aeabi_fadd                             0x08000171   Thumb Code   164  fadd.o(.text)
    __aeabi_fsub                             0x08000215   Thumb Code     6  fadd.o(.text)
    __aeabi_frsub                            0x0800021b   Thumb Code     6  fadd.o(.text)
    __aeabi_fmul                             0x08000221   Thumb Code   100  fmul.o(.text)
    __aeabi_fdiv                             0x08000285   Thumb Code   124  fdiv.o(.text)
    __aeabi_i2f                              0x08000301   Thumb Code    18  fflti.o(.text)
    __aeabi_f2iz                             0x08000313   Thumb Code    50  ffixi.o(.text)
    __aeabi_f2d                              0x08000345   Thumb Code    38  f2d.o(.text)
    __aeabi_cfcmpeq                          0x0800036d   Thumb Code     0  cfcmple.o(.text)
    __aeabi_cfcmple                          0x0800036d   Thumb Code    20  cfcmple.o(.text)
    __aeabi_cfrcmple                         0x08000381   Thumb Code    20  cfrcmple.o(.text)
    __aeabi_uidiv                            0x08000395   Thumb Code     0  uidiv.o(.text)
    __aeabi_uidivmod                         0x08000395   Thumb Code    44  uidiv.o(.text)
    __aeabi_uldivmod                         0x080003c1   Thumb Code    98  uldiv.o(.text)
    __I$use$fp                               0x08000423   Thumb Code     0  iusefp.o(.text)
    _float_round                             0x08000423   Thumb Code    18  fepilogue.o(.text)
    _float_epilogue                          0x08000435   Thumb Code    92  fepilogue.o(.text)
    __aeabi_dadd                             0x08000491   Thumb Code   322  dadd.o(.text)
    __aeabi_dsub                             0x080005d3   Thumb Code     6  dadd.o(.text)
    __aeabi_drsub                            0x080005d9   Thumb Code     6  dadd.o(.text)
    __aeabi_dmul                             0x080005df   Thumb Code   228  dmul.o(.text)
    __aeabi_ddiv                             0x080006c3   Thumb Code   222  ddiv.o(.text)
    __aeabi_d2ulz                            0x080007a1   Thumb Code    48  dfixul.o(.text)
    __aeabi_cdrcmple                         0x080007d1   Thumb Code    48  cdrcmple.o(.text)
    __scatterload                            0x08000801   Thumb Code    28  init.o(.text)
    __scatterload_rt2                        0x08000801   Thumb Code     0  init.o(.text)
    __aeabi_llsl                             0x08000825   Thumb Code    30  llshl.o(.text)
    _ll_shift_l                              0x08000825   Thumb Code     0  llshl.o(.text)
    __aeabi_llsr                             0x08000843   Thumb Code    32  llushr.o(.text)
    _ll_ushift_r                             0x08000843   Thumb Code     0  llushr.o(.text)
    __aeabi_lasr                             0x08000863   Thumb Code    36  llsshr.o(.text)
    _ll_sshift_r                             0x08000863   Thumb Code     0  llsshr.o(.text)
    _double_round                            0x08000887   Thumb Code    30  depilogue.o(.text)
    _double_epilogue                         0x080008a5   Thumb Code   156  depilogue.o(.text)
    AutoReloadCallback                       0x08000941   Thumb Code   296  control.o(i.AutoReloadCallback)
    BusFault_Handler                         0x08000ac1   Thumb Code     4  stm32f10x_it.o(i.BusFault_Handler)
    DebugMon_Handler                         0x08000ac5   Thumb Code     2  stm32f10x_it.o(i.DebugMon_Handler)
    EXTI15_10_IRQHandler                     0x08000ac9   Thumb Code   164  nvic.o(i.EXTI15_10_IRQHandler)
    EXTI4_IRQHandler                         0x08000b75   Thumb Code     2  nvic.o(i.EXTI4_IRQHandler)
    EXTI_ClearITPendingBit                   0x08000b79   Thumb Code     6  stm32f10x_exti.o(i.EXTI_ClearITPendingBit)
    EXTI_GetITStatus                         0x08000b85   Thumb Code    34  stm32f10x_exti.o(i.EXTI_GetITStatus)
    FLASH_PrefetchBufferCmd                  0x08000bad   Thumb Code    22  stm32f10x_flash.o(i.FLASH_PrefetchBufferCmd)
    FLASH_SetLatency                         0x08000bc9   Thumb Code    18  stm32f10x_flash.o(i.FLASH_SetLatency)
    GPIO_Init                                0x08000be1   Thumb Code   278  stm32f10x_gpio.o(i.GPIO_Init)
    GPIO_ReadInputDataBit                    0x08000cf7   Thumb Code    18  stm32f10x_gpio.o(i.GPIO_ReadInputDataBit)
    GPIO_StructInit                          0x08000d09   Thumb Code    16  stm32f10x_gpio.o(i.GPIO_StructInit)
    HardFault_Handler                        0x08000d19   Thumb Code     4  stm32f10x_it.o(i.HardFault_Handler)
    MemManage_Handler                        0x08000d1d   Thumb Code     4  stm32f10x_it.o(i.MemManage_Handler)
    NMI_Handler                              0x08000d21   Thumb Code     2  stm32f10x_it.o(i.NMI_Handler)
    NVIC_Configuration                       0x08000d23   Thumb Code    12  sys.o(i.NVIC_Configuration)
    NVIC_Init                                0x08000d31   Thumb Code   100  misc.o(i.NVIC_Init)
    NVIC_PriorityGroupConfig                 0x08000da1   Thumb Code    10  misc.o(i.NVIC_PriorityGroupConfig)
    PID_param_init                           0x08000db5   Thumb Code   124  bsp_pid.o(i.PID_param_init)
    PendSV_Handler                           0x08000e49   Thumb Code     2  stm32f10x_it.o(i.PendSV_Handler)
    RCC_APB1PeriphClockCmd                   0x08000e4d   Thumb Code    26  stm32f10x_rcc.o(i.RCC_APB1PeriphClockCmd)
    RCC_APB1PeriphResetCmd                   0x08000e6d   Thumb Code    26  stm32f10x_rcc.o(i.RCC_APB1PeriphResetCmd)
    RCC_APB2PeriphClockCmd                   0x08000e8d   Thumb Code    26  stm32f10x_rcc.o(i.RCC_APB2PeriphClockCmd)
    RCC_APB2PeriphResetCmd                   0x08000ead   Thumb Code    26  stm32f10x_rcc.o(i.RCC_APB2PeriphResetCmd)
    RCC_Configuration                        0x08000ecd   Thumb Code   100  sys.o(i.RCC_Configuration)
    RCC_DeInit                               0x08000f31   Thumb Code    64  stm32f10x_rcc.o(i.RCC_DeInit)
    RCC_GetClocksFreq                        0x08000f7d   Thumb Code   192  stm32f10x_rcc.o(i.RCC_GetClocksFreq)
    RCC_GetFlagStatus                        0x08001051   Thumb Code    56  stm32f10x_rcc.o(i.RCC_GetFlagStatus)
    RCC_GetSYSCLKSource                      0x0800108d   Thumb Code    10  stm32f10x_rcc.o(i.RCC_GetSYSCLKSource)
    RCC_HCLKConfig                           0x0800109d   Thumb Code    18  stm32f10x_rcc.o(i.RCC_HCLKConfig)
    RCC_HSEConfig                            0x080010b5   Thumb Code    70  stm32f10x_rcc.o(i.RCC_HSEConfig)
    RCC_PCLK1Config                          0x08001101   Thumb Code    18  stm32f10x_rcc.o(i.RCC_PCLK1Config)
    RCC_PCLK2Config                          0x08001119   Thumb Code    20  stm32f10x_rcc.o(i.RCC_PCLK2Config)
    RCC_PLLCmd                               0x08001131   Thumb Code     6  stm32f10x_rcc.o(i.RCC_PLLCmd)
    RCC_PLLConfig                            0x0800113d   Thumb Code    24  stm32f10x_rcc.o(i.RCC_PLLConfig)
    RCC_SYSCLKConfig                         0x08001159   Thumb Code    18  stm32f10x_rcc.o(i.RCC_SYSCLKConfig)
    RCC_WaitForHSEStartUp                    0x08001171   Thumb Code    56  stm32f10x_rcc.o(i.RCC_WaitForHSEStartUp)
    SVC_Handler                              0x080011a9   Thumb Code     2  stm32f10x_it.o(i.SVC_Handler)
    SetTargetMaxSpeed                        0x08001295   Thumb Code    16  control.o(i.SetTargetMaxSpeed)
    SysTick_Handler                          0x080012a9   Thumb Code    14  main.o(i.SysTick_Handler)
    SystemInit                               0x080012c1   Thumb Code    78  system_stm32f10x.o(i.SystemInit)
    TIM2_IRQHandler                          0x08001561   Thumb Code    26  timer.o(i.TIM2_IRQHandler)
    TIM2_Int_Init                            0x0800157b   Thumb Code    94  timer.o(i.TIM2_Int_Init)
    TIM4_IRQHandler                          0x080015d9   Thumb Code    62  capture.o(i.TIM4_IRQHandler)
    TIM_ARRPreloadConfig                     0x08001621   Thumb Code    24  stm32f10x_tim.o(i.TIM_ARRPreloadConfig)
    TIM_ClearFlag                            0x08001639   Thumb Code     6  stm32f10x_tim.o(i.TIM_ClearFlag)
    TIM_ClearITPendingBit                    0x0800163f   Thumb Code     6  stm32f10x_tim.o(i.TIM_ClearITPendingBit)
    TIM_Cmd                                  0x08001645   Thumb Code    24  stm32f10x_tim.o(i.TIM_Cmd)
    TIM_DeInit                               0x0800165d   Thumb Code   424  stm32f10x_tim.o(i.TIM_DeInit)
    TIM_EncoderInterfaceConfig               0x08001845   Thumb Code    66  stm32f10x_tim.o(i.TIM_EncoderInterfaceConfig)
    TIM_GetITStatus                          0x08001887   Thumb Code    34  stm32f10x_tim.o(i.TIM_GetITStatus)
    TIM_ICInit                               0x080018a9   Thumb Code   150  stm32f10x_tim.o(i.TIM_ICInit)
    TIM_ICStructInit                         0x08001955   Thumb Code    18  stm32f10x_tim.o(i.TIM_ICStructInit)
    TIM_ITConfig                             0x08001967   Thumb Code    18  stm32f10x_tim.o(i.TIM_ITConfig)
    TIM_OC1Init                              0x08001979   Thumb Code   132  stm32f10x_tim.o(i.TIM_OC1Init)
    TIM_OC1PreloadConfig                     0x08001a11   Thumb Code    18  stm32f10x_tim.o(i.TIM_OC1PreloadConfig)
    TIM_OC2Init                              0x08001a25   Thumb Code   154  stm32f10x_tim.o(i.TIM_OC2Init)
    TIM_OC2PreloadConfig                     0x08001ac9   Thumb Code    26  stm32f10x_tim.o(i.TIM_OC2PreloadConfig)
    TIM_OC3Init                              0x08001ae5   Thumb Code   150  stm32f10x_tim.o(i.TIM_OC3Init)
    TIM_OC3PreloadConfig                     0x08001b85   Thumb Code    18  stm32f10x_tim.o(i.TIM_OC3PreloadConfig)
    TIM_OC4Init                              0x08001b99   Thumb Code   114  stm32f10x_tim.o(i.TIM_OC4Init)
    TIM_OC4PreloadConfig                     0x08001c15   Thumb Code    26  stm32f10x_tim.o(i.TIM_OC4PreloadConfig)
    TIM_SetCompare1                          0x08001c2f   Thumb Code     4  stm32f10x_tim.o(i.TIM_SetCompare1)
    TIM_SetCompare2                          0x08001c33   Thumb Code     4  stm32f10x_tim.o(i.TIM_SetCompare2)
    TIM_SetCompare3                          0x08001c37   Thumb Code     4  stm32f10x_tim.o(i.TIM_SetCompare3)
    TIM_SetCompare4                          0x08001c3b   Thumb Code     6  stm32f10x_tim.o(i.TIM_SetCompare4)
    TIM_SetCounter                           0x08001c41   Thumb Code     4  stm32f10x_tim.o(i.TIM_SetCounter)
    TIM_SetIC1Prescaler                      0x08001c45   Thumb Code    18  stm32f10x_tim.o(i.TIM_SetIC1Prescaler)
    TIM_SetIC2Prescaler                      0x08001c57   Thumb Code    26  stm32f10x_tim.o(i.TIM_SetIC2Prescaler)
    TIM_SetIC3Prescaler                      0x08001c71   Thumb Code    18  stm32f10x_tim.o(i.TIM_SetIC3Prescaler)
    TIM_SetIC4Prescaler                      0x08001c83   Thumb Code    26  stm32f10x_tim.o(i.TIM_SetIC4Prescaler)
    TIM_TimeBaseInit                         0x08001c9d   Thumb Code   122  stm32f10x_tim.o(i.TIM_TimeBaseInit)
    TIM_TimeBaseStructInit                   0x08001d41   Thumb Code    18  stm32f10x_tim.o(i.TIM_TimeBaseStructInit)
    TIMx_calcPID_start                       0x08001d53   Thumb Code    12  timer.o(i.TIMx_calcPID_start)
    TIMx_calcPID_stop                        0x08001d5f   Thumb Code    14  timer.o(i.TIMx_calcPID_stop)
    TIMx_encoder_init                        0x08001d6d   Thumb Code   190  capture.o(i.TIMx_encoder_init)
    TIMx_pwm_init                            0x08001e35   Thumb Code   272  pwm.o(i.TIMx_pwm_init)
    USART2_IRQHandler                        0x08001f51   Thumb Code   146  usart_1.o(i.USART2_IRQHandler)
    USART_ClearITPendingBit                  0x08001ff5   Thumb Code    30  stm32f10x_usart.o(i.USART_ClearITPendingBit)
    USART_Cmd                                0x08002013   Thumb Code    24  stm32f10x_usart.o(i.USART_Cmd)
    USART_GetFlagStatus                      0x0800202b   Thumb Code    26  stm32f10x_usart.o(i.USART_GetFlagStatus)
    USART_GetITStatus                        0x08002045   Thumb Code    84  stm32f10x_usart.o(i.USART_GetITStatus)
    USART_ITConfig                           0x08002099   Thumb Code    74  stm32f10x_usart.o(i.USART_ITConfig)
    USART_Init                               0x080020e5   Thumb Code   210  stm32f10x_usart.o(i.USART_Init)
    USART_ReceiveData                        0x080021bd   Thumb Code    10  stm32f10x_usart.o(i.USART_ReceiveData)
    USART_SendData                           0x080021c7   Thumb Code     8  stm32f10x_usart.o(i.USART_SendData)
    UsageFault_Handler                       0x080021cf   Thumb Code     4  stm32f10x_it.o(i.UsageFault_Handler)
    __0printf                                0x080021d5   Thumb Code    22  printfa.o(i.__0printf)
    __1printf                                0x080021d5   Thumb Code     0  printfa.o(i.__0printf)
    __2printf                                0x080021d5   Thumb Code     0  printfa.o(i.__0printf)
    __c89printf                              0x080021d5   Thumb Code     0  printfa.o(i.__0printf)
    printf                                   0x080021d5   Thumb Code     0  printfa.o(i.__0printf)
    __scatterload_copy                       0x080021f5   Thumb Code    14  handlers.o(i.__scatterload_copy)
    __scatterload_null                       0x08002203   Thumb Code     2  handlers.o(i.__scatterload_null)
    __scatterload_zeroinit                   0x08002205   Thumb Code    14  handlers.o(i.__scatterload_zeroinit)
    check_sum                                0x08002a9f   Thumb Code    28  protocol.o(i.check_sum)
    delay_ms                                 0x08002abb   Thumb Code    26  delay.o(i.delay_ms)
    delay_us                                 0x08002ad5   Thumb Code    46  delay.o(i.delay_us)
    fputc                                    0x08002b05   Thumb Code    24  usart_1.o(i.fputc)
    get_pid_target                           0x08002bbb   Thumb Code     6  bsp_pid.o(i.get_pid_target)
    led_init                                 0x08002bc1   Thumb Code    38  main.o(i.led_init)
    location_pid_realize                     0x08002bed   Thumb Code   170  bsp_pid.o(i.location_pid_realize)
    main                                     0x08002cb1   Thumb Code   130  main.o(i.main)
    protocol_data_recv                       0x08002d41   Thumb Code    46  protocol.o(i.protocol_data_recv)
    protocol_init                            0x08002f31   Thumb Code    20  protocol.o(i.protocol_init)
    pwm_val_protect                          0x08002f4d   Thumb Code    44  control.o(i.pwm_val_protect)
    read_encoder                             0x08002f7d   Thumb Code     8  capture.o(i.read_encoder)
    receiving_process                        0x08002f89   Thumb Code   452  protocol.o(i.receiving_process)
    set_computer_value                       0x08003241   Thumb Code    90  protocol.o(i.set_computer_value)
    set_motor_output                         0x080032a5   Thumb Code   132  motor.o(i.set_motor_output)
    set_p_i_d                                0x0800332d   Thumb Code     8  bsp_pid.o(i.set_p_i_d)
    set_pid_target                           0x08003335   Thumb Code     4  bsp_pid.o(i.set_pid_target)
    speed_pid_realize                        0x08003339   Thumb Code   170  bsp_pid.o(i.speed_pid_realize)
    uart_init                                0x08003439   Thumb Code   154  usart_1.o(i.uart_init)
    usart1_send                              0x080034dd   Thumb Code    42  usart_1.o(i.usart1_send)
    Region$$Table$$Base                      0x0800350c   Number         0  anon$$obj.o(Region$$Table)
    Region$$Table$$Limit                     0x0800352c   Number         0  anon$$obj.o(Region$$Table)
    INT_MARK                                 0x20000014   Data           1  nvic.o(.data)
    __stdout                                 0x20000018   Data           4  usart_1.o(.data)
    USART_RX_STA                             0x2000001c   Data           2  usart_1.o(.data)
    rx_cnt                                   0x2000001e   Data           1  usart_1.o(.data)
    sizecopy                                 0x20000020   Data           4  usart_1.o(.data)
    EncoderOverflowCnt                       0x20000024   Data           2  capture.o(.data)
    EncoderOverflowCnt2                      0x20000026   Data           2  capture.o(.data)
    encoderNow                               0x20000028   Data           4  control.o(.data)
    temp                                     0x2000002c   Data           4  control.o(.data)
    USART_RX_BUF                             0x200000d6   Data         200  usart_1.o(.bss)
    Recv1                                    0x2000019e   Data         128  usart_1.o(.bss)
    pid_location                             0x20000220   Data          32  bsp_pid.o(.bss)
    pid_speed                                0x20000240   Data          32  bsp_pid.o(.bss)
    __initial_sp                             0x20000660   Data           0  startup_stm32f10x_md.o(STACK)



==============================================================================

Memory Map of the image

  Image Entry point : 0x080000ed

  Load Region LR_IROM1 (Base: 0x08000000, Size: 0x0000356c, Max: 0x00010000, ABSOLUTE)

    Execution Region ER_IROM1 (Exec base: 0x08000000, Load base: 0x08000000, Size: 0x0000352c, Max: 0x00010000, ABSOLUTE)

    Exec Addr    Load Addr    Size         Type   Attr      Idx    E Section Name        Object

    0x08000000   0x08000000   0x000000ec   Data   RO         3122    RESET               startup_stm32f10x_md.o
    0x080000ec   0x080000ec   0x00000000   Code   RO         3865  * .ARM.Collect$$$$00000000  mc_w.l(entry.o)
    0x080000ec   0x080000ec   0x00000004   Code   RO         4151    .ARM.Collect$$$$00000001  mc_w.l(entry2.o)
    0x080000f0   0x080000f0   0x00000004   Code   RO         4154    .ARM.Collect$$$$00000004  mc_w.l(entry5.o)
    0x080000f4   0x080000f4   0x00000000   Code   RO         4156    .ARM.Collect$$$$00000008  mc_w.l(entry7b.o)
    0x080000f4   0x080000f4   0x00000000   Code   RO         4158    .ARM.Collect$$$$0000000A  mc_w.l(entry8b.o)
    0x080000f4   0x080000f4   0x00000008   Code   RO         4159    .ARM.Collect$$$$0000000B  mc_w.l(entry9a.o)
    0x080000fc   0x080000fc   0x00000004   Code   RO         4166    .ARM.Collect$$$$0000000E  mc_w.l(entry12b.o)
    0x08000100   0x08000100   0x00000000   Code   RO         4161    .ARM.Collect$$$$0000000F  mc_w.l(entry10a.o)
    0x08000100   0x08000100   0x00000000   Code   RO         4163    .ARM.Collect$$$$00000011  mc_w.l(entry11a.o)
    0x08000100   0x08000100   0x00000004   Code   RO         4152    .ARM.Collect$$$$00002712  mc_w.l(entry2.o)
    0x08000104   0x08000104   0x00000024   Code   RO         3123    .text               startup_stm32f10x_md.o
    0x08000128   0x08000128   0x00000024   Code   RO         3868    .text               mc_w.l(memcpya.o)
    0x0800014c   0x0800014c   0x00000024   Code   RO         3870    .text               mc_w.l(memseta.o)
    0x08000170   0x08000170   0x000000b0   Code   RO         4135    .text               mf_w.l(fadd.o)
    0x08000220   0x08000220   0x00000064   Code   RO         4137    .text               mf_w.l(fmul.o)
    0x08000284   0x08000284   0x0000007c   Code   RO         4139    .text               mf_w.l(fdiv.o)
    0x08000300   0x08000300   0x00000012   Code   RO         4141    .text               mf_w.l(fflti.o)
    0x08000312   0x08000312   0x00000032   Code   RO         4143    .text               mf_w.l(ffixi.o)
    0x08000344   0x08000344   0x00000026   Code   RO         4145    .text               mf_w.l(f2d.o)
    0x0800036a   0x0800036a   0x00000002   PAD
    0x0800036c   0x0800036c   0x00000014   Code   RO         4147    .text               mf_w.l(cfcmple.o)
    0x08000380   0x08000380   0x00000014   Code   RO         4149    .text               mf_w.l(cfrcmple.o)
    0x08000394   0x08000394   0x0000002c   Code   RO         4167    .text               mc_w.l(uidiv.o)
    0x080003c0   0x080003c0   0x00000062   Code   RO         4169    .text               mc_w.l(uldiv.o)
    0x08000422   0x08000422   0x00000000   Code   RO         4171    .text               mc_w.l(iusefp.o)
    0x08000422   0x08000422   0x0000006e   Code   RO         4172    .text               mf_w.l(fepilogue.o)
    0x08000490   0x08000490   0x0000014e   Code   RO         4174    .text               mf_w.l(dadd.o)
    0x080005de   0x080005de   0x000000e4   Code   RO         4176    .text               mf_w.l(dmul.o)
    0x080006c2   0x080006c2   0x000000de   Code   RO         4178    .text               mf_w.l(ddiv.o)
    0x080007a0   0x080007a0   0x00000030   Code   RO         4180    .text               mf_w.l(dfixul.o)
    0x080007d0   0x080007d0   0x00000030   Code   RO         4182    .text               mf_w.l(cdrcmple.o)
    0x08000800   0x08000800   0x00000024   Code   RO         4184    .text               mc_w.l(init.o)
    0x08000824   0x08000824   0x0000001e   Code   RO         4186    .text               mc_w.l(llshl.o)
    0x08000842   0x08000842   0x00000020   Code   RO         4188    .text               mc_w.l(llushr.o)
    0x08000862   0x08000862   0x00000024   Code   RO         4190    .text               mc_w.l(llsshr.o)
    0x08000886   0x08000886   0x000000ba   Code   RO         4192    .text               mf_w.l(depilogue.o)
    0x08000940   0x08000940   0x00000180   Code   RO         3826    i.AutoReloadCallback  control.o
    0x08000ac0   0x08000ac0   0x00000004   Code   RO         3201    i.BusFault_Handler  stm32f10x_it.o
    0x08000ac4   0x08000ac4   0x00000002   Code   RO         3202    i.DebugMon_Handler  stm32f10x_it.o
    0x08000ac6   0x08000ac6   0x00000002   PAD
    0x08000ac8   0x08000ac8   0x000000ac   Code   RO         3420    i.EXTI15_10_IRQHandler  nvic.o
    0x08000b74   0x08000b74   0x00000002   Code   RO         3421    i.EXTI4_IRQHandler  nvic.o
    0x08000b76   0x08000b76   0x00000002   PAD
    0x08000b78   0x08000b78   0x0000000c   Code   RO          951    i.EXTI_ClearITPendingBit  stm32f10x_exti.o
    0x08000b84   0x08000b84   0x00000028   Code   RO          955    i.EXTI_GetITStatus  stm32f10x_exti.o
    0x08000bac   0x08000bac   0x0000001c   Code   RO         1021    i.FLASH_PrefetchBufferCmd  stm32f10x_flash.o
    0x08000bc8   0x08000bc8   0x00000018   Code   RO         1026    i.FLASH_SetLatency  stm32f10x_flash.o
    0x08000be0   0x08000be0   0x00000116   Code   RO         1304    i.GPIO_Init         stm32f10x_gpio.o
    0x08000cf6   0x08000cf6   0x00000012   Code   RO         1308    i.GPIO_ReadInputDataBit  stm32f10x_gpio.o
    0x08000d08   0x08000d08   0x00000010   Code   RO         1313    i.GPIO_StructInit   stm32f10x_gpio.o
    0x08000d18   0x08000d18   0x00000004   Code   RO         3203    i.HardFault_Handler  stm32f10x_it.o
    0x08000d1c   0x08000d1c   0x00000004   Code   RO         3204    i.MemManage_Handler  stm32f10x_it.o
    0x08000d20   0x08000d20   0x00000002   Code   RO         3205    i.NMI_Handler       stm32f10x_it.o
    0x08000d22   0x08000d22   0x0000000c   Code   RO         3285    i.NVIC_Configuration  sys.o
    0x08000d2e   0x08000d2e   0x00000002   PAD
    0x08000d30   0x08000d30   0x00000070   Code   RO          130    i.NVIC_Init         misc.o
    0x08000da0   0x08000da0   0x00000014   Code   RO          131    i.NVIC_PriorityGroupConfig  misc.o
    0x08000db4   0x08000db4   0x00000094   Code   RO         3777    i.PID_param_init    bsp_pid.o
    0x08000e48   0x08000e48   0x00000002   Code   RO         3206    i.PendSV_Handler    stm32f10x_it.o
    0x08000e4a   0x08000e4a   0x00000002   PAD
    0x08000e4c   0x08000e4c   0x00000020   Code   RO         1720    i.RCC_APB1PeriphClockCmd  stm32f10x_rcc.o
    0x08000e6c   0x08000e6c   0x00000020   Code   RO         1721    i.RCC_APB1PeriphResetCmd  stm32f10x_rcc.o
    0x08000e8c   0x08000e8c   0x00000020   Code   RO         1722    i.RCC_APB2PeriphClockCmd  stm32f10x_rcc.o
    0x08000eac   0x08000eac   0x00000020   Code   RO         1723    i.RCC_APB2PeriphResetCmd  stm32f10x_rcc.o
    0x08000ecc   0x08000ecc   0x00000064   Code   RO         3286    i.RCC_Configuration  sys.o
    0x08000f30   0x08000f30   0x0000004c   Code   RO         1729    i.RCC_DeInit        stm32f10x_rcc.o
    0x08000f7c   0x08000f7c   0x000000d4   Code   RO         1730    i.RCC_GetClocksFreq  stm32f10x_rcc.o
    0x08001050   0x08001050   0x0000003c   Code   RO         1731    i.RCC_GetFlagStatus  stm32f10x_rcc.o
    0x0800108c   0x0800108c   0x00000010   Code   RO         1733    i.RCC_GetSYSCLKSource  stm32f10x_rcc.o
    0x0800109c   0x0800109c   0x00000018   Code   RO         1734    i.RCC_HCLKConfig    stm32f10x_rcc.o
    0x080010b4   0x080010b4   0x0000004c   Code   RO         1735    i.RCC_HSEConfig     stm32f10x_rcc.o
    0x08001100   0x08001100   0x00000018   Code   RO         1741    i.RCC_PCLK1Config   stm32f10x_rcc.o
    0x08001118   0x08001118   0x00000018   Code   RO         1742    i.RCC_PCLK2Config   stm32f10x_rcc.o
    0x08001130   0x08001130   0x0000000c   Code   RO         1743    i.RCC_PLLCmd        stm32f10x_rcc.o
    0x0800113c   0x0800113c   0x0000001c   Code   RO         1744    i.RCC_PLLConfig     stm32f10x_rcc.o
    0x08001158   0x08001158   0x00000018   Code   RO         1747    i.RCC_SYSCLKConfig  stm32f10x_rcc.o
    0x08001170   0x08001170   0x00000038   Code   RO         1749    i.RCC_WaitForHSEStartUp  stm32f10x_rcc.o
    0x080011a8   0x080011a8   0x00000002   Code   RO         3207    i.SVC_Handler       stm32f10x_it.o
    0x080011aa   0x080011aa   0x00000008   Code   RO           17    i.SetSysClock       system_stm32f10x.o
    0x080011b2   0x080011b2   0x00000002   PAD
    0x080011b4   0x080011b4   0x000000e0   Code   RO           18    i.SetSysClockTo72   system_stm32f10x.o
    0x08001294   0x08001294   0x00000014   Code   RO         3828    i.SetTargetMaxSpeed  control.o
    0x080012a8   0x080012a8   0x00000018   Code   RO         3127    i.SysTick_Handler   main.o
    0x080012c0   0x080012c0   0x00000060   Code   RO           20    i.SystemInit        system_stm32f10x.o
    0x08001320   0x08001320   0x00000080   Code   RO         2008    i.TI1_Config        stm32f10x_tim.o
    0x080013a0   0x080013a0   0x00000098   Code   RO         2009    i.TI2_Config        stm32f10x_tim.o
    0x08001438   0x08001438   0x00000090   Code   RO         2010    i.TI3_Config        stm32f10x_tim.o
    0x080014c8   0x080014c8   0x00000098   Code   RO         2011    i.TI4_Config        stm32f10x_tim.o
    0x08001560   0x08001560   0x0000001a   Code   RO         3525    i.TIM2_IRQHandler   timer.o
    0x0800157a   0x0800157a   0x0000005e   Code   RO         3526    i.TIM2_Int_Init     timer.o
    0x080015d8   0x080015d8   0x00000048   Code   RO         3700    i.TIM4_IRQHandler   capture.o
    0x08001620   0x08001620   0x00000018   Code   RO         2012    i.TIM_ARRPreloadConfig  stm32f10x_tim.o
    0x08001638   0x08001638   0x00000006   Code   RO         2018    i.TIM_ClearFlag     stm32f10x_tim.o
    0x0800163e   0x0800163e   0x00000006   Code   RO         2019    i.TIM_ClearITPendingBit  stm32f10x_tim.o
    0x08001644   0x08001644   0x00000018   Code   RO         2024    i.TIM_Cmd           stm32f10x_tim.o
    0x0800165c   0x0800165c   0x000001e8   Code   RO         2029    i.TIM_DeInit        stm32f10x_tim.o
    0x08001844   0x08001844   0x00000042   Code   RO         2033    i.TIM_EncoderInterfaceConfig  stm32f10x_tim.o
    0x08001886   0x08001886   0x00000022   Code   RO         2045    i.TIM_GetITStatus   stm32f10x_tim.o
    0x080018a8   0x080018a8   0x000000ac   Code   RO         2047    i.TIM_ICInit        stm32f10x_tim.o
    0x08001954   0x08001954   0x00000012   Code   RO         2048    i.TIM_ICStructInit  stm32f10x_tim.o
    0x08001966   0x08001966   0x00000012   Code   RO         2049    i.TIM_ITConfig      stm32f10x_tim.o
    0x08001978   0x08001978   0x00000098   Code   RO         2053    i.TIM_OC1Init       stm32f10x_tim.o
    0x08001a10   0x08001a10   0x00000012   Code   RO         2056    i.TIM_OC1PreloadConfig  stm32f10x_tim.o
    0x08001a22   0x08001a22   0x00000002   PAD
    0x08001a24   0x08001a24   0x000000a4   Code   RO         2058    i.TIM_OC2Init       stm32f10x_tim.o
    0x08001ac8   0x08001ac8   0x0000001a   Code   RO         2061    i.TIM_OC2PreloadConfig  stm32f10x_tim.o
    0x08001ae2   0x08001ae2   0x00000002   PAD
    0x08001ae4   0x08001ae4   0x000000a0   Code   RO         2063    i.TIM_OC3Init       stm32f10x_tim.o
    0x08001b84   0x08001b84   0x00000012   Code   RO         2066    i.TIM_OC3PreloadConfig  stm32f10x_tim.o
    0x08001b96   0x08001b96   0x00000002   PAD
    0x08001b98   0x08001b98   0x0000007c   Code   RO         2068    i.TIM_OC4Init       stm32f10x_tim.o
    0x08001c14   0x08001c14   0x0000001a   Code   RO         2070    i.TIM_OC4PreloadConfig  stm32f10x_tim.o
    0x08001c2e   0x08001c2e   0x00000004   Code   RO         2085    i.TIM_SetCompare1   stm32f10x_tim.o
    0x08001c32   0x08001c32   0x00000004   Code   RO         2086    i.TIM_SetCompare2   stm32f10x_tim.o
    0x08001c36   0x08001c36   0x00000004   Code   RO         2087    i.TIM_SetCompare3   stm32f10x_tim.o
    0x08001c3a   0x08001c3a   0x00000006   Code   RO         2088    i.TIM_SetCompare4   stm32f10x_tim.o
    0x08001c40   0x08001c40   0x00000004   Code   RO         2089    i.TIM_SetCounter    stm32f10x_tim.o
    0x08001c44   0x08001c44   0x00000012   Code   RO         2090    i.TIM_SetIC1Prescaler  stm32f10x_tim.o
    0x08001c56   0x08001c56   0x0000001a   Code   RO         2091    i.TIM_SetIC2Prescaler  stm32f10x_tim.o
    0x08001c70   0x08001c70   0x00000012   Code   RO         2092    i.TIM_SetIC3Prescaler  stm32f10x_tim.o
    0x08001c82   0x08001c82   0x0000001a   Code   RO         2093    i.TIM_SetIC4Prescaler  stm32f10x_tim.o
    0x08001c9c   0x08001c9c   0x000000a4   Code   RO         2095    i.TIM_TimeBaseInit  stm32f10x_tim.o
    0x08001d40   0x08001d40   0x00000012   Code   RO         2096    i.TIM_TimeBaseStructInit  stm32f10x_tim.o
    0x08001d52   0x08001d52   0x0000000c   Code   RO         3527    i.TIMx_calcPID_start  timer.o
    0x08001d5e   0x08001d5e   0x0000000e   Code   RO         3528    i.TIMx_calcPID_stop  timer.o
    0x08001d6c   0x08001d6c   0x000000c8   Code   RO         3702    i.TIMx_encoder_init  capture.o
    0x08001e34   0x08001e34   0x0000011c   Code   RO         3759    i.TIMx_pwm_init     pwm.o
    0x08001f50   0x08001f50   0x000000a4   Code   RO         3652    i.USART2_IRQHandler  usart_1.o
    0x08001ff4   0x08001ff4   0x0000001e   Code   RO         2887    i.USART_ClearITPendingBit  stm32f10x_usart.o
    0x08002012   0x08002012   0x00000018   Code   RO         2890    i.USART_Cmd         stm32f10x_usart.o
    0x0800202a   0x0800202a   0x0000001a   Code   RO         2893    i.USART_GetFlagStatus  stm32f10x_usart.o
    0x08002044   0x08002044   0x00000054   Code   RO         2894    i.USART_GetITStatus  stm32f10x_usart.o
    0x08002098   0x08002098   0x0000004a   Code   RO         2896    i.USART_ITConfig    stm32f10x_usart.o
    0x080020e2   0x080020e2   0x00000002   PAD
    0x080020e4   0x080020e4   0x000000d8   Code   RO         2897    i.USART_Init        stm32f10x_usart.o
    0x080021bc   0x080021bc   0x0000000a   Code   RO         2904    i.USART_ReceiveData  stm32f10x_usart.o
    0x080021c6   0x080021c6   0x00000008   Code   RO         2907    i.USART_SendData    stm32f10x_usart.o
    0x080021ce   0x080021ce   0x00000004   Code   RO         3208    i.UsageFault_Handler  stm32f10x_it.o
    0x080021d2   0x080021d2   0x00000002   PAD
    0x080021d4   0x080021d4   0x00000020   Code   RO         4107    i.__0printf         mc_w.l(printfa.o)
    0x080021f4   0x080021f4   0x0000000e   Code   RO         4196    i.__scatterload_copy  mc_w.l(handlers.o)
    0x08002202   0x08002202   0x00000002   Code   RO         4197    i.__scatterload_null  mc_w.l(handlers.o)
    0x08002204   0x08002204   0x0000000e   Code   RO         4198    i.__scatterload_zeroinit  mc_w.l(handlers.o)
    0x08002212   0x08002212   0x00000002   PAD
    0x08002214   0x08002214   0x00000184   Code   RO         4114    i._fp_digits        mc_w.l(printfa.o)
    0x08002398   0x08002398   0x000006b4   Code   RO         4115    i._printf_core      mc_w.l(printfa.o)
    0x08002a4c   0x08002a4c   0x00000024   Code   RO         4116    i._printf_post_padding  mc_w.l(printfa.o)
    0x08002a70   0x08002a70   0x0000002e   Code   RO         4117    i._printf_pre_padding  mc_w.l(printfa.o)
    0x08002a9e   0x08002a9e   0x0000001c   Code   RO         3558    i.check_sum         protocol.o
    0x08002aba   0x08002aba   0x0000001a   Code   RO         3258    i.delay_ms          delay.o
    0x08002ad4   0x08002ad4   0x0000002e   Code   RO         3260    i.delay_us          delay.o
    0x08002b02   0x08002b02   0x00000002   PAD
    0x08002b04   0x08002b04   0x0000001c   Code   RO         3654    i.fputc             usart_1.o
    0x08002b20   0x08002b20   0x00000020   Code   RO         3559    i.get_frame_checksum  protocol.o
    0x08002b40   0x08002b40   0x0000005c   Code   RO         3560    i.get_frame_len     protocol.o
    0x08002b9c   0x08002b9c   0x0000001e   Code   RO         3561    i.get_frame_type    protocol.o
    0x08002bba   0x08002bba   0x00000006   Code   RO         3778    i.get_pid_target    bsp_pid.o
    0x08002bc0   0x08002bc0   0x0000002c   Code   RO         3128    i.led_init          main.o
    0x08002bec   0x08002bec   0x000000c4   Code   RO         3779    i.location_pid_realize  bsp_pid.o
    0x08002cb0   0x08002cb0   0x00000090   Code   RO         3129    i.main              main.o
    0x08002d40   0x08002d40   0x00000034   Code   RO         3562    i.protocol_data_recv  protocol.o
    0x08002d74   0x08002d74   0x000001bc   Code   RO         3563    i.protocol_frame_parse  protocol.o
    0x08002f30   0x08002f30   0x0000001c   Code   RO         3564    i.protocol_init     protocol.o
    0x08002f4c   0x08002f4c   0x00000030   Code   RO         3829    i.pwm_val_protect   control.o
    0x08002f7c   0x08002f7c   0x0000000c   Code   RO         3703    i.read_encoder      capture.o
    0x08002f88   0x08002f88   0x000001dc   Code   RO         3565    i.receiving_process  protocol.o
    0x08003164   0x08003164   0x00000074   Code   RO         3566    i.recvbuf_find_header  protocol.o
    0x080031d8   0x080031d8   0x00000022   Code   RO         3567    i.recvbuf_get_len_to_parse  protocol.o
    0x080031fa   0x080031fa   0x00000046   Code   RO         3568    i.recvbuf_put_data  protocol.o
    0x08003240   0x08003240   0x00000064   Code   RO         3569    i.set_computer_value  protocol.o
    0x080032a4   0x080032a4   0x00000088   Code   RO         3741    i.set_motor_output  motor.o
    0x0800332c   0x0800332c   0x00000008   Code   RO         3780    i.set_p_i_d         bsp_pid.o
    0x08003334   0x08003334   0x00000004   Code   RO         3781    i.set_pid_target    bsp_pid.o
    0x08003338   0x08003338   0x000000c4   Code   RO         3782    i.speed_pid_realize  bsp_pid.o
    0x080033fc   0x080033fc   0x0000003c   Code   RO         3830    i.speed_val_protect  control.o
    0x08003438   0x08003438   0x000000a4   Code   RO         3655    i.uart_init         usart_1.o
    0x080034dc   0x080034dc   0x00000030   Code   RO         3656    i.usart1_send       usart_1.o
    0x0800350c   0x0800350c   0x00000020   Data   RO         4194    Region$$Table       anon$$obj.o


    Execution Region RW_IRAM1 (Exec base: 0x20000000, Load base: 0x0800352c, Size: 0x00000660, Max: 0x00005000, ABSOLUTE)

    Exec Addr    Load Addr    Size         Type   Attr      Idx    E Section Name        Object

    0x20000000   0x0800352c   0x00000014   Data   RW         1750    .data               stm32f10x_rcc.o
    0x20000014   0x08003540   0x00000001   Data   RW         3423    .data               nvic.o
    0x20000015   0x08003541   0x00000003   PAD
    0x20000018   0x08003544   0x0000000c   Data   RW         3658    .data               usart_1.o
    0x20000024   0x08003550   0x00000004   Data   RW         3704    .data               capture.o
    0x20000028   0x08003554   0x00000018   Data   RW         3831    .data               control.o
    0x20000040        -       0x00000096   Zero   RW         3570    .bss                protocol.o
    0x200000d6        -       0x00000148   Zero   RW         3657    .bss                usart_1.o
    0x2000021e   0x0800356c   0x00000002   PAD
    0x20000220        -       0x00000040   Zero   RW         3783    .bss                bsp_pid.o
    0x20000260        -       0x00000400   Zero   RW         3120    STACK               startup_stm32f10x_md.o


==============================================================================

Image component sizes


      Code (inc. data)   RO Data    RW Data    ZI Data      Debug   Object Name

       558         76          0          0         64       4470   bsp_pid.o
       284         24          0          4          0       2182   capture.o
       512        102          0         24          0       2565   control.o
         0          0          0          0          0       4532   core_cm3.o
        72          0          0          0          0        898   delay.o
       212         30          0          0          0       1304   main.o
       132         22          0          0          0     204619   misc.o
       136          4          0          0          0        595   motor.o
       174          8          0          1          0       1109   nvic.o
      1502         58          0          0        150      25017   protocol.o
       284         12          0          0          0        808   pwm.o
        36          8        236          0       1024        764   startup_stm32f10x_md.o
        52         12          0          0          0       1012   stm32f10x_exti.o
        52         12          0          0          0        977   stm32f10x_flash.o
       312          0          0          0          0       2850   stm32f10x_gpio.o
        24          0          0          0          0       3124   stm32f10x_it.o
       760        104          0         20          0      10572   stm32f10x_rcc.o
      2412        264          0          0          0      19081   stm32f10x_tim.o
       472          6          0          0          0       6239   stm32f10x_usart.o
       112          0          0          0          0        945   sys.o
       328         28          0          0          0      45013   system_stm32f10x.o
       146          0          0          0          0       1911   timer.o
       404         38          0         12        328       4296   usart_1.o

    ----------------------------------------------------------------------
      8998        808        268         64       1568     344883   Object Totals
         0          0         32          0          0          0   (incl. Generated)
        22          0          0          3          2          0   (incl. Padding)

    ----------------------------------------------------------------------

      Code (inc. data)   RO Data    RW Data    ZI Data      Debug   Library Member Name

         0          0          0          0          0          0   entry.o
         0          0          0          0          0          0   entry10a.o
         0          0          0          0          0          0   entry11a.o
         4          0          0          0          0          0   entry12b.o
         8          4          0          0          0          0   entry2.o
         4          0          0          0          0          0   entry5.o
         0          0          0          0          0          0   entry7b.o
         0          0          0          0          0          0   entry8b.o
         8          4          0          0          0          0   entry9a.o
        30          0          0          0          0          0   handlers.o
        36          8          0          0          0         68   init.o
         0          0          0          0          0          0   iusefp.o
        30          0          0          0          0         68   llshl.o
        36          0          0          0          0         68   llsshr.o
        32          0          0          0          0         68   llushr.o
        36          0          0          0          0         68   memcpya.o
        36          0          0          0          0        108   memseta.o
      2218         90          0          0          0        464   printfa.o
        44          0          0          0          0         80   uidiv.o
        98          0          0          0          0         92   uldiv.o
        48          0          0          0          0         68   cdrcmple.o
        20          0          0          0          0         68   cfcmple.o
        20          0          0          0          0         68   cfrcmple.o
       334          0          0          0          0        148   dadd.o
       222          0          0          0          0        100   ddiv.o
       186          0          0          0          0        176   depilogue.o
        48          0          0          0          0         68   dfixul.o
       228          0          0          0          0         96   dmul.o
        38          0          0          0          0         68   f2d.o
       176          0          0          0          0        140   fadd.o
       124          0          0          0          0         88   fdiv.o
       110          0          0          0          0        168   fepilogue.o
        50          0          0          0          0         68   ffixi.o
        18          0          0          0          0         68   fflti.o
       100          0          0          0          0         76   fmul.o

    ----------------------------------------------------------------------
      4346        106          0          0          0       2552   Library Totals
         4          0          0          0          0          0   (incl. Padding)

    ----------------------------------------------------------------------

      Code (inc. data)   RO Data    RW Data    ZI Data      Debug   Library Name

      2620        106          0          0          0       1084   mc_w.l
      1722          0          0          0          0       1468   mf_w.l

    ----------------------------------------------------------------------
      4346        106          0          0          0       2552   Library Totals

    ----------------------------------------------------------------------

==============================================================================


      Code (inc. data)   RO Data    RW Data    ZI Data      Debug   

     13344        914        268         64       1568     340203   Grand Totals
     13344        914        268         64       1568     340203   ELF Image Totals
     13344        914        268         64          0          0   ROM Totals

==============================================================================

    Total RO  Size (Code + RO Data)                13612 (  13.29kB)
    Total RW  Size (RW Data + ZI Data)              1632 (   1.59kB)
    Total ROM Size (Code + RO Data + RW Data)      13676 (  13.36kB)

==============================================================================

