<html>
<body>
<pre>
<h1>礦ision Build Log</h1>
<h2>Tool Versions:</h2>
IDE-Version: μVision V5.25.3.0
Copyright (C) 2018 ARM Ltd and ARM Germany GmbH. All rights reserved.
License Information: yu hp, HP Inc., LIC=IK1BF-64K2P-RA6DM-X4DA6-1FV8K-GEIBN
 
Tool Versions:
Toolchain:       MDK-ARM Plus  Version: 5.14.0.0
Toolchain Path:  C:\Keil_v5\ARM\ARMCC\Bin
C Compiler:      Armcc.exe V5.05 update 1 (build 106)
Assembler:       Armasm.exe V5.05 update 1 (build 106)
Linker/Locator:  ArmLink.exe V5.05 update 1 (build 106)
Library Manager: ArmAr.exe V5.05 update 1 (build 106)
Hex Converter:   FromElf.exe V5.05 update 1 (build 106)
CPU DLL:         SARMCM3.DLL V5.14.0.0
Dialog DLL:      DARM.DLL
Target DLL:      Segger\JL2CM3.dll V2.99.13.0
Dialog DLL:      TCM.DLL V1.14.4.0
 
<h2>Project:</h2>
C:\Users\hp\Desktop\32练习例程\3-5光敏传感器控制蜂鸣器\Project.uvprojx
Project File Date:  07/10/2022

<h2>Output:</h2>
*** Using Compiler 'V5.05 update 1 (build 106)', folder: 'C:\Keil_v5\ARM\ARMCC\Bin'
Build target 'Target 1'
compiling main.c...
.\Hardware\Buzzer.h(10): warning:  #1-D: last line of file ends without a newline
  #endif
.\Hardware\LightSensor.h(7): warning:  #1-D: last line of file ends without a newline
  #endif
User\main.c(11): warning:  #223-D: function "LightSensor_Init" declared implicitly
  	LightSensor_Init();
User\main.c(16): warning:  #223-D: function "LightSensor_Get" declared implicitly
  		if(LightSensor_Get() == 0)  //为0表示光敏传感器受到光线比较暗的情况，向单片机传入电平0,也就是LED1的端口
User\main.c(27): warning:  #1-D: last line of file ends without a newline
  }
User\main.c: 5 warnings, 0 errors
linking...
Program Size: Code=1184 RO-data=252 RW-data=0 ZI-data=1632  
FromELF: creating hex file...
".\Objects\Project.axf" - 0 Error(s), 5 Warning(s).

<h2>Software Packages used:</h2>

Package Vendor: Keil
                http://www.keil.com/pack/Keil.STM32F1xx_DFP.2.2.0.pack
                Keil.STM32F1xx_DFP.2.2.0
                STMicroelectronics STM32F1 Series Device Support, Drivers and Examples

<h2>Collection of Component include folders:</h2>
  .\RTE\_Target_1
  C:\Keil_v5\ARM\PACK\Keil\STM32F1xx_DFP\2.2.0\Device\Include

<h2>Collection of Component Files used:</h2>
Build Time Elapsed:  00:00:01
</pre>
</body>
</html>
