Component: ARM Compiler 5.06 update 7 (build 960) Tool: armlink [4d3601]

==============================================================================

Section Cross References

    startup_stm32f103xb.o(RESET) refers to startup_stm32f103xb.o(STACK) for __initial_sp
    startup_stm32f103xb.o(RESET) refers to startup_stm32f103xb.o(.text) for Reset_Handler
    startup_stm32f103xb.o(RESET) refers to stm32f1xx_it.o(i.NMI_Handler) for NMI_Handler
    startup_stm32f103xb.o(RESET) refers to stm32f1xx_it.o(i.HardFault_Handler) for HardFault_Handler
    startup_stm32f103xb.o(RESET) refers to stm32f1xx_it.o(i.MemManage_Handler) for MemManage_Handler
    startup_stm32f103xb.o(RESET) refers to stm32f1xx_it.o(i.BusFault_Handler) for BusFault_Handler
    startup_stm32f103xb.o(RESET) refers to stm32f1xx_it.o(i.UsageFault_Handler) for UsageFault_Handler
    startup_stm32f103xb.o(RESET) refers to stm32f1xx_it.o(i.SVC_Handler) for SVC_Handler
    startup_stm32f103xb.o(RESET) refers to stm32f1xx_it.o(i.DebugMon_Handler) for DebugMon_Handler
    startup_stm32f103xb.o(RESET) refers to stm32f1xx_it.o(i.PendSV_Handler) for PendSV_Handler
    startup_stm32f103xb.o(RESET) refers to stm32f1xx_it.o(i.SysTick_Handler) for SysTick_Handler
    startup_stm32f103xb.o(RESET) refers to stm32f1xx_it.o(i.EXTI1_IRQHandler) for EXTI1_IRQHandler
    startup_stm32f103xb.o(RESET) refers to stm32f1xx_it.o(i.EXTI2_IRQHandler) for EXTI2_IRQHandler
    startup_stm32f103xb.o(RESET) refers to stm32f1xx_it.o(i.DMA1_Channel5_IRQHandler) for DMA1_Channel5_IRQHandler
    startup_stm32f103xb.o(RESET) refers to stm32f1xx_it.o(i.EXTI9_5_IRQHandler) for EXTI9_5_IRQHandler
    startup_stm32f103xb.o(RESET) refers to stm32f1xx_it.o(i.TIM4_IRQHandler) for TIM4_IRQHandler
    startup_stm32f103xb.o(RESET) refers to stm32f1xx_it.o(i.SPI1_IRQHandler) for SPI1_IRQHandler
    startup_stm32f103xb.o(RESET) refers to stm32f1xx_it.o(i.USART1_IRQHandler) for USART1_IRQHandler
    startup_stm32f103xb.o(RESET) refers to stm32f1xx_it.o(i.EXTI15_10_IRQHandler) for EXTI15_10_IRQHandler
    startup_stm32f103xb.o(.text) refers to system_stm32f1xx.o(i.SystemInit) for SystemInit
    startup_stm32f103xb.o(.text) refers to entry.o(.ARM.Collect$$$$00000000) for __main
    main.o(i.MX_NVIC_Init) refers to stm32f1xx_hal_cortex.o(i.HAL_NVIC_SetPriority) for HAL_NVIC_SetPriority
    main.o(i.MX_NVIC_Init) refers to stm32f1xx_hal_cortex.o(i.HAL_NVIC_EnableIRQ) for HAL_NVIC_EnableIRQ
    main.o(i.SystemClock_Config) refers to memseta.o(.text) for __aeabi_memclr4
    main.o(i.SystemClock_Config) refers to stm32f1xx_hal_rcc.o(i.HAL_RCC_OscConfig) for HAL_RCC_OscConfig
    main.o(i.SystemClock_Config) refers to main.o(i.Error_Handler) for Error_Handler
    main.o(i.SystemClock_Config) refers to stm32f1xx_hal_rcc.o(i.HAL_RCC_ClockConfig) for HAL_RCC_ClockConfig
    main.o(i.fputc) refers to stm32f1xx_hal_uart.o(i.HAL_UART_Transmit) for HAL_UART_Transmit
    main.o(i.fputc) refers to usart.o(.bss) for huart3
    main.o(i.main) refers to stm32f1xx_hal.o(i.HAL_Init) for HAL_Init
    main.o(i.main) refers to main.o(i.SystemClock_Config) for SystemClock_Config
    main.o(i.main) refers to gpio.o(i.MX_GPIO_Init) for MX_GPIO_Init
    main.o(i.main) refers to dma.o(i.MX_DMA_Init) for MX_DMA_Init
    main.o(i.main) refers to tim.o(i.MX_TIM2_Init) for MX_TIM2_Init
    main.o(i.main) refers to tim.o(i.MX_TIM3_Init) for MX_TIM3_Init
    main.o(i.main) refers to usart.o(i.MX_USART1_UART_Init) for MX_USART1_UART_Init
    main.o(i.main) refers to usart.o(i.MX_USART3_UART_Init) for MX_USART3_UART_Init
    main.o(i.main) refers to tim.o(i.MX_TIM4_Init) for MX_TIM4_Init
    main.o(i.main) refers to tim.o(i.MX_TIM1_Init) for MX_TIM1_Init
    main.o(i.main) refers to spi.o(i.MX_SPI1_Init) for MX_SPI1_Init
    main.o(i.main) refers to main.o(i.MX_NVIC_Init) for MX_NVIC_Init
    main.o(i.main) refers to oled.o(i.OLED_Init) for OLED_Init
    main.o(i.main) refers to oled.o(i.OLED_Clear) for OLED_Clear
    main.o(i.main) refers to oled.o(i.OLED_ShowString) for OLED_ShowString
    main.o(i.main) refers to ffixui.o(.text) for __aeabi_f2uiz
    main.o(i.main) refers to oled.o(i.OLED_ShowNum) for OLED_ShowNum
    main.o(i.main) refers to stm32f1xx_hal_tim.o(i.HAL_TIM_PWM_Start) for HAL_TIM_PWM_Start
    main.o(i.main) refers to stm32f1xx_hal.o(i.HAL_Delay) for HAL_Delay
    main.o(i.main) refers to stm32f1xx_hal_tim.o(i.HAL_TIM_Base_Start_IT) for HAL_TIM_Base_Start_IT
    main.o(i.main) refers to motor.o(i.set_zhuanwan_output) for set_zhuanwan_output
    main.o(i.main) refers to control.o(i.PROCESS_MOTOR) for PROCESS_MOTOR
    main.o(i.main) refers to control.o(i.key_proce) for key_proce
    main.o(i.main) refers to control.o(.data) for set_pwm
    main.o(i.main) refers to tim.o(.bss) for htim1
    gpio.o(i.MX_GPIO_Init) refers to stm32f1xx_hal_gpio.o(i.HAL_GPIO_WritePin) for HAL_GPIO_WritePin
    gpio.o(i.MX_GPIO_Init) refers to stm32f1xx_hal_gpio.o(i.HAL_GPIO_Init) for HAL_GPIO_Init
[...]
    Removing stm32f1xx_hal_uart.o(i.UART_DMATxOnlyAbortCallback), (24 bytes).
    Removing stm32f1xx_hal_uart.o(i.UART_Start_Receive_IT), (70 bytes).
    Removing stm32f1xx_hal_uart.o(i.UART_WaitOnFlagUntilTimeout), (108 bytes).
    Removing system_stm32f1xx.o(.rev16_text), (4 bytes).
    Removing system_stm32f1xx.o(.revsh_text), (4 bytes).
    Removing system_stm32f1xx.o(.rrx_text), (6 bytes).
    Removing system_stm32f1xx.o(i.SystemCoreClockUpdate), (164 bytes).
    Removing pid.o(.rev16_text), (4 bytes).
    Removing pid.o(.revsh_text), (4 bytes).
    Removing pid.o(.rrx_text), (6 bytes).
    Removing control.o(.rev16_text), (4 bytes).
    Removing control.o(.revsh_text), (4 bytes).
    Removing control.o(.rrx_text), (6 bytes).
    Removing motor.o(.rev16_text), (4 bytes).
    Removing motor.o(.revsh_text), (4 bytes).
    Removing motor.o(.rrx_text), (6 bytes).
    Removing sys.o(.rev16_text), (4 bytes).
    Removing sys.o(.revsh_text), (4 bytes).
    Removing sys.o(.rrx_text), (6 bytes).
    Removing sys.o(.emb_text), (6 bytes).
    Removing sys.o(i.INTX_DISABLE), (4 bytes).
    Removing sys.o(i.INTX_ENABLE), (4 bytes).
    Removing sys.o(i.Stm32_Clock_Init), (86 bytes).
    Removing sys.o(i.WFI_SET), (4 bytes).
    Removing delay.o(.rev16_text), (4 bytes).
    Removing delay.o(.revsh_text), (4 bytes).
    Removing delay.o(.rrx_text), (6 bytes).
    Removing delay.o(i.delay_init), (20 bytes).
    Removing delay.o(i.delay_ms), (24 bytes).
    Removing delay.o(i.delay_us), (72 bytes).
    Removing delay.o(.data), (4 bytes).
    Removing oled.o(.rev16_text), (4 bytes).
    Removing oled.o(.revsh_text), (4 bytes).
    Removing oled.o(.rrx_text), (6 bytes).
    Removing oled.o(i.OLED_ShowBinNum), (62 bytes).
    Removing oled.o(i.OLED_ShowHexNum), (84 bytes).
    Removing oled.o(i.OLED_ShowSignedNum), (102 bytes).
    Removing nrf24l01.o(.rev16_text), (4 bytes).
    Removing nrf24l01.o(.revsh_text), (4 bytes).
    Removing nrf24l01.o(.rrx_text), (6 bytes).
    Removing nrf24l01.o(i.NRF24L01_RX_Mode), (124 bytes).
    Removing nrf24l01.o(i.NRF24L01_Read_Buf), (120 bytes).
    Removing nrf24l01.o(i.NRF24L01_Read_Reg), (96 bytes).
    Removing nrf24l01.o(i.NRF24L01_RxPacket), (62 bytes).
    Removing nrf24l01.o(i.NRF24L01_TX_Mode), (136 bytes).
    Removing nrf24l01.o(i.NRF24L01_TxPacket), (112 bytes).
    Removing nrf24l01.o(i.NRF24L01_Write_Buf), (120 bytes).
    Removing nrf24l01.o(i.NRF24L01_Write_Reg), (104 bytes).
    Removing nrf24l01.o(i.SPIx_ReadWriteByte), (36 bytes).
    Removing nrf24l01.o(i.nrf24l01_test), (76 bytes).
    Removing nrf24l01.o(.bss), (32 bytes).
    Removing dadd.o(.text), (334 bytes).
    Removing dmul.o(.text), (228 bytes).
    Removing ddiv.o(.text), (222 bytes).
    Removing dfixul.o(.text), (48 bytes).
    Removing cdrcmple.o(.text), (48 bytes).
    Removing depilogue.o(.text), (186 bytes).

469 unused section(s) (total 39050 bytes) removed from the image.

==============================================================================

Image Symbol Table

    Local Symbols

    Symbol Name                              Value     Ov Type        Size  Object(Section)

    ../Core/Src/dma.c                        0x00000000   Number         0  dma.o ABSOLUTE
    ../Core/Src/gpio.c                       0x00000000   Number         0  gpio.o ABSOLUTE
    ../Core/Src/main.c                       0x00000000   Number         0  main.o ABSOLUTE
    ../Core/Src/spi.c                        0x00000000   Number         0  spi.o ABSOLUTE
    ../Core/Src/stm32f1xx_hal_msp.c          0x00000000   Number         0  stm32f1xx_hal_msp.o ABSOLUTE
    ../Core/Src/stm32f1xx_it.c               0x00000000   Number         0  stm32f1xx_it.o ABSOLUTE
    ../Core/Src/system_stm32f1xx.c           0x00000000   Number         0  system_stm32f1xx.o ABSOLUTE
    ../Core/Src/tim.c                        0x00000000   Number         0  tim.o ABSOLUTE
    ../Core/Src/usart.c                      0x00000000   Number         0  usart.o ABSOLUTE
    ../Drivers/STM32F1xx_HAL_Driver/Src/stm32f1xx_hal.c 0x00000000   Number         0  stm32f1xx_hal.o ABSOLUTE
    ../Drivers/STM32F1xx_HAL_Driver/Src/stm32f1xx_hal_cortex.c 0x00000000   Number         0  stm32f1xx_hal_cortex.o ABSOLUTE
    ../Drivers/STM32F1xx_HAL_Driver/Src/stm32f1xx_hal_dma.c 0x00000000   Number         0  stm32f1xx_hal_dma.o ABSOLUTE
    ../Drivers/STM32F1xx_HAL_Driver/Src/stm32f1xx_hal_exti.c 0x00000000   Number         0  stm32f1xx_hal_exti.o ABSOLUTE
    ../Drivers/STM32F1xx_HAL_Driver/Src/stm32f1xx_hal_flash.c 0x00000000   Number         0  stm32f1xx_hal_flash.o ABSOLUTE
    ../Drivers/STM32F1xx_HAL_Driver/Src/stm32f1xx_hal_flash_ex.c 0x00000000   Number         0  stm32f1xx_hal_flash_ex.o ABSOLUTE
    ../Drivers/STM32F1xx_HAL_Driver/Src/stm32f1xx_hal_gpio.c 0x00000000   Number         0  stm32f1xx_hal_gpio.o ABSOLUTE
    ../Drivers/STM32F1xx_HAL_Driver/Src/stm32f1xx_hal_gpio_ex.c 0x00000000   Number         0  stm32f1xx_hal_gpio_ex.o ABSOLUTE
    ../Drivers/STM32F1xx_HAL_Driver/Src/stm32f1xx_hal_pwr.c 0x00000000   Number         0  stm32f1xx_hal_pwr.o ABSOLUTE
    ../Drivers/STM32F1xx_HAL_Driver/Src/stm32f1xx_hal_rcc.c 0x00000000   Number         0  stm32f1xx_hal_rcc.o ABSOLUTE
    ../Drivers/STM32F1xx_HAL_Driver/Src/stm32f1xx_hal_rcc_ex.c 0x00000000   Number         0  stm32f1xx_hal_rcc_ex.o ABSOLUTE
    ../Drivers/STM32F1xx_HAL_Driver/Src/stm32f1xx_hal_tim.c 0x00000000   Number         0  stm32f1xx_hal_tim.o ABSOLUTE
    ../Drivers/STM32F1xx_HAL_Driver/Src/stm32f1xx_hal_tim_ex.c 0x00000000   Number         0  stm32f1xx_hal_tim_ex.o ABSOLUTE
    ../Drivers/STM32F1xx_HAL_Driver/Src/stm32f1xx_hal_uart.c 0x00000000   Number         0  stm32f1xx_hal_uart.o ABSOLUTE
    ../clib/microlib/division.c              0x00000000   Number         0  uidiv.o ABSOLUTE
    ../clib/microlib/division.c              0x00000000   Number         0  uldiv.o ABSOLUTE
    ../clib/microlib/init/entry.s            0x00000000   Number         0  entry12a.o ABSOLUTE
    ../clib/microlib/init/entry.s            0x00000000   Number         0  entry8a.o ABSOLUTE
    ../clib/microlib/init/entry.s            0x00000000   Number         0  entry.o ABSOLUTE
    ../clib/microlib/init/entry.s            0x00000000   Number         0  entry9b.o ABSOLUTE
    ../clib/microlib/init/entry.s            0x00000000   Number         0  entry8b.o ABSOLUTE
    ../clib/microlib/init/entry.s            0x00000000   Number         0  entry9a.o ABSOLUTE
    ../clib/microlib/init/entry.s            0x00000000   Number         0  entry10a.o ABSOLUTE
    ../clib/microlib/init/entry.s            0x00000000   Number         0  entry10b.o ABSOLUTE
    ../clib/microlib/init/entry.s            0x00000000   Number         0  entry11a.o ABSOLUTE
    ../clib/microlib/init/entry.s            0x00000000   Number         0  entry12b.o ABSOLUTE
    ../clib/microlib/init/entry.s            0x00000000   Number         0  entry11b.o ABSOLUTE
    ../clib/microlib/init/entry.s            0x00000000   Number         0  entry7b.o ABSOLUTE
    ../clib/microlib/init/entry.s            0x00000000   Number         0  entry7a.o ABSOLUTE
    ../clib/microlib/init/entry.s            0x00000000   Number         0  entry2.o ABSOLUTE
    ../clib/microlib/init/entry.s            0x00000000   Number         0  entry5.o ABSOLUTE
    ../clib/microlib/longlong.c              0x00000000   Number         0  llsshr.o ABSOLUTE
    ../clib/microlib/longlong.c              0x00000000   Number         0  llushr.o ABSOLUTE
    ../clib/microlib/longlong.c              0x00000000   Number         0  llshl.o ABSOLUTE
    ../clib/microlib/printf/printf.c         0x00000000   Number         0  printf1.o ABSOLUTE
    ../clib/microlib/printf/printf.c         0x00000000   Number         0  printf0.o ABSOLUTE
    ../clib/microlib/printf/printf.c         0x00000000   Number         0  printfb.o ABSOLUTE
    ../clib/microlib/printf/printf.c         0x00000000   Number         0  printf4.o ABSOLUTE
    ../clib/microlib/printf/printf.c         0x00000000   Number         0  printf6.o ABSOLUTE
    ../clib/microlib/printf/printf.c         0x00000000   Number         0  printf8.o ABSOLUTE
    ../clib/microlib/printf/printf.c         0x00000000   Number         0  printf7.o ABSOLUTE
    ../clib/microlib/printf/printf.c         0x00000000   Number         0  printf5.o ABSOLUTE
    ../clib/microlib/printf/printf.c         0x00000000   Number         0  printfa.o ABSOLUTE
    ../clib/microlib/printf/printf.c         0x00000000   Number         0  printf3.o ABSOLUTE
    ../clib/microlib/printf/printf.c         0x00000000   Number         0  printf2.o ABSOLUTE
    ../clib/microlib/printf/stubs.s          0x00000000   Number         0  stubs.o ABSOLUTE
    ../clib/microlib/stdio/streams.c         0x00000000   Number         0  stdout.o ABSOLUTE
    ../clib/microlib/string/memset.c         0x00000000   Number         0  memseta.o ABSOLUTE
    ../clib/microlib/stubs.s                 0x00000000   Number         0  iusefp.o ABSOLUTE
    ../fplib/microlib/fpadd.c                0x00000000   Number         0  dadd.o ABSOLUTE
    ../fplib/microlib/fpadd.c                0x00000000   Number         0  fadd.o ABSOLUTE
    ../fplib/microlib/fpdiv.c                0x00000000   Number         0  ddiv.o ABSOLUTE
    ../fplib/microlib/fpepilogue.c           0x00000000   Number         0  depilogue.o ABSOLUTE
    ../fplib/microlib/fpepilogue.c           0x00000000   Number         0  fepilogue.o ABSOLUTE
    ../fplib/microlib/fpfix.c                0x00000000   Number         0  ffixui.o ABSOLUTE
    ../fplib/microlib/fpfix.c                0x00000000   Number         0  ffixi.o ABSOLUTE
    ../fplib/microlib/fpfix.c                0x00000000   Number         0  dfixul.o ABSOLUTE
    ../fplib/microlib/fpflt.c                0x00000000   Number         0  fflti.o ABSOLUTE
    ../fplib/microlib/fpmul.c                0x00000000   Number         0  fmul.o ABSOLUTE
    ../fplib/microlib/fpmul.c                0x00000000   Number         0  dmul.o ABSOLUTE
    ..\Core\Src\dma.c                        0x00000000   Number         0  dma.o ABSOLUTE
    ..\Core\Src\gpio.c                       0x00000000   Number         0  gpio.o ABSOLUTE
    ..\Core\Src\main.c                       0x00000000   Number         0  main.o ABSOLUTE
    ..\Core\Src\spi.c                        0x00000000   Number         0  spi.o ABSOLUTE
    ..\Core\Src\stm32f1xx_hal_msp.c          0x00000000   Number         0  stm32f1xx_hal_msp.o ABSOLUTE
    ..\Core\Src\stm32f1xx_it.c               0x00000000   Number         0  stm32f1xx_it.o ABSOLUTE
    ..\Core\Src\system_stm32f1xx.c           0x00000000   Number         0  system_stm32f1xx.o ABSOLUTE
    ..\Core\Src\tim.c                        0x00000000   Number         0  tim.o ABSOLUTE
    ..\Core\Src\usart.c                      0x00000000   Number         0  usart.o ABSOLUTE
    ..\Drivers\STM32F1xx_HAL_Driver\Src\stm32f1xx_hal.c 0x00000000   Number         0  stm32f1xx_hal.o ABSOLUTE
    ..\Drivers\STM32F1xx_HAL_Driver\Src\stm32f1xx_hal_cortex.c 0x00000000   Number         0  stm32f1xx_hal_cortex.o ABSOLUTE
    ..\Drivers\STM32F1xx_HAL_Driver\Src\stm32f1xx_hal_dma.c 0x00000000   Number         0  stm32f1xx_hal_dma.o ABSOLUTE
    ..\Drivers\STM32F1xx_HAL_Driver\Src\stm32f1xx_hal_exti.c 0x00000000   Number         0  stm32f1xx_hal_exti.o ABSOLUTE
    ..\Drivers\STM32F1xx_HAL_Driver\Src\stm32f1xx_hal_flash.c 0x00000000   Number         0  stm32f1xx_hal_flash.o ABSOLUTE
    ..\Drivers\STM32F1xx_HAL_Driver\Src\stm32f1xx_hal_flash_ex.c 0x00000000   Number         0  stm32f1xx_hal_flash_ex.o ABSOLUTE
    ..\Drivers\STM32F1xx_HAL_Driver\Src\stm32f1xx_hal_gpio.c 0x00000000   Number         0  stm32f1xx_hal_gpio.o ABSOLUTE
    ..\Drivers\STM32F1xx_HAL_Driver\Src\stm32f1xx_hal_gpio_ex.c 0x00000000   Number         0  stm32f1xx_hal_gpio_ex.o ABSOLUTE
    ..\Drivers\STM32F1xx_HAL_Driver\Src\stm32f1xx_hal_pwr.c 0x00000000   Number         0  stm32f1xx_hal_pwr.o ABSOLUTE
    ..\Drivers\STM32F1xx_HAL_Driver\Src\stm32f1xx_hal_rcc.c 0x00000000   Number         0  stm32f1xx_hal_rcc.o ABSOLUTE
    ..\Drivers\STM32F1xx_HAL_Driver\Src\stm32f1xx_hal_rcc_ex.c 0x00000000   Number         0  stm32f1xx_hal_rcc_ex.o ABSOLUTE
    ..\Drivers\STM32F1xx_HAL_Driver\Src\stm32f1xx_hal_spi.c 0x00000000   Number         0  stm32f1xx_hal_spi.o ABSOLUTE
    ..\Drivers\STM32F1xx_HAL_Driver\Src\stm32f1xx_hal_tim.c 0x00000000   Number         0  stm32f1xx_hal_tim.o ABSOLUTE
    ..\Drivers\STM32F1xx_HAL_Driver\Src\stm32f1xx_hal_tim_ex.c 0x00000000   Number         0  stm32f1xx_hal_tim_ex.o ABSOLUTE
    ..\Drivers\STM32F1xx_HAL_Driver\Src\stm32f1xx_hal_uart.c 0x00000000   Number         0  stm32f1xx_hal_uart.o ABSOLUTE
    ..\HARDWARE\NRF24L01\nrf24l01.c          0x00000000   Number         0  nrf24l01.o ABSOLUTE
    ..\HARDWARE\OLED\oled.c                  0x00000000   Number         0  oled.o ABSOLUTE
    ..\HARDWARE\control.c                    0x00000000   Number         0  control.o ABSOLUTE
    ..\HARDWARE\delay\delay.c                0x00000000   Number         0  delay.o ABSOLUTE
    ..\HARDWARE\motor.c                      0x00000000   Number         0  motor.o ABSOLUTE
    ..\HARDWARE\pid\pid.c                    0x00000000   Number         0  pid.o ABSOLUTE
    ..\HARDWARE\sys\sys.c                    0x00000000   Number         0  sys.o ABSOLUTE
    ..\\Drivers\\STM32F1xx_HAL_Driver\\Src\\stm32f1xx_hal_spi.c 0x00000000   Number         0  stm32f1xx_hal_spi.o ABSOLUTE
    ..\\HARDWARE\\NRF24L01\\nrf24l01.c       0x00000000   Number         0  nrf24l01.o ABSOLUTE
    ..\\HARDWARE\\OLED\\oled.c               0x00000000   Number         0  oled.o ABSOLUTE
    ..\\HARDWARE\\control.c                  0x00000000   Number         0  control.o ABSOLUTE
    ..\\HARDWARE\\delay\\delay.c             0x00000000   Number         0  delay.o ABSOLUTE
    ..\\HARDWARE\\motor.c                    0x00000000   Number         0  motor.o ABSOLUTE
    ..\\HARDWARE\\pid\\pid.c                 0x00000000   Number         0  pid.o ABSOLUTE
    ..\\HARDWARE\\sys\\sys.c                 0x00000000   Number         0  sys.o ABSOLUTE
    cdrcmple.s                               0x00000000   Number         0  cdrcmple.o ABSOLUTE
    cfcmple.s                                0x00000000   Number         0  cfcmple.o ABSOLUTE
    cfrcmple.s                               0x00000000   Number         0  cfrcmple.o ABSOLUTE
    dc.s                                     0x00000000   Number         0  dc.o ABSOLUTE
    handlers.s                               0x00000000   Number         0  handlers.o ABSOLUTE
    init.s                                   0x00000000   Number         0  init.o ABSOLUTE
    startup_stm32f103xb.s                    0x00000000   Number         0  startup_stm32f103xb.o ABSOLUTE
    RESET                                    0x08000000   Section      236  startup_stm32f103xb.o(RESET)
    .ARM.Collect$$$$00000000                 0x080000ec   Section        0  entry.o(.ARM.Collect$$$$00000000)
    .ARM.Collect$$$$00000001                 0x080000ec   Section        4  entry2.o(.ARM.Collect$$$$00000001)
    .ARM.Collect$$$$00000004                 0x080000f0   Section        4  entry5.o(.ARM.Collect$$$$00000004)
    .ARM.Collect$$$$00000008                 0x080000f4   Section        0  entry7b.o(.ARM.Collect$$$$00000008)
    .ARM.Collect$$$$0000000A                 0x080000f4   Section        0  entry8b.o(.ARM.Collect$$$$0000000A)
    .ARM.Collect$$$$0000000B                 0x080000f4   Section        8  entry9a.o(.ARM.Collect$$$$0000000B)
    .ARM.Collect$$$$0000000E                 0x080000fc   Section        4  entry12b.o(.ARM.Collect$$$$0000000E)
    .ARM.Collect$$$$0000000F                 0x08000100   Section        0  entry10a.o(.ARM.Collect$$$$0000000F)
    .ARM.Collect$$$$00000011                 0x08000100   Section        0  entry11a.o(.ARM.Collect$$$$00000011)
    .ARM.Collect$$$$00002712                 0x08000100   Section        4  entry2.o(.ARM.Collect$$$$00002712)
    __lit__00000000                          0x08000100   Data           4  entry2.o(.ARM.Collect$$$$00002712)
    .text                                    0x08000104   Section       36  startup_stm32f103xb.o(.text)
    .text                                    0x08000128   Section        0  memseta.o(.text)
    .text                                    0x0800014c   Section        0  fadd.o(.text)
    .text                                    0x080001fc   Section        0  fmul.o(.text)
    .text                                    0x08000260   Section        0  fflti.o(.text)
    .text                                    0x08000272   Section        0  ffixi.o(.text)
    .text                                    0x080002a4   Section        0  ffixui.o(.text)
    .text                                    0x080002cc   Section       20  cfcmple.o(.text)
    .text                                    0x080002e0   Section       20  cfrcmple.o(.text)
    .text                                    0x080002f4   Section        0  fepilogue.o(.text)
    .text                                    0x080002f4   Section        0  iusefp.o(.text)
    .text                                    0x08000364   Section       36  init.o(.text)
    i.ABS_motor                              0x08000388   Section        0  motor.o(i.ABS_motor)
    i.BusFault_Handler                       0x080003b0   Section        0  stm32f1xx_it.o(i.BusFault_Handler)
    i.DMA1_Channel5_IRQHandler               0x080003b4   Section        0  stm32f1xx_it.o(i.DMA1_Channel5_IRQHandler)
    i.DMA_SetConfig                          0x080003c4   Section        0  stm32f1xx_hal_dma.o(i.DMA_SetConfig)
    DMA_SetConfig                            0x080003c5   Thumb Code    44  stm32f1xx_hal_dma.o(i.DMA_SetConfig)
    i.DebugMon_Handler                       0x080003f0   Section        0  stm32f1xx_it.o(i.DebugMon_Handler)
    i.EXTI15_10_IRQHandler                   0x080003f2   Section        0  stm32f1xx_it.o(i.EXTI15_10_IRQHandler)
    i.EXTI1_IRQHandler                       0x08000406   Section        0  stm32f1xx_it.o(i.EXTI1_IRQHandler)
    i.EXTI2_IRQHandler                       0x08000410   Section        0  stm32f1xx_it.o(i.EXTI2_IRQHandler)
    i.EXTI9_5_IRQHandler                     0x0800041a   Section        0  stm32f1xx_it.o(i.EXTI9_5_IRQHandler)
    i.Error_Handler                          0x08000424   Section        0  main.o(i.Error_Handler)
    i.HAL_DMA_Abort                          0x0800042a   Section        0  stm32f1xx_hal_dma.o(i.HAL_DMA_Abort)
    i.HAL_DMA_Abort_IT                       0x08000480   Section        0  stm32f1xx_hal_dma.o(i.HAL_DMA_Abort_IT)
    i.HAL_DMA_IRQHandler                     0x08000530   Section        0  stm32f1xx_hal_dma.o(i.HAL_DMA_IRQHandler)
    i.HAL_DMA_Init                           0x080006cc   Section        0  stm32f1xx_hal_dma.o(i.HAL_DMA_Init)
    i.HAL_DMA_Start_IT                       0x08000734   Section        0  stm32f1xx_hal_dma.o(i.HAL_DMA_Start_IT)
    i.HAL_Delay                              0x080007d0   Section        0  stm32f1xx_hal.o(i.HAL_Delay)
    i.HAL_GPIO_EXTI_Callback                 0x080007f8   Section        0  control.o(i.HAL_GPIO_EXTI_Callback)
    i.HAL_GPIO_EXTI_IRQHandler               0x08000874   Section        0  stm32f1xx_hal_gpio.o(i.HAL_GPIO_EXTI_IRQHandler)
    i.HAL_GPIO_Init                          0x08000890   Section        0  stm32f1xx_hal_gpio.o(i.HAL_GPIO_Init)
    i.HAL_GPIO_ReadPin                       0x08000bb0   Section        0  stm32f1xx_hal_gpio.o(i.HAL_GPIO_ReadPin)
    i.HAL_GPIO_WritePin                      0x08000bc0   Section        0  stm32f1xx_hal_gpio.o(i.HAL_GPIO_WritePin)
    i.HAL_GetTick                            0x08000bcc   Section        0  stm32f1xx_hal.o(i.HAL_GetTick)
    i.HAL_IncTick                            0x08000bd8   Section        0  stm32f1xx_hal.o(i.HAL_IncTick)
    i.HAL_Init                               0x08000bf0   Section        0  stm32f1xx_hal.o(i.HAL_Init)
    i.HAL_InitTick                           0x08000c18   Section        0  stm32f1xx_hal.o(i.HAL_InitTick)
    i.HAL_MspInit                            0x08000c64   Section        0  stm32f1xx_hal_msp.o(i.HAL_MspInit)
    i.HAL_NVIC_EnableIRQ                     0x08000ca4   Section        0  stm32f1xx_hal_cortex.o(i.HAL_NVIC_EnableIRQ)
    i.HAL_NVIC_SetPriority                   0x08000cc4   Section        0  stm32f1xx_hal_cortex.o(i.HAL_NVIC_SetPriority)
    i.HAL_NVIC_SetPriorityGrouping           0x08000d40   Section        0  stm32f1xx_hal_cortex.o(i.HAL_NVIC_SetPriorityGrouping)
    i.HAL_RCC_ClockConfig                    0x08000d68   Section        0  stm32f1xx_hal_rcc.o(i.HAL_RCC_ClockConfig)
    i.HAL_RCC_GetHCLKFreq                    0x08000ef4   Section        0  stm32f1xx_hal_rcc.o(i.HAL_RCC_GetHCLKFreq)
    i.HAL_RCC_GetPCLK1Freq                   0x08000f00   Section        0  stm32f1xx_hal_rcc.o(i.HAL_RCC_GetPCLK1Freq)
    i.HAL_RCC_GetPCLK2Freq                   0x08000f20   Section        0  stm32f1xx_hal_rcc.o(i.HAL_RCC_GetPCLK2Freq)
    i.HAL_RCC_GetSysClockFreq                0x08000f40   Section        0  stm32f1xx_hal_rcc.o(i.HAL_RCC_GetSysClockFreq)
    i.HAL_RCC_OscConfig                      0x08000fd4   Section        0  stm32f1xx_hal_rcc.o(i.HAL_RCC_OscConfig)
    i.HAL_SPI_ErrorCallback                  0x08001438   Section        0  stm32f1xx_hal_spi.o(i.HAL_SPI_ErrorCallback)
    i.HAL_SPI_IRQHandler                     0x0800143c   Section        0  stm32f1xx_hal_spi.o(i.HAL_SPI_IRQHandler)
    i.HAL_SPI_Init                           0x08001570   Section        0  stm32f1xx_hal_spi.o(i.HAL_SPI_Init)
    i.HAL_SPI_MspInit                        0x08001630   Section        0  spi.o(i.HAL_SPI_MspInit)
    i.HAL_SYSTICK_Config                     0x080016c4   Section        0  stm32f1xx_hal_cortex.o(i.HAL_SYSTICK_Config)
    i.HAL_TIMEx_BreakCallback                0x080016f8   Section        0  stm32f1xx_hal_tim_ex.o(i.HAL_TIMEx_BreakCallback)
    i.HAL_TIMEx_CommutCallback               0x080016fa   Section        0  stm32f1xx_hal_tim_ex.o(i.HAL_TIMEx_CommutCallback)
    i.HAL_TIMEx_ConfigBreakDeadTime          0x080016fc   Section        0  stm32f1xx_hal_tim_ex.o(i.HAL_TIMEx_ConfigBreakDeadTime)
    i.HAL_TIMEx_MasterConfigSynchronization  0x08001770   Section        0  stm32f1xx_hal_tim_ex.o(i.HAL_TIMEx_MasterConfigSynchronization)
    i.HAL_TIM_Base_Init                      0x080017f4   Section        0  stm32f1xx_hal_tim.o(i.HAL_TIM_Base_Init)
    i.HAL_TIM_Base_MspInit                   0x0800185c   Section        0  tim.o(i.HAL_TIM_Base_MspInit)
    i.HAL_TIM_Base_Start_IT                  0x08001914   Section        0  stm32f1xx_hal_tim.o(i.HAL_TIM_Base_Start_IT)
    i.HAL_TIM_ConfigClockSource              0x0800198c   Section        0  stm32f1xx_hal_tim.o(i.HAL_TIM_ConfigClockSource)
    i.HAL_TIM_IC_CaptureCallback             0x08001a94   Section        0  stm32f1xx_hal_tim.o(i.HAL_TIM_IC_CaptureCallback)
    i.HAL_TIM_IRQHandler                     0x08001a96   Section        0  stm32f1xx_hal_tim.o(i.HAL_TIM_IRQHandler)
    i.HAL_TIM_MspPostInit                    0x08001c2c   Section        0  tim.o(i.HAL_TIM_MspPostInit)
    i.HAL_TIM_OC_DelayElapsedCallback        0x08001d18   Section        0  stm32f1xx_hal_tim.o(i.HAL_TIM_OC_DelayElapsedCallback)
    i.HAL_TIM_PWM_ConfigChannel              0x08001d1a   Section        0  stm32f1xx_hal_tim.o(i.HAL_TIM_PWM_ConfigChannel)
    i.HAL_TIM_PWM_Init                       0x08001e16   Section        0  stm32f1xx_hal_tim.o(i.HAL_TIM_PWM_Init)
    i.HAL_TIM_PWM_MspInit                    0x08001e7c   Section        0  stm32f1xx_hal_tim.o(i.HAL_TIM_PWM_MspInit)
    i.HAL_TIM_PWM_PulseFinishedCallback      0x08001e7e   Section        0  stm32f1xx_hal_tim.o(i.HAL_TIM_PWM_PulseFinishedCallback)
    i.HAL_TIM_PWM_Start                      0x08001e80   Section        0  stm32f1xx_hal_tim.o(i.HAL_TIM_PWM_Start)
    i.HAL_TIM_PeriodElapsedCallback          0x08001f54   Section        0  stm32f1xx_it.o(i.HAL_TIM_PeriodElapsedCallback)
    i.HAL_TIM_TriggerCallback                0x08001fc8   Section        0  stm32f1xx_hal_tim.o(i.HAL_TIM_TriggerCallback)
    i.HAL_UARTEx_RxEventCallback             0x08001fca   Section        0  stm32f1xx_hal_uart.o(i.HAL_UARTEx_RxEventCallback)
    i.HAL_UART_DMAStop                       0x08001fcc   Section        0  stm32f1xx_hal_uart.o(i.HAL_UART_DMAStop)
    i.HAL_UART_ErrorCallback                 0x08002032   Section        0  stm32f1xx_hal_uart.o(i.HAL_UART_ErrorCallback)
    i.HAL_UART_IRQHandler                    0x08002034   Section        0  stm32f1xx_hal_uart.o(i.HAL_UART_IRQHandler)
    i.HAL_UART_Init                          0x08002280   Section        0  stm32f1xx_hal_uart.o(i.HAL_UART_Init)
    i.HAL_UART_MspInit                       0x080022f4   Section        0  usart.o(i.HAL_UART_MspInit)
    i.HAL_UART_Receive_DMA                   0x0800242c   Section        0  stm32f1xx_hal_uart.o(i.HAL_UART_Receive_DMA)
    i.HAL_UART_RxCpltCallback                0x0800246e   Section        0  stm32f1xx_hal_uart.o(i.HAL_UART_RxCpltCallback)
    i.HAL_UART_RxHalfCpltCallback            0x08002470   Section        0  stm32f1xx_hal_uart.o(i.HAL_UART_RxHalfCpltCallback)
    i.HAL_UART_TxCpltCallback                0x08002472   Section        0  stm32f1xx_hal_uart.o(i.HAL_UART_TxCpltCallback)
    i.HardFault_Handler                      0x08002474   Section        0  stm32f1xx_it.o(i.HardFault_Handler)
    i.MOTOR_PI                               0x08002478   Section        0  pid.o(i.MOTOR_PI)
    i.MOTOR_PI_t                             0x080024e0   Section        0  pid.o(i.MOTOR_PI_t)
    i.MX_DMA_Init                            0x08002524   Section        0  dma.o(i.MX_DMA_Init)
    i.MX_GPIO_Init                           0x08002558   Section        0  gpio.o(i.MX_GPIO_Init)
    i.MX_NVIC_Init                           0x08002718   Section        0  main.o(i.MX_NVIC_Init)
    MX_NVIC_Init                             0x08002719   Thumb Code    20  main.o(i.MX_NVIC_Init)
    i.MX_SPI1_Init                           0x0800272c   Section        0  spi.o(i.MX_SPI1_Init)
    i.MX_TIM1_Init                           0x08002770   Section        0  tim.o(i.MX_TIM1_Init)
    i.MX_TIM2_Init                           0x08002858   Section        0  tim.o(i.MX_TIM2_Init)
    i.MX_TIM3_Init                           0x0800292c   Section        0  tim.o(i.MX_TIM3_Init)
    i.MX_TIM4_Init                           0x080029d4   Section        0  tim.o(i.MX_TIM4_Init)
    i.MX_USART1_UART_Init                    0x08002a40   Section        0  usart.o(i.MX_USART1_UART_Init)
    i.MX_USART3_UART_Init                    0x08002a94   Section        0  usart.o(i.MX_USART3_UART_Init)
    i.MemManage_Handler                      0x08002acc   Section        0  stm32f1xx_it.o(i.MemManage_Handler)
    i.NMI_Handler                            0x08002ad0   Section        0  stm32f1xx_it.o(i.NMI_Handler)
    i.OLED_Clear                             0x08002ad4   Section        0  oled.o(i.OLED_Clear)
    i.OLED_I2C_Init                          0x08002b00   Section        0  oled.o(i.OLED_I2C_Init)
    i.OLED_I2C_SendByte                      0x08002b1c   Section        0  oled.o(i.OLED_I2C_SendByte)
    i.OLED_I2C_Start                         0x08002b70   Section        0  oled.o(i.OLED_I2C_Start)
    i.OLED_I2C_Stop                          0x08002ba4   Section        0  oled.o(i.OLED_I2C_Stop)
    i.OLED_Init                              0x08002bcc   Section        0  oled.o(i.OLED_Init)
    i.OLED_Pow                               0x08002c7a   Section        0  oled.o(i.OLED_Pow)
    i.OLED_SetCursor                         0x08002c8e   Section        0  oled.o(i.OLED_SetCursor)
    i.OLED_ShowChar                          0x08002cb0   Section        0  oled.o(i.OLED_ShowChar)
    i.OLED_ShowNum                           0x08002d24   Section        0  oled.o(i.OLED_ShowNum)
    i.OLED_ShowString                        0x08002d68   Section        0  oled.o(i.OLED_ShowString)
    i.OLED_WriteCommand                      0x08002d90   Section        0  oled.o(i.OLED_WriteCommand)
    i.OLED_WriteData                         0x08002db0   Section        0  oled.o(i.OLED_WriteData)
    i.PROCESS_MOTOR                          0x08002dd0   Section        0  control.o(i.PROCESS_MOTOR)
    i.PendSV_Handler                         0x08003028   Section        0  stm32f1xx_it.o(i.PendSV_Handler)
    i.RCC_Delay                              0x0800302c   Section        0  stm32f1xx_hal_rcc.o(i.RCC_Delay)
    RCC_Delay                                0x0800302d   Thumb Code    36  stm32f1xx_hal_rcc.o(i.RCC_Delay)
    i.SERVO_PD                               0x08003054   Section        0  pid.o(i.SERVO_PD)
    i.SERVO_PD_t                             0x080030bc   Section        0  pid.o(i.SERVO_PD_t)
    SERVO_PD_t                               0x080030bd   Thumb Code    78  pid.o(i.SERVO_PD_t)
    i.SPI1_IRQHandler                        0x08003114   Section        0  stm32f1xx_it.o(i.SPI1_IRQHandler)
    i.SPI_DMAAbortOnError                    0x08003124   Section        0  stm32f1xx_hal_spi.o(i.SPI_DMAAbortOnError)
    SPI_DMAAbortOnError                      0x08003125   Thumb Code    20  stm32f1xx_hal_spi.o(i.SPI_DMAAbortOnError)
    i.SVC_Handler                            0x08003138   Section        0  stm32f1xx_it.o(i.SVC_Handler)
    i.SysTick_Handler                        0x0800313a   Section        0  stm32f1xx_it.o(i.SysTick_Handler)
    i.SystemClock_Config                     0x08003142   Section        0  main.o(i.SystemClock_Config)
    i.SystemInit                             0x080031a8   Section        0  system_stm32f1xx.o(i.SystemInit)
    i.TIM4_IRQHandler                        0x080031ac   Section        0  stm32f1xx_it.o(i.TIM4_IRQHandler)
    i.TIM_Base_SetConfig                     0x080031bc   Section        0  stm32f1xx_hal_tim.o(i.TIM_Base_SetConfig)
    i.TIM_CCxChannelCmd                      0x08003230   Section        0  stm32f1xx_hal_tim.o(i.TIM_CCxChannelCmd)
    i.TIM_ETR_SetConfig                      0x08003252   Section        0  stm32f1xx_hal_tim.o(i.TIM_ETR_SetConfig)
    i.TIM_ITRx_SetConfig                     0x08003268   Section        0  stm32f1xx_hal_tim.o(i.TIM_ITRx_SetConfig)
    TIM_ITRx_SetConfig                       0x08003269   Thumb Code    18  stm32f1xx_hal_tim.o(i.TIM_ITRx_SetConfig)
    i.TIM_OC1_SetConfig                      0x0800327c   Section        0  stm32f1xx_hal_tim.o(i.TIM_OC1_SetConfig)
    TIM_OC1_SetConfig                        0x0800327d   Thumb Code    90  stm32f1xx_hal_tim.o(i.TIM_OC1_SetConfig)
    i.TIM_OC2_SetConfig                      0x080032dc   Section        0  stm32f1xx_hal_tim.o(i.TIM_OC2_SetConfig)
    i.TIM_OC3_SetConfig                      0x08003344   Section        0  stm32f1xx_hal_tim.o(i.TIM_OC3_SetConfig)
    TIM_OC3_SetConfig                        0x08003345   Thumb Code    98  stm32f1xx_hal_tim.o(i.TIM_OC3_SetConfig)
    i.TIM_OC4_SetConfig                      0x080033ac   Section        0  stm32f1xx_hal_tim.o(i.TIM_OC4_SetConfig)
    TIM_OC4_SetConfig                        0x080033ad   Thumb Code    68  stm32f1xx_hal_tim.o(i.TIM_OC4_SetConfig)
    i.TIM_TI1_ConfigInputStage               0x080033f4   Section        0  stm32f1xx_hal_tim.o(i.TIM_TI1_ConfigInputStage)
    TIM_TI1_ConfigInputStage                 0x080033f5   Thumb Code    38  stm32f1xx_hal_tim.o(i.TIM_TI1_ConfigInputStage)
    i.TIM_TI2_ConfigInputStage               0x0800341a   Section        0  stm32f1xx_hal_tim.o(i.TIM_TI2_ConfigInputStage)
    TIM_TI2_ConfigInputStage                 0x0800341b   Thumb Code    40  stm32f1xx_hal_tim.o(i.TIM_TI2_ConfigInputStage)
    i.UART_DMAAbortOnError                   0x08003442   Section        0  stm32f1xx_hal_uart.o(i.UART_DMAAbortOnError)
    UART_DMAAbortOnError                     0x08003443   Thumb Code    20  stm32f1xx_hal_uart.o(i.UART_DMAAbortOnError)
    i.UART_DMAError                          0x08003456   Section        0  stm32f1xx_hal_uart.o(i.UART_DMAError)
    UART_DMAError                            0x08003457   Thumb Code    80  stm32f1xx_hal_uart.o(i.UART_DMAError)
    i.UART_DMAReceiveCplt                    0x080034a6   Section        0  stm32f1xx_hal_uart.o(i.UART_DMAReceiveCplt)
    UART_DMAReceiveCplt                      0x080034a7   Thumb Code   104  stm32f1xx_hal_uart.o(i.UART_DMAReceiveCplt)
    i.UART_DMARxHalfCplt                     0x0800350e   Section        0  stm32f1xx_hal_uart.o(i.UART_DMARxHalfCplt)
    UART_DMARxHalfCplt                       0x0800350f   Thumb Code    32  stm32f1xx_hal_uart.o(i.UART_DMARxHalfCplt)
    i.UART_EndRxTransfer                     0x0800352e   Section        0  stm32f1xx_hal_uart.o(i.UART_EndRxTransfer)
    UART_EndRxTransfer                       0x0800352f   Thumb Code    54  stm32f1xx_hal_uart.o(i.UART_EndRxTransfer)
    i.UART_EndTransmit_IT                    0x08003564   Section        0  stm32f1xx_hal_uart.o(i.UART_EndTransmit_IT)
    UART_EndTransmit_IT                      0x08003565   Thumb Code    32  stm32f1xx_hal_uart.o(i.UART_EndTransmit_IT)
    i.UART_EndTxTransfer                     0x08003584   Section        0  stm32f1xx_hal_uart.o(i.UART_EndTxTransfer)
    UART_EndTxTransfer                       0x08003585   Thumb Code    20  stm32f1xx_hal_uart.o(i.UART_EndTxTransfer)
    i.UART_Receive_IT                        0x08003598   Section        0  stm32f1xx_hal_uart.o(i.UART_Receive_IT)
    UART_Receive_IT                          0x08003599   Thumb Code   228  stm32f1xx_hal_uart.o(i.UART_Receive_IT)
    i.UART_SetConfig                         0x0800367c   Section        0  stm32f1xx_hal_uart.o(i.UART_SetConfig)
    UART_SetConfig                           0x0800367d   Thumb Code   248  stm32f1xx_hal_uart.o(i.UART_SetConfig)
    i.UART_Start_Receive_DMA                 0x08003778   Section        0  stm32f1xx_hal_uart.o(i.UART_Start_Receive_DMA)
    i.UART_Transmit_IT                       0x08003810   Section        0  stm32f1xx_hal_uart.o(i.UART_Transmit_IT)
    UART_Transmit_IT                         0x08003811   Thumb Code    96  stm32f1xx_hal_uart.o(i.UART_Transmit_IT)
    i.USART1_IRQHandler                      0x08003870   Section        0  stm32f1xx_it.o(i.USART1_IRQHandler)
    i.USER_UART_IRQHandler                   0x08003884   Section        0  usart.o(i.USER_UART_IRQHandler)
    i.UsageFault_Handler                     0x08003904   Section        0  stm32f1xx_it.o(i.UsageFault_Handler)
    i.__NVIC_GetPriorityGrouping             0x08003908   Section        0  stm32f1xx_hal_cortex.o(i.__NVIC_GetPriorityGrouping)
    __NVIC_GetPriorityGrouping               0x08003909   Thumb Code    10  stm32f1xx_hal_cortex.o(i.__NVIC_GetPriorityGrouping)
    i.__NVIC_SetPriority                     0x08003918   Section        0  stm32f1xx_hal_cortex.o(i.__NVIC_SetPriority)
    __NVIC_SetPriority                       0x08003919   Thumb Code    32  stm32f1xx_hal_cortex.o(i.__NVIC_SetPriority)
    i.__scatterload_copy                     0x08003940   Section       14  handlers.o(i.__scatterload_copy)
    i.__scatterload_null                     0x0800394e   Section        2  handlers.o(i.__scatterload_null)
    i.__scatterload_zeroinit                 0x08003950   Section       14  handlers.o(i.__scatterload_zeroinit)
    i.click_M                                0x08003960   Section        0  control.o(i.click_M)
    i.click_STAR                             0x0800399c   Section        0  control.o(i.click_STAR)
    i.key_proce                              0x080039d4   Section        0  control.o(i.key_proce)
    i.main                                   0x08003a4c   Section        0  main.o(i.main)
    i.mode_trans                             0x08003b98   Section        0  control.o(i.mode_trans)
    i.oled_display_speedlevel                0x08003c14   Section        0  control.o(i.oled_display_speedlevel)
    i.set_motor_output                       0x08003cb0   Section        0  motor.o(i.set_motor_output)
    i.set_zhuanwan_output                    0x08003cd4   Section        0  motor.o(i.set_zhuanwan_output)
    i.start_motor                            0x08003ce4   Section        0  motor.o(i.start_motor)
    i.stop_motor                             0x08003cfc   Section        0  motor.o(i.stop_motor)
    .constdata                               0x08003d2c   Section       24  system_stm32f1xx.o(.constdata)
    .constdata                               0x08003d44   Section     1520  oled.o(.constdata)
    .data                                    0x20000000   Section       37  main.o(.data)
    .data                                    0x20000025   Section        1  usart.o(.data)
    .data                                    0x20000026   Section        2  stm32f1xx_it.o(.data)
    count                                    0x20000026   Data           2  stm32f1xx_it.o(.data)
    .data                                    0x20000028   Section        9  stm32f1xx_hal.o(.data)
    .data                                    0x20000034   Section        4  system_stm32f1xx.o(.data)
    .data                                    0x20000038   Section       84  pid.o(.data)
    .data                                    0x2000008c   Section       20  control.o(.data)
    flag_key                                 0x2000009c   Data           1  control.o(.data)
    flag_key                                 0x2000009d   Data           1  control.o(.data)
    count                                    0x2000009e   Data           2  control.o(.data)
    .bss                                     0x200000a0   Section       88  spi.o(.bss)
    .bss                                     0x200000f8   Section      288  tim.o(.bss)
    .bss                                     0x20000218   Section      224  usart.o(.bss)
    STACK                                    0x200002f8   Section     1024  startup_stm32f103xb.o(STACK)

    Global Symbols

    Symbol Name                              Value     Ov Type        Size  Object(Section)

    BuildAttributes$$THM_ISAv4$P$D$K$B$S$PE$A:L22UL41UL21$X:L11$S22US41US21$IEEE1$IW$USESV6$~STKCKD$USESV7$~SHL$OTIME$ROPI$EBA8$MICROLIB$REQ8$PRES8$EABIv2 0x00000000   Number         0  anon$$obj.o ABSOLUTE
    __ARM_use_no_argv                        0x00000000   Number         0  main.o ABSOLUTE
    _printf_a                                0x00000000   Number         0  stubs.o ABSOLUTE
    _printf_c                                0x00000000   Number         0  stubs.o ABSOLUTE
    _printf_charcount                        0x00000000   Number         0  stubs.o ABSOLUTE
    _printf_d                                0x00000000   Number         0  stubs.o ABSOLUTE
    _printf_e                                0x00000000   Number         0  stubs.o ABSOLUTE
    _printf_f                                0x00000000   Number         0  stubs.o ABSOLUTE
    _printf_flags                            0x00000000   Number         0  stubs.o ABSOLUTE
    _printf_fp_dec                           0x00000000   Number         0  stubs.o ABSOLUTE
    _printf_fp_hex                           0x00000000   Number         0  stubs.o ABSOLUTE
    _printf_g                                0x00000000   Number         0  stubs.o ABSOLUTE
    _printf_i                                0x00000000   Number         0  stubs.o ABSOLUTE
    _printf_int_dec                          0x00000000   Number         0  stubs.o ABSOLUTE
    _printf_l                                0x00000000   Number         0  stubs.o ABSOLUTE
    _printf_lc                               0x00000000   Number         0  stubs.o ABSOLUTE
    _printf_ll                               0x00000000   Number         0  stubs.o ABSOLUTE
    _printf_lld                              0x00000000   Number         0  stubs.o ABSOLUTE
    _printf_lli                              0x00000000   Number         0  stubs.o ABSOLUTE
    _printf_llo                              0x00000000   Number         0  stubs.o ABSOLUTE
    _printf_llu                              0x00000000   Number         0  stubs.o ABSOLUTE
    _printf_llx                              0x00000000   Number         0  stubs.o ABSOLUTE
    _printf_longlong_dec                     0x00000000   Number         0  stubs.o ABSOLUTE
    _printf_longlong_hex                     0x00000000   Number         0  stubs.o ABSOLUTE
    _printf_longlong_oct                     0x00000000   Number         0  stubs.o ABSOLUTE
    _printf_ls                               0x00000000   Number         0  stubs.o ABSOLUTE
    _printf_mbtowc                           0x00000000   Number         0  stubs.o ABSOLUTE
    _printf_n                                0x00000000   Number         0  stubs.o ABSOLUTE
    _printf_o                                0x00000000   Number         0  stubs.o ABSOLUTE
    _printf_p                                0x00000000   Number         0  stubs.o ABSOLUTE
    _printf_percent                          0x00000000   Number         0  stubs.o ABSOLUTE
    _printf_pre_padding                      0x00000000   Number         0  stubs.o ABSOLUTE
    _printf_return_value                     0x00000000   Number         0  stubs.o ABSOLUTE
    _printf_s                                0x00000000   Number         0  stubs.o ABSOLUTE
    _printf_sizespec                         0x00000000   Number         0  stubs.o ABSOLUTE
    _printf_str                              0x00000000   Number         0  stubs.o ABSOLUTE
    _printf_truncate_signed                  0x00000000   Number         0  stubs.o ABSOLUTE
    _printf_truncate_unsigned                0x00000000   Number         0  stubs.o ABSOLUTE
    _printf_u                                0x00000000   Number         0  stubs.o ABSOLUTE
    _printf_wc                               0x00000000   Number         0  stubs.o ABSOLUTE
    _printf_wctomb                           0x00000000   Number         0  stubs.o ABSOLUTE
    _printf_widthprec                        0x00000000   Number         0  stubs.o ABSOLUTE
    _printf_x                                0x00000000   Number         0  stubs.o ABSOLUTE
    __arm_fini_                               - Undefined Weak Reference
    __cpp_initialize__aeabi_                  - Undefined Weak Reference
    __cxa_finalize                            - Undefined Weak Reference
    __decompress                              - Undefined Weak Reference
    _clock_init                               - Undefined Weak Reference
    _microlib_exit                            - Undefined Weak Reference
    __Vectors_Size                           0x000000ec   Number         0  startup_stm32f103xb.o ABSOLUTE
    __Vectors                                0x08000000   Data           4  startup_stm32f103xb.o(RESET)
    __Vectors_End                            0x080000ec   Data           0  startup_stm32f103xb.o(RESET)
    __main                                   0x080000ed   Thumb Code     0  entry.o(.ARM.Collect$$$$00000000)
    _main_stk                                0x080000ed   Thumb Code     0  entry2.o(.ARM.Collect$$$$00000001)
    _main_scatterload                        0x080000f1   Thumb Code     0  entry5.o(.ARM.Collect$$$$00000004)
    __main_after_scatterload                 0x080000f5   Thumb Code     0  entry5.o(.ARM.Collect$$$$00000004)
    _main_clock                              0x080000f5   Thumb Code     0  entry7b.o(.ARM.Collect$$$$00000008)
    _main_cpp_init                           0x080000f5   Thumb Code     0  entry8b.o(.ARM.Collect$$$$0000000A)
    _main_init                               0x080000f5   Thumb Code     0  entry9a.o(.ARM.Collect$$$$0000000B)
    __rt_lib_shutdown_fini                   0x080000fd   Thumb Code     0  entry12b.o(.ARM.Collect$$$$0000000E)
    __rt_final_cpp                           0x08000101   Thumb Code     0  entry10a.o(.ARM.Collect$$$$0000000F)
    __rt_final_exit                          0x08000101   Thumb Code     0  entry11a.o(.ARM.Collect$$$$00000011)
    Reset_Handler                            0x08000105   Thumb Code     8  startup_stm32f103xb.o(.text)
    ADC1_2_IRQHandler                        0x0800011f   Thumb Code     0  startup_stm32f103xb.o(.text)
    CAN1_RX1_IRQHandler                      0x0800011f   Thumb Code     0  startup_stm32f103xb.o(.text)
    CAN1_SCE_IRQHandler                      0x0800011f   Thumb Code     0  startup_stm32f103xb.o(.text)
    DMA1_Channel1_IRQHandler                 0x0800011f   Thumb Code     0  startup_stm32f103xb.o(.text)
    DMA1_Channel2_IRQHandler                 0x0800011f   Thumb Code     0  startup_stm32f103xb.o(.text)
    DMA1_Channel3_IRQHandler                 0x0800011f   Thumb Code     0  startup_stm32f103xb.o(.text)
    DMA1_Channel4_IRQHandler                 0x0800011f   Thumb Code     0  startup_stm32f103xb.o(.text)
    DMA1_Channel6_IRQHandler                 0x0800011f   Thumb Code     0  startup_stm32f103xb.o(.text)
    DMA1_Channel7_IRQHandler                 0x0800011f   Thumb Code     0  startup_stm32f103xb.o(.text)
    EXTI0_IRQHandler                         0x0800011f   Thumb Code     0  startup_stm32f103xb.o(.text)
    EXTI3_IRQHandler                         0x0800011f   Thumb Code     0  startup_stm32f103xb.o(.text)
    EXTI4_IRQHandler                         0x0800011f   Thumb Code     0  startup_stm32f103xb.o(.text)
    FLASH_IRQHandler                         0x0800011f   Thumb Code     0  startup_stm32f103xb.o(.text)
    I2C1_ER_IRQHandler                       0x0800011f   Thumb Code     0  startup_stm32f103xb.o(.text)
    I2C1_EV_IRQHandler                       0x0800011f   Thumb Code     0  startup_stm32f103xb.o(.text)
    I2C2_ER_IRQHandler                       0x0800011f   Thumb Code     0  startup_stm32f103xb.o(.text)
    I2C2_EV_IRQHandler                       0x0800011f   Thumb Code     0  startup_stm32f103xb.o(.text)
    PVD_IRQHandler                           0x0800011f   Thumb Code     0  startup_stm32f103xb.o(.text)
    RCC_IRQHandler                           0x0800011f   Thumb Code     0  startup_stm32f103xb.o(.text)
    RTC_Alarm_IRQHandler                     0x0800011f   Thumb Code     0  startup_stm32f103xb.o(.text)
    RTC_IRQHandler                           0x0800011f   Thumb Code     0  startup_stm32f103xb.o(.text)
    SPI2_IRQHandler                          0x0800011f   Thumb Code     0  startup_stm32f103xb.o(.text)
    TAMPER_IRQHandler                        0x0800011f   Thumb Code     0  startup_stm32f103xb.o(.text)
    TIM1_BRK_IRQHandler                      0x0800011f   Thumb Code     0  startup_stm32f103xb.o(.text)
    TIM1_CC_IRQHandler                       0x0800011f   Thumb Code     0  startup_stm32f103xb.o(.text)
    TIM1_TRG_COM_IRQHandler                  0x0800011f   Thumb Code     0  startup_stm32f103xb.o(.text)
    TIM1_UP_IRQHandler                       0x0800011f   Thumb Code     0  startup_stm32f103xb.o(.text)
    TIM2_IRQHandler                          0x0800011f   Thumb Code     0  startup_stm32f103xb.o(.text)
    TIM3_IRQHandler                          0x0800011f   Thumb Code     0  startup_stm32f103xb.o(.text)
    USART2_IRQHandler                        0x0800011f   Thumb Code     0  startup_stm32f103xb.o(.text)
    USART3_IRQHandler                        0x0800011f   Thumb Code     0  startup_stm32f103xb.o(.text)
    USBWakeUp_IRQHandler                     0x0800011f   Thumb Code     0  startup_stm32f103xb.o(.text)
    USB_HP_CAN1_TX_IRQHandler                0x0800011f   Thumb Code     0  startup_stm32f103xb.o(.text)
    USB_LP_CAN1_RX0_IRQHandler               0x0800011f   Thumb Code     0  startup_stm32f103xb.o(.text)
    WWDG_IRQHandler                          0x0800011f   Thumb Code     0  startup_stm32f103xb.o(.text)
    __aeabi_memset                           0x08000129   Thumb Code    14  memseta.o(.text)
    __aeabi_memset4                          0x08000129   Thumb Code     0  memseta.o(.text)
    __aeabi_memset8                          0x08000129   Thumb Code     0  memseta.o(.text)
    __aeabi_memclr                           0x08000137   Thumb Code     4  memseta.o(.text)
    __aeabi_memclr4                          0x08000137   Thumb Code     0  memseta.o(.text)
    __aeabi_memclr8                          0x08000137   Thumb Code     0  memseta.o(.text)
    _memset$wrapper                          0x0800013b   Thumb Code    18  memseta.o(.text)
    __aeabi_fadd                             0x0800014d   Thumb Code   164  fadd.o(.text)
    __aeabi_fsub                             0x080001f1   Thumb Code     6  fadd.o(.text)
    __aeabi_frsub                            0x080001f7   Thumb Code     6  fadd.o(.text)
    __aeabi_fmul                             0x080001fd   Thumb Code   100  fmul.o(.text)
    __aeabi_i2f                              0x08000261   Thumb Code    18  fflti.o(.text)
    __aeabi_f2iz                             0x08000273   Thumb Code    50  ffixi.o(.text)
    __aeabi_f2uiz                            0x080002a5   Thumb Code    40  ffixui.o(.text)
    __aeabi_cfcmpeq                          0x080002cd   Thumb Code     0  cfcmple.o(.text)
    __aeabi_cfcmple                          0x080002cd   Thumb Code    20  cfcmple.o(.text)
    __aeabi_cfrcmple                         0x080002e1   Thumb Code    20  cfrcmple.o(.text)
    __I$use$fp                               0x080002f5   Thumb Code     0  iusefp.o(.text)
    _float_round                             0x080002f5   Thumb Code    18  fepilogue.o(.text)
    _float_epilogue                          0x08000307   Thumb Code    92  fepilogue.o(.text)
    __scatterload                            0x08000365   Thumb Code    28  init.o(.text)
    __scatterload_rt2                        0x08000365   Thumb Code     0  init.o(.text)
    ABS_motor                                0x08000389   Thumb Code    36  motor.o(i.ABS_motor)
    BusFault_Handler                         0x080003b1   Thumb Code     4  stm32f1xx_it.o(i.BusFault_Handler)
    DMA1_Channel5_IRQHandler                 0x080003b5   Thumb Code    10  stm32f1xx_it.o(i.DMA1_Channel5_IRQHandler)
    DebugMon_Handler                         0x080003f1   Thumb Code     2  stm32f1xx_it.o(i.DebugMon_Handler)
    EXTI15_10_IRQHandler                     0x080003f3   Thumb Code    20  stm32f1xx_it.o(i.EXTI15_10_IRQHandler)
    EXTI1_IRQHandler                         0x08000407   Thumb Code    10  stm32f1xx_it.o(i.EXTI1_IRQHandler)
    EXTI2_IRQHandler                         0x08000411   Thumb Code    10  stm32f1xx_it.o(i.EXTI2_IRQHandler)
    EXTI9_5_IRQHandler                       0x0800041b   Thumb Code    10  stm32f1xx_it.o(i.EXTI9_5_IRQHandler)
    Error_Handler                            0x08000425   Thumb Code     6  main.o(i.Error_Handler)
    HAL_DMA_Abort                            0x0800042b   Thumb Code    86  stm32f1xx_hal_dma.o(i.HAL_DMA_Abort)
    HAL_DMA_Abort_IT                         0x08000481   Thumb Code   172  stm32f1xx_hal_dma.o(i.HAL_DMA_Abort_IT)
    HAL_DMA_IRQHandler                       0x08000531   Thumb Code   408  stm32f1xx_hal_dma.o(i.HAL_DMA_IRQHandler)
    HAL_DMA_Init                             0x080006cd   Thumb Code   100  stm32f1xx_hal_dma.o(i.HAL_DMA_Init)
    HAL_DMA_Start_IT                         0x08000735   Thumb Code   156  stm32f1xx_hal_dma.o(i.HAL_DMA_Start_IT)
    HAL_Delay                                0x080007d1   Thumb Code    36  stm32f1xx_hal.o(i.HAL_Delay)
    HAL_GPIO_EXTI_Callback                   0x080007f9   Thumb Code   106  control.o(i.HAL_GPIO_EXTI_Callback)
    HAL_GPIO_EXTI_IRQHandler                 0x08000875   Thumb Code    24  stm32f1xx_hal_gpio.o(i.HAL_GPIO_EXTI_IRQHandler)
    HAL_GPIO_Init                            0x08000891   Thumb Code   766  stm32f1xx_hal_gpio.o(i.HAL_GPIO_Init)
    HAL_GPIO_ReadPin                         0x08000bb1   Thumb Code    16  stm32f1xx_hal_gpio.o(i.HAL_GPIO_ReadPin)
    HAL_GPIO_WritePin                        0x08000bc1   Thumb Code    12  stm32f1xx_hal_gpio.o(i.HAL_GPIO_WritePin)
    HAL_GetTick                              0x08000bcd   Thumb Code     6  stm32f1xx_hal.o(i.HAL_GetTick)
    HAL_IncTick                              0x08000bd9   Thumb Code    16  stm32f1xx_hal.o(i.HAL_IncTick)
    HAL_Init                                 0x08000bf1   Thumb Code    34  stm32f1xx_hal.o(i.HAL_Init)
    HAL_InitTick                             0x08000c19   Thumb Code    64  stm32f1xx_hal.o(i.HAL_InitTick)
    HAL_MspInit                              0x08000c65   Thumb Code    58  stm32f1xx_hal_msp.o(i.HAL_MspInit)
    HAL_NVIC_EnableIRQ                       0x08000ca5   Thumb Code    32  stm32f1xx_hal_cortex.o(i.HAL_NVIC_EnableIRQ)
    HAL_NVIC_SetPriority                     0x08000cc5   Thumb Code   124  stm32f1xx_hal_cortex.o(i.HAL_NVIC_SetPriority)
    HAL_NVIC_SetPriorityGrouping             0x08000d41   Thumb Code    32  stm32f1xx_hal_cortex.o(i.HAL_NVIC_SetPriorityGrouping)
    HAL_RCC_ClockConfig                      0x08000d69   Thumb Code   376  stm32f1xx_hal_rcc.o(i.HAL_RCC_ClockConfig)
    HAL_RCC_GetHCLKFreq                      0x08000ef5   Thumb Code     6  stm32f1xx_hal_rcc.o(i.HAL_RCC_GetHCLKFreq)
    HAL_RCC_GetPCLK1Freq                     0x08000f01   Thumb Code    22  stm32f1xx_hal_rcc.o(i.HAL_RCC_GetPCLK1Freq)
    HAL_RCC_GetPCLK2Freq                     0x08000f21   Thumb Code    22  stm32f1xx_hal_rcc.o(i.HAL_RCC_GetPCLK2Freq)
    HAL_RCC_GetSysClockFreq                  0x08000f41   Thumb Code   116  stm32f1xx_hal_rcc.o(i.HAL_RCC_GetSysClockFreq)
    HAL_RCC_OscConfig                        0x08000fd5   Thumb Code  1114  stm32f1xx_hal_rcc.o(i.HAL_RCC_OscConfig)
    HAL_SPI_ErrorCallback                    0x08001439   Thumb Code     2  stm32f1xx_hal_spi.o(i.HAL_SPI_ErrorCallback)
    HAL_SPI_IRQHandler                       0x0800143d   Thumb Code   304  stm32f1xx_hal_spi.o(i.HAL_SPI_IRQHandler)
    HAL_SPI_Init                             0x08001571   Thumb Code   190  stm32f1xx_hal_spi.o(i.HAL_SPI_Init)
    HAL_SPI_MspInit                          0x08001631   Thumb Code   136  spi.o(i.HAL_SPI_MspInit)
    HAL_SYSTICK_Config                       0x080016c5   Thumb Code    52  stm32f1xx_hal_cortex.o(i.HAL_SYSTICK_Config)
    HAL_TIMEx_BreakCallback                  0x080016f9   Thumb Code     2  stm32f1xx_hal_tim_ex.o(i.HAL_TIMEx_BreakCallback)
    HAL_TIMEx_CommutCallback                 0x080016fb   Thumb Code     2  stm32f1xx_hal_tim_ex.o(i.HAL_TIMEx_CommutCallback)
    HAL_TIMEx_ConfigBreakDeadTime            0x080016fd   Thumb Code   116  stm32f1xx_hal_tim_ex.o(i.HAL_TIMEx_ConfigBreakDeadTime)
    HAL_TIMEx_MasterConfigSynchronization    0x08001771   Thumb Code   118  stm32f1xx_hal_tim_ex.o(i.HAL_TIMEx_MasterConfigSynchronization)
    HAL_TIM_Base_Init                        0x080017f5   Thumb Code   102  stm32f1xx_hal_tim.o(i.HAL_TIM_Base_Init)
    HAL_TIM_Base_MspInit                     0x0800185d   Thumb Code   166  tim.o(i.HAL_TIM_Base_MspInit)
    HAL_TIM_Base_Start_IT                    0x08001915   Thumb Code   106  stm32f1xx_hal_tim.o(i.HAL_TIM_Base_Start_IT)
    HAL_TIM_ConfigClockSource                0x0800198d   Thumb Code   264  stm32f1xx_hal_tim.o(i.HAL_TIM_ConfigClockSource)
    HAL_TIM_IC_CaptureCallback               0x08001a95   Thumb Code     2  stm32f1xx_hal_tim.o(i.HAL_TIM_IC_CaptureCallback)
    HAL_TIM_IRQHandler                       0x08001a97   Thumb Code   406  stm32f1xx_hal_tim.o(i.HAL_TIM_IRQHandler)
    HAL_TIM_MspPostInit                      0x08001c2d   Thumb Code   210  tim.o(i.HAL_TIM_MspPostInit)
    HAL_TIM_OC_DelayElapsedCallback          0x08001d19   Thumb Code     2  stm32f1xx_hal_tim.o(i.HAL_TIM_OC_DelayElapsedCallback)
    HAL_TIM_PWM_ConfigChannel                0x08001d1b   Thumb Code   252  stm32f1xx_hal_tim.o(i.HAL_TIM_PWM_ConfigChannel)
    HAL_TIM_PWM_Init                         0x08001e17   Thumb Code   102  stm32f1xx_hal_tim.o(i.HAL_TIM_PWM_Init)
    HAL_TIM_PWM_MspInit                      0x08001e7d   Thumb Code     2  stm32f1xx_hal_tim.o(i.HAL_TIM_PWM_MspInit)
    HAL_TIM_PWM_PulseFinishedCallback        0x08001e7f   Thumb Code     2  stm32f1xx_hal_tim.o(i.HAL_TIM_PWM_PulseFinishedCallback)
    HAL_TIM_PWM_Start                        0x08001e81   Thumb Code   198  stm32f1xx_hal_tim.o(i.HAL_TIM_PWM_Start)
    HAL_TIM_PeriodElapsedCallback            0x08001f55   Thumb Code    90  stm32f1xx_it.o(i.HAL_TIM_PeriodElapsedCallback)
    HAL_TIM_TriggerCallback                  0x08001fc9   Thumb Code     2  stm32f1xx_hal_tim.o(i.HAL_TIM_TriggerCallback)
    HAL_UARTEx_RxEventCallback               0x08001fcb   Thumb Code     2  stm32f1xx_hal_uart.o(i.HAL_UARTEx_RxEventCallback)
    HAL_UART_DMAStop                         0x08001fcd   Thumb Code   102  stm32f1xx_hal_uart.o(i.HAL_UART_DMAStop)
    HAL_UART_ErrorCallback                   0x08002033   Thumb Code     2  stm32f1xx_hal_uart.o(i.HAL_UART_ErrorCallback)
    HAL_UART_IRQHandler                      0x08002035   Thumb Code   582  stm32f1xx_hal_uart.o(i.HAL_UART_IRQHandler)
    HAL_UART_Init                            0x08002281   Thumb Code   114  stm32f1xx_hal_uart.o(i.HAL_UART_Init)
    HAL_UART_MspInit                         0x080022f5   Thumb Code   282  usart.o(i.HAL_UART_MspInit)
    HAL_UART_Receive_DMA                     0x0800242d   Thumb Code    66  stm32f1xx_hal_uart.o(i.HAL_UART_Receive_DMA)
    HAL_UART_RxCpltCallback                  0x0800246f   Thumb Code     2  stm32f1xx_hal_uart.o(i.HAL_UART_RxCpltCallback)
    HAL_UART_RxHalfCpltCallback              0x08002471   Thumb Code     2  stm32f1xx_hal_uart.o(i.HAL_UART_RxHalfCpltCallback)
    HAL_UART_TxCpltCallback                  0x08002473   Thumb Code     2  stm32f1xx_hal_uart.o(i.HAL_UART_TxCpltCallback)
    HardFault_Handler                        0x08002475   Thumb Code     4  stm32f1xx_it.o(i.HardFault_Handler)
    MOTOR_PI                                 0x08002479   Thumb Code    82  pid.o(i.MOTOR_PI)
    MOTOR_PI_t                               0x080024e1   Thumb Code    68  pid.o(i.MOTOR_PI_t)
    MX_DMA_Init                              0x08002525   Thumb Code    48  dma.o(i.MX_DMA_Init)
    MX_GPIO_Init                             0x08002559   Thumb Code   422  gpio.o(i.MX_GPIO_Init)
    MX_SPI1_Init                             0x0800272d   Thumb Code    60  spi.o(i.MX_SPI1_Init)
    MX_TIM1_Init                             0x08002771   Thumb Code   224  tim.o(i.MX_TIM1_Init)
    MX_TIM2_Init                             0x08002859   Thumb Code   206  tim.o(i.MX_TIM2_Init)
    MX_TIM3_Init                             0x0800292d   Thumb Code   158  tim.o(i.MX_TIM3_Init)
    MX_TIM4_Init                             0x080029d5   Thumb Code   100  tim.o(i.MX_TIM4_Init)
    MX_USART1_UART_Init                      0x08002a41   Thumb Code    72  usart.o(i.MX_USART1_UART_Init)
    MX_USART3_UART_Init                      0x08002a95   Thumb Code    46  usart.o(i.MX_USART3_UART_Init)
    MemManage_Handler                        0x08002acd   Thumb Code     4  stm32f1xx_it.o(i.MemManage_Handler)
    NMI_Handler                              0x08002ad1   Thumb Code     4  stm32f1xx_it.o(i.NMI_Handler)
    OLED_Clear                               0x08002ad5   Thumb Code    42  oled.o(i.OLED_Clear)
    OLED_I2C_Init                            0x08002b01   Thumb Code    24  oled.o(i.OLED_I2C_Init)
    OLED_I2C_SendByte                        0x08002b1d   Thumb Code    80  oled.o(i.OLED_I2C_SendByte)
    OLED_I2C_Start                           0x08002b71   Thumb Code    48  oled.o(i.OLED_I2C_Start)
    OLED_I2C_Stop                            0x08002ba5   Thumb Code    36  oled.o(i.OLED_I2C_Stop)
    OLED_Init                                0x08002bcd   Thumb Code   174  oled.o(i.OLED_Init)
    OLED_Pow                                 0x08002c7b   Thumb Code    20  oled.o(i.OLED_Pow)
    OLED_SetCursor                           0x08002c8f   Thumb Code    34  oled.o(i.OLED_SetCursor)
    OLED_ShowChar                            0x08002cb1   Thumb Code   110  oled.o(i.OLED_ShowChar)
    OLED_ShowNum                             0x08002d25   Thumb Code    68  oled.o(i.OLED_ShowNum)
    OLED_ShowString                          0x08002d69   Thumb Code    40  oled.o(i.OLED_ShowString)
    OLED_WriteCommand                        0x08002d91   Thumb Code    32  oled.o(i.OLED_WriteCommand)
    OLED_WriteData                           0x08002db1   Thumb Code    32  oled.o(i.OLED_WriteData)
    PROCESS_MOTOR                            0x08002dd1   Thumb Code   530  control.o(i.PROCESS_MOTOR)
    PendSV_Handler                           0x08003029   Thumb Code     2  stm32f1xx_it.o(i.PendSV_Handler)
    SERVO_PD                                 0x08003055   Thumb Code    80  pid.o(i.SERVO_PD)
    SPI1_IRQHandler                          0x08003115   Thumb Code    10  stm32f1xx_it.o(i.SPI1_IRQHandler)
    SVC_Handler                              0x08003139   Thumb Code     2  stm32f1xx_it.o(i.SVC_Handler)
    SysTick_Handler                          0x0800313b   Thumb Code     8  stm32f1xx_it.o(i.SysTick_Handler)
    SystemClock_Config                       0x08003143   Thumb Code   102  main.o(i.SystemClock_Config)
    SystemInit                               0x080031a9   Thumb Code     2  system_stm32f1xx.o(i.SystemInit)
    TIM4_IRQHandler                          0x080031ad   Thumb Code    10  stm32f1xx_it.o(i.TIM4_IRQHandler)
    TIM_Base_SetConfig                       0x080031bd   Thumb Code   104  stm32f1xx_hal_tim.o(i.TIM_Base_SetConfig)
    TIM_CCxChannelCmd                        0x08003231   Thumb Code    34  stm32f1xx_hal_tim.o(i.TIM_CCxChannelCmd)
    TIM_ETR_SetConfig                        0x08003253   Thumb Code    22  stm32f1xx_hal_tim.o(i.TIM_ETR_SetConfig)
    TIM_OC2_SetConfig                        0x080032dd   Thumb Code   100  stm32f1xx_hal_tim.o(i.TIM_OC2_SetConfig)
    UART_Start_Receive_DMA                   0x08003779   Thumb Code   138  stm32f1xx_hal_uart.o(i.UART_Start_Receive_DMA)
    USART1_IRQHandler                        0x08003871   Thumb Code    16  stm32f1xx_it.o(i.USART1_IRQHandler)
    USER_UART_IRQHandler                     0x08003885   Thumb Code   108  usart.o(i.USER_UART_IRQHandler)
    UsageFault_Handler                       0x08003905   Thumb Code     4  stm32f1xx_it.o(i.UsageFault_Handler)
    __scatterload_copy                       0x08003941   Thumb Code    14  handlers.o(i.__scatterload_copy)
    __scatterload_null                       0x0800394f   Thumb Code     2  handlers.o(i.__scatterload_null)
    __scatterload_zeroinit                   0x08003951   Thumb Code    14  handlers.o(i.__scatterload_zeroinit)
    click_M                                  0x08003961   Thumb Code    52  control.o(i.click_M)
    click_STAR                               0x0800399d   Thumb Code    48  control.o(i.click_STAR)
    key_proce                                0x080039d5   Thumb Code   102  control.o(i.key_proce)
    main                                     0x08003a4d   Thumb Code   268  main.o(i.main)
    mode_trans                               0x08003b99   Thumb Code   102  control.o(i.mode_trans)
    oled_display_speedlevel                  0x08003c15   Thumb Code   112  control.o(i.oled_display_speedlevel)
    set_motor_output                         0x08003cb1   Thumb Code    26  motor.o(i.set_motor_output)
    set_zhuanwan_output                      0x08003cd5   Thumb Code    10  motor.o(i.set_zhuanwan_output)
    start_motor                              0x08003ce5   Thumb Code    14  motor.o(i.start_motor)
    stop_motor                               0x08003cfd   Thumb Code    36  motor.o(i.stop_motor)
    AHBPrescTable                            0x08003d2c   Data          16  system_stm32f1xx.o(.constdata)
    APBPrescTable                            0x08003d3c   Data           8  system_stm32f1xx.o(.constdata)
    OLED_F8x16                               0x08003d44   Data        1520  oled.o(.constdata)
    Region$$Table$$Base                      0x08004334   Number         0  anon$$obj.o(Region$$Table)
    Region$$Table$$Limit                     0x08004354   Number         0  anon$$obj.o(Region$$Table)
    servo_sum                                0x20000000   Data           4  main.o(.data)
    tim4_flag                                0x20000004   Data           1  main.o(.data)
    txbuff                                   0x20000005   Data          32  main.o(.data)
    usart1_flag                              0x20000025   Data           1  usart.o(.data)
    uwTick                                   0x20000028   Data           4  stm32f1xx_hal.o(.data)
    uwTickPrio                               0x2000002c   Data           4  stm32f1xx_hal.o(.data)
    uwTickFreq                               0x20000030   Data           1  stm32f1xx_hal.o(.data)
    SystemCoreClock                          0x20000034   Data           4  system_stm32f1xx.o(.data)
    servo_pid                                0x20000038   Data          24  pid.o(.data)
    motor_pid                                0x20000050   Data          24  pid.o(.data)
    rho_error                                0x20000068   Data           4  pid.o(.data)
    rho_last_error                           0x2000006c   Data           4  pid.o(.data)
    rho_error_sum                            0x20000070   Data           8  pid.o(.data)
    theta_error                              0x20000078   Data           4  pid.o(.data)
    theta_last_error                         0x2000007c   Data           4  pid.o(.data)
    theta_error_sum                          0x20000080   Data           8  pid.o(.data)
    motor_out                                0x20000088   Data           4  pid.o(.data)
    set_pwm                                  0x2000008c   Data           4  control.o(.data)
    mode_flag                                0x20000090   Data           1  control.o(.data)
    start_flag                               0x20000091   Data           1  control.o(.data)
    stop_flag                                0x20000092   Data           1  control.o(.data)
    exit_scanl                               0x20000093   Data           1  control.o(.data)
    exit_scanr                               0x20000094   Data           1  control.o(.data)
    mid_scan1_flag                           0x20000095   Data           1  control.o(.data)
    mid_scan2_flag                           0x20000096   Data           1  control.o(.data)
    process_flag                             0x20000097   Data           1  control.o(.data)
    stop_5s_flag                             0x20000098   Data           1  control.o(.data)
    stop_5s_flag_u                           0x20000099   Data           1  control.o(.data)
    key_count                                0x2000009a   Data           1  control.o(.data)
    openmv_flag                              0x2000009b   Data           1  control.o(.data)
    hspi1                                    0x200000a0   Data          88  spi.o(.bss)
    htim1                                    0x200000f8   Data          72  tim.o(.bss)
    htim2                                    0x20000140   Data          72  tim.o(.bss)
    htim3                                    0x20000188   Data          72  tim.o(.bss)
    htim4                                    0x200001d0   Data          72  tim.o(.bss)
    USART1_BUF                               0x20000218   Data          20  usart.o(.bss)
    huart1                                   0x2000022c   Data          68  usart.o(.bss)
    huart3                                   0x20000270   Data          68  usart.o(.bss)
    hdma_usart1_rx                           0x200002b4   Data          68  usart.o(.bss)
    __initial_sp                             0x200006f8   Data           0  startup_stm32f103xb.o(STACK)



==============================================================================

Memory Map of the image

  Image Entry point : 0x080000ed

  Load Region LR_IROM1 (Base: 0x08000000, Size: 0x000043f4, Max: 0x00010000, ABSOLUTE)

    Execution Region ER_IROM1 (Exec base: 0x08000000, Load base: 0x08000000, Size: 0x00004354, Max: 0x00010000, ABSOLUTE)

    Exec Addr    Load Addr    Size         Type   Attr      Idx    E Section Name        Object

    0x08000000   0x08000000   0x000000ec   Data   RO            3    RESET               startup_stm32f103xb.o
    0x080000ec   0x080000ec   0x00000000   Code   RO         3793  * .ARM.Collect$$$$00000000  mc_w.l(entry.o)
    0x080000ec   0x080000ec   0x00000004   Code   RO         4075    .ARM.Collect$$$$00000001  mc_w.l(entry2.o)
    0x080000f0   0x080000f0   0x00000004   Code   RO         4078    .ARM.Collect$$$$00000004  mc_w.l(entry5.o)
    0x080000f4   0x080000f4   0x00000000   Code   RO         4080    .ARM.Collect$$$$00000008  mc_w.l(entry7b.o)
    0x080000f4   0x080000f4   0x00000000   Code   RO         4082    .ARM.Collect$$$$0000000A  mc_w.l(entry8b.o)
    0x080000f4   0x080000f4   0x00000008   Code   RO         4083    .ARM.Collect$$$$0000000B  mc_w.l(entry9a.o)
    0x080000fc   0x080000fc   0x00000004   Code   RO         4090    .ARM.Collect$$$$0000000E  mc_w.l(entry12b.o)
    0x08000100   0x08000100   0x00000000   Code   RO         4085    .ARM.Collect$$$$0000000F  mc_w.l(entry10a.o)
    0x08000100   0x08000100   0x00000000   Code   RO         4087    .ARM.Collect$$$$00000011  mc_w.l(entry11a.o)
    0x08000100   0x08000100   0x00000004   Code   RO         4076    .ARM.Collect$$$$00002712  mc_w.l(entry2.o)
    0x08000104   0x08000104   0x00000024   Code   RO            4    .text               startup_stm32f103xb.o
    0x08000128   0x08000128   0x00000024   Code   RO         3798    .text               mc_w.l(memseta.o)
    0x0800014c   0x0800014c   0x000000b0   Code   RO         4061    .text               mf_w.l(fadd.o)
    0x080001fc   0x080001fc   0x00000064   Code   RO         4063    .text               mf_w.l(fmul.o)
    0x08000260   0x08000260   0x00000012   Code   RO         4065    .text               mf_w.l(fflti.o)
    0x08000272   0x08000272   0x00000032   Code   RO         4067    .text               mf_w.l(ffixi.o)
    0x080002a4   0x080002a4   0x00000028   Code   RO         4069    .text               mf_w.l(ffixui.o)
    0x080002cc   0x080002cc   0x00000014   Code   RO         4071    .text               mf_w.l(cfcmple.o)
    0x080002e0   0x080002e0   0x00000014   Code   RO         4073    .text               mf_w.l(cfrcmple.o)
    0x080002f4   0x080002f4   0x00000000   Code   RO         4096    .text               mc_w.l(iusefp.o)
    0x080002f4   0x080002f4   0x0000006e   Code   RO         4097    .text               mf_w.l(fepilogue.o)
    0x08000362   0x08000362   0x00000002   PAD
    0x08000364   0x08000364   0x00000024   Code   RO         4109    .text               mc_w.l(init.o)
    0x08000388   0x08000388   0x00000028   Code   RO         3447    i.ABS_motor         motor.o
    0x080003b0   0x080003b0   0x00000004   Code   RO          419    i.BusFault_Handler  stm32f1xx_it.o
    0x080003b4   0x080003b4   0x00000010   Code   RO          420    i.DMA1_Channel5_IRQHandler  stm32f1xx_it.o
    0x080003c4   0x080003c4   0x0000002c   Code   RO         1319    i.DMA_SetConfig     stm32f1xx_hal_dma.o
    0x080003f0   0x080003f0   0x00000002   Code   RO          421    i.DebugMon_Handler  stm32f1xx_it.o
    0x080003f2   0x080003f2   0x00000014   Code   RO          422    i.EXTI15_10_IRQHandler  stm32f1xx_it.o
    0x08000406   0x08000406   0x0000000a   Code   RO          423    i.EXTI1_IRQHandler  stm32f1xx_it.o
    0x08000410   0x08000410   0x0000000a   Code   RO          424    i.EXTI2_IRQHandler  stm32f1xx_it.o
    0x0800041a   0x0800041a   0x0000000a   Code   RO          425    i.EXTI9_5_IRQHandler  stm32f1xx_it.o
    0x08000424   0x08000424   0x00000006   Code   RO           13    i.Error_Handler     main.o
    0x0800042a   0x0800042a   0x00000056   Code   RO         1320    i.HAL_DMA_Abort     stm32f1xx_hal_dma.o
    0x08000480   0x08000480   0x000000b0   Code   RO         1321    i.HAL_DMA_Abort_IT  stm32f1xx_hal_dma.o
    0x08000530   0x08000530   0x0000019c   Code   RO         1325    i.HAL_DMA_IRQHandler  stm32f1xx_hal_dma.o
    0x080006cc   0x080006cc   0x00000068   Code   RO         1326    i.HAL_DMA_Init      stm32f1xx_hal_dma.o
    0x08000734   0x08000734   0x0000009c   Code   RO         1330    i.HAL_DMA_Start_IT  stm32f1xx_hal_dma.o
    0x080007d0   0x080007d0   0x00000028   Code   RO          943    i.HAL_Delay         stm32f1xx_hal.o
    0x080007f8   0x080007f8   0x0000007c   Code   RO         3377    i.HAL_GPIO_EXTI_Callback  control.o
    0x08000874   0x08000874   0x0000001c   Code   RO         1255    i.HAL_GPIO_EXTI_IRQHandler  stm32f1xx_hal_gpio.o
    0x08000890   0x08000890   0x00000320   Code   RO         1256    i.HAL_GPIO_Init     stm32f1xx_hal_gpio.o
    0x08000bb0   0x08000bb0   0x00000010   Code   RO         1258    i.HAL_GPIO_ReadPin  stm32f1xx_hal_gpio.o
    0x08000bc0   0x08000bc0   0x0000000c   Code   RO         1260    i.HAL_GPIO_WritePin  stm32f1xx_hal_gpio.o
    0x08000bcc   0x08000bcc   0x0000000c   Code   RO          947    i.HAL_GetTick       stm32f1xx_hal.o
    0x08000bd8   0x08000bd8   0x00000018   Code   RO          953    i.HAL_IncTick       stm32f1xx_hal.o
    0x08000bf0   0x08000bf0   0x00000028   Code   RO          954    i.HAL_Init          stm32f1xx_hal.o
    0x08000c18   0x08000c18   0x0000004c   Code   RO          955    i.HAL_InitTick      stm32f1xx_hal.o
    0x08000c64   0x08000c64   0x00000040   Code   RO          554    i.HAL_MspInit       stm32f1xx_hal_msp.o
    0x08000ca4   0x08000ca4   0x00000020   Code   RO         1416    i.HAL_NVIC_EnableIRQ  stm32f1xx_hal_cortex.o
    0x08000cc4   0x08000cc4   0x0000007c   Code   RO         1422    i.HAL_NVIC_SetPriority  stm32f1xx_hal_cortex.o
    0x08000d40   0x08000d40   0x00000028   Code   RO         1423    i.HAL_NVIC_SetPriorityGrouping  stm32f1xx_hal_cortex.o
    0x08000d68   0x08000d68   0x0000018c   Code   RO         1111    i.HAL_RCC_ClockConfig  stm32f1xx_hal_rcc.o
    0x08000ef4   0x08000ef4   0x0000000c   Code   RO         1116    i.HAL_RCC_GetHCLKFreq  stm32f1xx_hal_rcc.o
    0x08000f00   0x08000f00   0x00000020   Code   RO         1118    i.HAL_RCC_GetPCLK1Freq  stm32f1xx_hal_rcc.o
    0x08000f20   0x08000f20   0x00000020   Code   RO         1119    i.HAL_RCC_GetPCLK2Freq  stm32f1xx_hal_rcc.o
    0x08000f40   0x08000f40   0x00000094   Code   RO         1120    i.HAL_RCC_GetSysClockFreq  stm32f1xx_hal_rcc.o
    0x08000fd4   0x08000fd4   0x00000464   Code   RO         1123    i.HAL_RCC_OscConfig  stm32f1xx_hal_rcc.o
    0x08001438   0x08001438   0x00000002   Code   RO          621    i.HAL_SPI_ErrorCallback  stm32f1xx_hal_spi.o
    0x0800143a   0x0800143a   0x00000002   PAD
    0x0800143c   0x0800143c   0x00000134   Code   RO          624    i.HAL_SPI_IRQHandler  stm32f1xx_hal_spi.o
    0x08001570   0x08001570   0x000000be   Code   RO          625    i.HAL_SPI_Init      stm32f1xx_hal_spi.o
    0x0800162e   0x0800162e   0x00000002   PAD
    0x08001630   0x08001630   0x00000094   Code   RO          256    i.HAL_SPI_MspInit   spi.o
    0x080016c4   0x080016c4   0x00000034   Code   RO         1427    i.HAL_SYSTICK_Config  stm32f1xx_hal_cortex.o
    0x080016f8   0x080016f8   0x00000002   Code   RO         2659    i.HAL_TIMEx_BreakCallback  stm32f1xx_hal_tim_ex.o
    0x080016fa   0x080016fa   0x00000002   Code   RO         2660    i.HAL_TIMEx_CommutCallback  stm32f1xx_hal_tim_ex.o
    0x080016fc   0x080016fc   0x00000074   Code   RO         2662    i.HAL_TIMEx_ConfigBreakDeadTime  stm32f1xx_hal_tim_ex.o
    0x08001770   0x08001770   0x00000084   Code   RO         2678    i.HAL_TIMEx_MasterConfigSynchronization  stm32f1xx_hal_tim_ex.o
    0x080017f4   0x080017f4   0x00000066   Code   RO         1944    i.HAL_TIM_Base_Init  stm32f1xx_hal_tim.o
    0x0800185a   0x0800185a   0x00000002   PAD
    0x0800185c   0x0800185c   0x000000b8   Code   RO          298    i.HAL_TIM_Base_MspInit  tim.o
    0x08001914   0x08001914   0x00000078   Code   RO         1949    i.HAL_TIM_Base_Start_IT  stm32f1xx_hal_tim.o
    0x0800198c   0x0800198c   0x00000108   Code   RO         1953    i.HAL_TIM_ConfigClockSource  stm32f1xx_hal_tim.o
    0x08001a94   0x08001a94   0x00000002   Code   RO         1978    i.HAL_TIM_IC_CaptureCallback  stm32f1xx_hal_tim.o
    0x08001a96   0x08001a96   0x00000196   Code   RO         1992    i.HAL_TIM_IRQHandler  stm32f1xx_hal_tim.o
    0x08001c2c   0x08001c2c   0x000000ec   Code   RO          299    i.HAL_TIM_MspPostInit  tim.o
    0x08001d18   0x08001d18   0x00000002   Code   RO         1995    i.HAL_TIM_OC_DelayElapsedCallback  stm32f1xx_hal_tim.o
    0x08001d1a   0x08001d1a   0x000000fc   Code   RO         2016    i.HAL_TIM_PWM_ConfigChannel  stm32f1xx_hal_tim.o
    0x08001e16   0x08001e16   0x00000066   Code   RO         2019    i.HAL_TIM_PWM_Init  stm32f1xx_hal_tim.o
    0x08001e7c   0x08001e7c   0x00000002   Code   RO         2021    i.HAL_TIM_PWM_MspInit  stm32f1xx_hal_tim.o
    0x08001e7e   0x08001e7e   0x00000002   Code   RO         2022    i.HAL_TIM_PWM_PulseFinishedCallback  stm32f1xx_hal_tim.o
    0x08001e80   0x08001e80   0x000000d4   Code   RO         2024    i.HAL_TIM_PWM_Start  stm32f1xx_hal_tim.o
    0x08001f54   0x08001f54   0x00000074   Code   RO          426    i.HAL_TIM_PeriodElapsedCallback  stm32f1xx_it.o
    0x08001fc8   0x08001fc8   0x00000002   Code   RO         2035    i.HAL_TIM_TriggerCallback  stm32f1xx_hal_tim.o
    0x08001fca   0x08001fca   0x00000002   Code   RO         2937    i.HAL_UARTEx_RxEventCallback  stm32f1xx_hal_uart.o
    0x08001fcc   0x08001fcc   0x00000066   Code   RO         2949    i.HAL_UART_DMAStop  stm32f1xx_hal_uart.o
    0x08002032   0x08002032   0x00000002   Code   RO         2951    i.HAL_UART_ErrorCallback  stm32f1xx_hal_uart.o
    0x08002034   0x08002034   0x0000024c   Code   RO         2954    i.HAL_UART_IRQHandler  stm32f1xx_hal_uart.o
    0x08002280   0x08002280   0x00000072   Code   RO         2955    i.HAL_UART_Init     stm32f1xx_hal_uart.o
    0x080022f2   0x080022f2   0x00000002   PAD
    0x080022f4   0x080022f4   0x00000138   Code   RO          364    i.HAL_UART_MspInit  usart.o
    0x0800242c   0x0800242c   0x00000042   Code   RO         2959    i.HAL_UART_Receive_DMA  stm32f1xx_hal_uart.o
    0x0800246e   0x0800246e   0x00000002   Code   RO         2961    i.HAL_UART_RxCpltCallback  stm32f1xx_hal_uart.o
    0x08002470   0x08002470   0x00000002   Code   RO         2962    i.HAL_UART_RxHalfCpltCallback  stm32f1xx_hal_uart.o
    0x08002472   0x08002472   0x00000002   Code   RO         2966    i.HAL_UART_TxCpltCallback  stm32f1xx_hal_uart.o
    0x08002474   0x08002474   0x00000004   Code   RO          427    i.HardFault_Handler  stm32f1xx_it.o
    0x08002478   0x08002478   0x00000068   Code   RO         3330    i.MOTOR_PI          pid.o
    0x080024e0   0x080024e0   0x00000044   Code   RO         3331    i.MOTOR_PI_t        pid.o
    0x08002524   0x08002524   0x00000034   Code   RO          231    i.MX_DMA_Init       dma.o
    0x08002558   0x08002558   0x000001c0   Code   RO          207    i.MX_GPIO_Init      gpio.o
    0x08002718   0x08002718   0x00000014   Code   RO           14    i.MX_NVIC_Init      main.o
    0x0800272c   0x0800272c   0x00000044   Code   RO          257    i.MX_SPI1_Init      spi.o
    0x08002770   0x08002770   0x000000e8   Code   RO          300    i.MX_TIM1_Init      tim.o
    0x08002858   0x08002858   0x000000d4   Code   RO          301    i.MX_TIM2_Init      tim.o
    0x0800292c   0x0800292c   0x000000a8   Code   RO          302    i.MX_TIM3_Init      tim.o
    0x080029d4   0x080029d4   0x0000006c   Code   RO          303    i.MX_TIM4_Init      tim.o
    0x08002a40   0x08002a40   0x00000054   Code   RO          365    i.MX_USART1_UART_Init  usart.o
    0x08002a94   0x08002a94   0x00000038   Code   RO          366    i.MX_USART3_UART_Init  usart.o
    0x08002acc   0x08002acc   0x00000004   Code   RO          428    i.MemManage_Handler  stm32f1xx_it.o
    0x08002ad0   0x08002ad0   0x00000004   Code   RO          429    i.NMI_Handler       stm32f1xx_it.o
    0x08002ad4   0x08002ad4   0x0000002a   Code   RO         3589    i.OLED_Clear        oled.o
    0x08002afe   0x08002afe   0x00000002   PAD
    0x08002b00   0x08002b00   0x0000001c   Code   RO         3590    i.OLED_I2C_Init     oled.o
    0x08002b1c   0x08002b1c   0x00000054   Code   RO         3591    i.OLED_I2C_SendByte  oled.o
    0x08002b70   0x08002b70   0x00000034   Code   RO         3592    i.OLED_I2C_Start    oled.o
    0x08002ba4   0x08002ba4   0x00000028   Code   RO         3593    i.OLED_I2C_Stop     oled.o
    0x08002bcc   0x08002bcc   0x000000ae   Code   RO         3594    i.OLED_Init         oled.o
    0x08002c7a   0x08002c7a   0x00000014   Code   RO         3595    i.OLED_Pow          oled.o
    0x08002c8e   0x08002c8e   0x00000022   Code   RO         3596    i.OLED_SetCursor    oled.o
    0x08002cb0   0x08002cb0   0x00000074   Code   RO         3598    i.OLED_ShowChar     oled.o
    0x08002d24   0x08002d24   0x00000044   Code   RO         3600    i.OLED_ShowNum      oled.o
    0x08002d68   0x08002d68   0x00000028   Code   RO         3602    i.OLED_ShowString   oled.o
    0x08002d90   0x08002d90   0x00000020   Code   RO         3603    i.OLED_WriteCommand  oled.o
    0x08002db0   0x08002db0   0x00000020   Code   RO         3604    i.OLED_WriteData    oled.o
    0x08002dd0   0x08002dd0   0x00000258   Code   RO         3378    i.PROCESS_MOTOR     control.o
    0x08003028   0x08003028   0x00000002   Code   RO          430    i.PendSV_Handler    stm32f1xx_it.o
    0x0800302a   0x0800302a   0x00000002   PAD
    0x0800302c   0x0800302c   0x00000028   Code   RO         1124    i.RCC_Delay         stm32f1xx_hal_rcc.o
    0x08003054   0x08003054   0x00000068   Code   RO         3332    i.SERVO_PD          pid.o
    0x080030bc   0x080030bc   0x00000058   Code   RO         3333    i.SERVO_PD_t        pid.o
    0x08003114   0x08003114   0x00000010   Code   RO          431    i.SPI1_IRQHandler   stm32f1xx_it.o
    0x08003124   0x08003124   0x00000014   Code   RO          652    i.SPI_DMAAbortOnError  stm32f1xx_hal_spi.o
    0x08003138   0x08003138   0x00000002   Code   RO          432    i.SVC_Handler       stm32f1xx_it.o
    0x0800313a   0x0800313a   0x00000008   Code   RO          433    i.SysTick_Handler   stm32f1xx_it.o
    0x08003142   0x08003142   0x00000066   Code   RO           15    i.SystemClock_Config  main.o
    0x080031a8   0x080031a8   0x00000002   Code   RO         3294    i.SystemInit        system_stm32f1xx.o
    0x080031aa   0x080031aa   0x00000002   PAD
    0x080031ac   0x080031ac   0x00000010   Code   RO          434    i.TIM4_IRQHandler   stm32f1xx_it.o
    0x080031bc   0x080031bc   0x00000074   Code   RO         2037    i.TIM_Base_SetConfig  stm32f1xx_hal_tim.o
    0x08003230   0x08003230   0x00000022   Code   RO         2038    i.TIM_CCxChannelCmd  stm32f1xx_hal_tim.o
    0x08003252   0x08003252   0x00000016   Code   RO         2048    i.TIM_ETR_SetConfig  stm32f1xx_hal_tim.o
    0x08003268   0x08003268   0x00000012   Code   RO         2049    i.TIM_ITRx_SetConfig  stm32f1xx_hal_tim.o
    0x0800327a   0x0800327a   0x00000002   PAD
    0x0800327c   0x0800327c   0x00000060   Code   RO         2050    i.TIM_OC1_SetConfig  stm32f1xx_hal_tim.o
    0x080032dc   0x080032dc   0x00000068   Code   RO         2051    i.TIM_OC2_SetConfig  stm32f1xx_hal_tim.o
    0x08003344   0x08003344   0x00000068   Code   RO         2052    i.TIM_OC3_SetConfig  stm32f1xx_hal_tim.o
    0x080033ac   0x080033ac   0x00000048   Code   RO         2053    i.TIM_OC4_SetConfig  stm32f1xx_hal_tim.o
    0x080033f4   0x080033f4   0x00000026   Code   RO         2055    i.TIM_TI1_ConfigInputStage  stm32f1xx_hal_tim.o
    0x0800341a   0x0800341a   0x00000028   Code   RO         2057    i.TIM_TI2_ConfigInputStage  stm32f1xx_hal_tim.o
    0x08003442   0x08003442   0x00000014   Code   RO         2968    i.UART_DMAAbortOnError  stm32f1xx_hal_uart.o
    0x08003456   0x08003456   0x00000050   Code   RO         2969    i.UART_DMAError     stm32f1xx_hal_uart.o
    0x080034a6   0x080034a6   0x00000068   Code   RO         2970    i.UART_DMAReceiveCplt  stm32f1xx_hal_uart.o
    0x0800350e   0x0800350e   0x00000020   Code   RO         2972    i.UART_DMARxHalfCplt  stm32f1xx_hal_uart.o
    0x0800352e   0x0800352e   0x00000036   Code   RO         2978    i.UART_EndRxTransfer  stm32f1xx_hal_uart.o
    0x08003564   0x08003564   0x00000020   Code   RO         2979    i.UART_EndTransmit_IT  stm32f1xx_hal_uart.o
    0x08003584   0x08003584   0x00000014   Code   RO         2980    i.UART_EndTxTransfer  stm32f1xx_hal_uart.o
    0x08003598   0x08003598   0x000000e4   Code   RO         2981    i.UART_Receive_IT   stm32f1xx_hal_uart.o
    0x0800367c   0x0800367c   0x000000fc   Code   RO         2982    i.UART_SetConfig    stm32f1xx_hal_uart.o
    0x08003778   0x08003778   0x00000098   Code   RO         2983    i.UART_Start_Receive_DMA  stm32f1xx_hal_uart.o
    0x08003810   0x08003810   0x00000060   Code   RO         2985    i.UART_Transmit_IT  stm32f1xx_hal_uart.o
    0x08003870   0x08003870   0x00000014   Code   RO          435    i.USART1_IRQHandler  stm32f1xx_it.o
    0x08003884   0x08003884   0x00000080   Code   RO          367    i.USER_UART_IRQHandler  usart.o
    0x08003904   0x08003904   0x00000004   Code   RO          436    i.UsageFault_Handler  stm32f1xx_it.o
    0x08003908   0x08003908   0x00000010   Code   RO         1429    i.__NVIC_GetPriorityGrouping  stm32f1xx_hal_cortex.o
    0x08003918   0x08003918   0x00000028   Code   RO         1430    i.__NVIC_SetPriority  stm32f1xx_hal_cortex.o
    0x08003940   0x08003940   0x0000000e   Code   RO         4119    i.__scatterload_copy  mc_w.l(handlers.o)
    0x0800394e   0x0800394e   0x00000002   Code   RO         4120    i.__scatterload_null  mc_w.l(handlers.o)
    0x08003950   0x08003950   0x0000000e   Code   RO         4121    i.__scatterload_zeroinit  mc_w.l(handlers.o)
    0x0800395e   0x0800395e   0x00000002   PAD
    0x08003960   0x08003960   0x0000003c   Code   RO         3379    i.click_M           control.o
    0x0800399c   0x0800399c   0x00000038   Code   RO         3380    i.click_STAR        control.o
    0x080039d4   0x080039d4   0x00000078   Code   RO         3381    i.key_proce         control.o
    0x08003a4c   0x08003a4c   0x0000014c   Code   RO           17    i.main              main.o
    0x08003b98   0x08003b98   0x0000007c   Code   RO         3382    i.mode_trans        control.o
    0x08003c14   0x08003c14   0x0000009c   Code   RO         3383    i.oled_display_speedlevel  control.o
    0x08003cb0   0x08003cb0   0x00000024   Code   RO         3448    i.set_motor_output  motor.o
    0x08003cd4   0x08003cd4   0x00000010   Code   RO         3449    i.set_zhuanwan_output  motor.o
    0x08003ce4   0x08003ce4   0x00000018   Code   RO         3450    i.start_motor       motor.o
    0x08003cfc   0x08003cfc   0x00000030   Code   RO         3451    i.stop_motor        motor.o
    0x08003d2c   0x08003d2c   0x00000018   Data   RO         3295    .constdata          system_stm32f1xx.o
    0x08003d44   0x08003d44   0x000005f0   Data   RO         3605    .constdata          oled.o
    0x08004334   0x08004334   0x00000020   Data   RO         4117    Region$$Table       anon$$obj.o


    Execution Region RW_IRAM1 (Exec base: 0x20000000, Load base: 0x08004354, Size: 0x000006f8, Max: 0x00005000, ABSOLUTE)

    Exec Addr    Load Addr    Size         Type   Attr      Idx    E Section Name        Object

    0x20000000   0x08004354   0x00000025   Data   RW           18    .data               main.o
    0x20000025   0x08004379   0x00000001   Data   RW          369    .data               usart.o
    0x20000026   0x0800437a   0x00000002   Data   RW          437    .data               stm32f1xx_it.o
    0x20000028   0x0800437c   0x00000009   Data   RW          961    .data               stm32f1xx_hal.o
    0x20000031   0x08004385   0x00000003   PAD
    0x20000034   0x08004388   0x00000004   Data   RW         3296    .data               system_stm32f1xx.o
    0x20000038   0x0800438c   0x00000054   Data   RW         3334    .data               pid.o
    0x2000008c   0x080043e0   0x00000014   Data   RW         3384    .data               control.o
    0x200000a0        -       0x00000058   Zero   RW          258    .bss                spi.o
    0x200000f8        -       0x00000120   Zero   RW          304    .bss                tim.o
    0x20000218        -       0x000000e0   Zero   RW          368    .bss                usart.o
    0x200002f8        -       0x00000400   Zero   RW            1    STACK               startup_stm32f103xb.o


==============================================================================

Image component sizes


      Code (inc. data)   RO Data    RW Data    ZI Data      Debug   Object Name

      1240        188          0         20          0       4703   control.o
        52          4          0          0          0        746   dma.o
       448         26          0          0          0       1115   gpio.o
       460         64          0         37          0     434649   main.o
       164         42          0          0          0       2484   motor.o
       762         22       1520          0          0       7781   oled.o
       364         56          0         84          0       3935   pid.o
       216         20          0          0         88       1649   spi.o
        36          8        236          0       1024        804   startup_stm32f103xb.o
       192         36          0          9          0       5905   stm32f1xx_hal.o
       304         22          0          0          0      29431   stm32f1xx_hal_cortex.o
       978         12          0          0          0       4874   stm32f1xx_hal_dma.o
       856         38          0          0          0       3926   stm32f1xx_hal_gpio.o
        64          6          0          0          0        834   stm32f1xx_hal_msp.o
      1784        110          0          0          0       6020   stm32f1xx_hal_rcc.o
       520          4          0          0          0       3216   stm32f1xx_hal_spi.o
      2112         60          0          0          0      15568   stm32f1xx_hal_tim.o
       252         14          0          0          0       3201   stm32f1xx_hal_tim_ex.o
      1950         24          0          0          0      13657   stm32f1xx_hal_uart.o
       268         48          0          2          0       8770   stm32f1xx_it.o
         2          0         24          4          0       1127   system_stm32f1xx.o
      1140         76          0          0        288       4799   tim.o
       580         72          0          1        224       3256   usart.o

    ----------------------------------------------------------------------
     14760        952       1812        160       1624     562450   Object Totals
         0          0         32          0          0          0   (incl. Generated)
        16          0          0          3          0          0   (incl. Padding)

    ----------------------------------------------------------------------

      Code (inc. data)   RO Data    RW Data    ZI Data      Debug   Library Member Name

         0          0          0          0          0          0   entry.o
         0          0          0          0          0          0   entry10a.o
         0          0          0          0          0          0   entry11a.o
         4          0          0          0          0          0   entry12b.o
         8          4          0          0          0          0   entry2.o
         4          0          0          0          0          0   entry5.o
         0          0          0          0          0          0   entry7b.o
         0          0          0          0          0          0   entry8b.o
         8          4          0          0          0          0   entry9a.o
        30          0          0          0          0          0   handlers.o
        36          8          0          0          0         68   init.o
         0          0          0          0          0          0   iusefp.o
        36          0          0          0          0        108   memseta.o
        20          0          0          0          0         68   cfcmple.o
        20          0          0          0          0         68   cfrcmple.o
       176          0          0          0          0        140   fadd.o
       110          0          0          0          0        168   fepilogue.o
        50          0          0          0          0         68   ffixi.o
        40          0          0          0          0         68   ffixui.o
        18          0          0          0          0         68   fflti.o
       100          0          0          0          0         76   fmul.o

    ----------------------------------------------------------------------
       664         16          0          0          0        900   Library Totals
         4          0          0          0          0          0   (incl. Padding)

    ----------------------------------------------------------------------

      Code (inc. data)   RO Data    RW Data    ZI Data      Debug   Library Name

       126         16          0          0          0        176   mc_w.l
       534          0          0          0          0        724   mf_w.l

    ----------------------------------------------------------------------
       664         16          0          0          0        900   Library Totals

    ----------------------------------------------------------------------

==============================================================================


      Code (inc. data)   RO Data    RW Data    ZI Data      Debug   

     15424        968       1812        160       1624     555910   Grand Totals
     15424        968       1812        160       1624     555910   ELF Image Totals
     15424        968       1812        160          0          0   ROM Totals

==============================================================================

    Total RO  Size (Code + RO Data)                17236 (  16.83kB)
    Total RW  Size (RW Data + ZI Data)              1784 (   1.74kB)
    Total ROM Size (Code + RO Data + RW Data)      17396 (  16.99kB)

==============================================================================

